Archive member included to satisfy reference by file (symbol)

/Applications/ArmGNUToolchain/15.2.rel1/arm-none-eabi/bin/../lib/gcc/arm-none-eabi/15.2.1/../../../../arm-none-eabi/lib/thumb/v7e-m+fp/hard/libc_nano.a(libc_a-exit.o)
                              /Applications/ArmGNUToolchain/15.2.rel1/arm-none-eabi/bin/../lib/gcc/arm-none-eabi/15.2.1/../../../../arm-none-eabi/lib/thumb/v7e-m+fp/hard/crt0.o (exit)
/Applications/ArmGNUToolchain/15.2.rel1/arm-none-eabi/bin/../lib/gcc/arm-none-eabi/15.2.1/../../../../arm-none-eabi/lib/thumb/v7e-m+fp/hard/libc_nano.a(libc_a-findfp.o)
                              /Applications/ArmGNUToolchain/15.2.rel1/arm-none-eabi/bin/../lib/gcc/arm-none-eabi/15.2.1/../../../../arm-none-eabi/lib/thumb/v7e-m+fp/hard/libc_nano.a(libc_a-exit.o) (__stdio_exit_handler)
/Applications/ArmGNUToolchain/15.2.rel1/arm-none-eabi/bin/../lib/gcc/arm-none-eabi/15.2.1/../../../../arm-none-eabi/lib/thumb/v7e-m+fp/hard/libc_nano.a(libc_a-fwalk.o)
                              /Applications/ArmGNUToolchain/15.2.rel1/arm-none-eabi/bin/../lib/gcc/arm-none-eabi/15.2.1/../../../../arm-none-eabi/lib/thumb/v7e-m+fp/hard/libc_nano.a(libc_a-findfp.o) (_fwalk_sglue)
/Applications/ArmGNUToolchain/15.2.rel1/arm-none-eabi/bin/../lib/gcc/arm-none-eabi/15.2.1/../../../../arm-none-eabi/lib/thumb/v7e-m+fp/hard/libc_nano.a(libc_a-memset.o)
                              /Applications/ArmGNUToolchain/15.2.rel1/arm-none-eabi/bin/../lib/gcc/arm-none-eabi/15.2.1/../../../../arm-none-eabi/lib/thumb/v7e-m+fp/hard/crt0.o (memset)
/Applications/ArmGNUToolchain/15.2.rel1/arm-none-eabi/bin/../lib/gcc/arm-none-eabi/15.2.1/../../../../arm-none-eabi/lib/thumb/v7e-m+fp/hard/libc_nano.a(libc_a-errno.o)
                              build/sysmem.o (__errno)
/Applications/ArmGNUToolchain/15.2.rel1/arm-none-eabi/bin/../lib/gcc/arm-none-eabi/15.2.1/../../../../arm-none-eabi/lib/thumb/v7e-m+fp/hard/libc_nano.a(libc_a-init.o)
                              /Applications/ArmGNUToolchain/15.2.rel1/arm-none-eabi/bin/../lib/gcc/arm-none-eabi/15.2.1/../../../../arm-none-eabi/lib/thumb/v7e-m+fp/hard/crt0.o (__libc_init_array)
/Applications/ArmGNUToolchain/15.2.rel1/arm-none-eabi/bin/../lib/gcc/arm-none-eabi/15.2.1/../../../../arm-none-eabi/lib/thumb/v7e-m+fp/hard/libc_nano.a(libc_a-lock.o)
                              /Applications/ArmGNUToolchain/15.2.rel1/arm-none-eabi/bin/../lib/gcc/arm-none-eabi/15.2.1/../../../../arm-none-eabi/lib/thumb/v7e-m+fp/hard/libc_nano.a(libc_a-findfp.o) (__retarget_lock_init_recursive)
/Applications/ArmGNUToolchain/15.2.rel1/arm-none-eabi/bin/../lib/gcc/arm-none-eabi/15.2.1/../../../../arm-none-eabi/lib/thumb/v7e-m+fp/hard/libc_nano.a(libc_a-impure.o)
                              /Applications/ArmGNUToolchain/15.2.rel1/arm-none-eabi/bin/../lib/gcc/arm-none-eabi/15.2.1/../../../../arm-none-eabi/lib/thumb/v7e-m+fp/hard/libc_nano.a(libc_a-errno.o) (_impure_ptr)
/Applications/ArmGNUToolchain/15.2.rel1/arm-none-eabi/bin/../lib/gcc/arm-none-eabi/15.2.1/../../../../arm-none-eabi/lib/thumb/v7e-m+fp/hard/libc_nano.a(libc_a-mallocr.o)
                              /Applications/ArmGNUToolchain/15.2.rel1/arm-none-eabi/bin/../lib/gcc/arm-none-eabi/15.2.1/../../../../arm-none-eabi/lib/thumb/v7e-m+fp/hard/libc_nano.a(libc_a-findfp.o) (_malloc_r)
/Applications/ArmGNUToolchain/15.2.rel1/arm-none-eabi/bin/../lib/gcc/arm-none-eabi/15.2.1/../../../../arm-none-eabi/lib/thumb/v7e-m+fp/hard/libc_nano.a(libc_a-mlock.o)
                              /Applications/ArmGNUToolchain/15.2.rel1/arm-none-eabi/bin/../lib/gcc/arm-none-eabi/15.2.1/../../../../arm-none-eabi/lib/thumb/v7e-m+fp/hard/libc_nano.a(libc_a-mallocr.o) (__malloc_lock)
/Applications/ArmGNUToolchain/15.2.rel1/arm-none-eabi/bin/../lib/gcc/arm-none-eabi/15.2.1/../../../../arm-none-eabi/lib/thumb/v7e-m+fp/hard/libc_nano.a(libc_a-stdio.o)
                              /Applications/ArmGNUToolchain/15.2.rel1/arm-none-eabi/bin/../lib/gcc/arm-none-eabi/15.2.1/../../../../arm-none-eabi/lib/thumb/v7e-m+fp/hard/libc_nano.a(libc_a-findfp.o) (__sread)
/Applications/ArmGNUToolchain/15.2.rel1/arm-none-eabi/bin/../lib/gcc/arm-none-eabi/15.2.1/../../../../arm-none-eabi/lib/thumb/v7e-m+fp/hard/libc_nano.a(libc_a-fflush.o)
                              /Applications/ArmGNUToolchain/15.2.rel1/arm-none-eabi/bin/../lib/gcc/arm-none-eabi/15.2.1/../../../../arm-none-eabi/lib/thumb/v7e-m+fp/hard/libc_nano.a(libc_a-findfp.o) (_fflush_r)
/Applications/ArmGNUToolchain/15.2.rel1/arm-none-eabi/bin/../lib/gcc/arm-none-eabi/15.2.1/../../../../arm-none-eabi/lib/thumb/v7e-m+fp/hard/libc_nano.a(libc_a-lseekr.o)
                              /Applications/ArmGNUToolchain/15.2.rel1/arm-none-eabi/bin/../lib/gcc/arm-none-eabi/15.2.1/../../../../arm-none-eabi/lib/thumb/v7e-m+fp/hard/libc_nano.a(libc_a-stdio.o) (_lseek_r)
/Applications/ArmGNUToolchain/15.2.rel1/arm-none-eabi/bin/../lib/gcc/arm-none-eabi/15.2.1/../../../../arm-none-eabi/lib/thumb/v7e-m+fp/hard/libc_nano.a(libc_a-readr.o)
[...]
Memory Configuration

Name             Origin             Length             Attributes
RAM              0x20000000         0x00030000         xrw
CCMRAM           0x10000000         0x00010000         xrw
FLASH            0x08000000         0x00200000         xr
*default*        0x00000000         0xffffffff

Linker script and memory map

LOAD /Applications/ArmGNUToolchain/15.2.rel1/arm-none-eabi/bin/../lib/gcc/arm-none-eabi/15.2.1/thumb/v7e-m+fp/hard/crti.o
LOAD /Applications/ArmGNUToolchain/15.2.rel1/arm-none-eabi/bin/../lib/gcc/arm-none-eabi/15.2.1/thumb/v7e-m+fp/hard/crtbegin.o
LOAD /Applications/ArmGNUToolchain/15.2.rel1/arm-none-eabi/bin/../lib/gcc/arm-none-eabi/15.2.1/../../../../arm-none-eabi/lib/thumb/v7e-m+fp/hard/crt0.o
LOAD build/main.o
LOAD build/stm32f4xx_it.o
LOAD build/stm32f4xx_hal_msp.o
LOAD build/stm32f4xx_hal_timebase_tim.o
LOAD build/app_azure_rtos.o
LOAD build/stm32f4xx_hal_tim.o
LOAD build/stm32f4xx_hal_tim_ex.o
LOAD build/stm32f4xx_hal_rcc.o
LOAD build/stm32f4xx_hal_rcc_ex.o
LOAD build/stm32f4xx_hal_flash.o
LOAD build/stm32f4xx_hal_flash_ex.o
LOAD build/stm32f4xx_hal_flash_ramfunc.o
LOAD build/stm32f4xx_hal_gpio.o
LOAD build/stm32f4xx_hal_dma_ex.o
LOAD build/stm32f4xx_hal_dma.o
LOAD build/stm32f4xx_hal_pwr.o
LOAD build/stm32f4xx_hal_pwr_ex.o
LOAD build/stm32f4xx_hal_cortex.o
LOAD build/stm32f4xx_hal.o
LOAD build/stm32f4xx_hal_exti.o
LOAD build/system_stm32f4xx.o
LOAD build/tx_initialize_high_level.o
LOAD build/tx_initialize_kernel_enter.o
LOAD build/tx_initialize_kernel_setup.o
LOAD build/tx_block_allocate.o
LOAD build/tx_block_pool_cleanup.o
LOAD build/tx_block_pool_create.o
LOAD build/tx_block_pool_delete.o
LOAD build/tx_block_pool_info_get.o
LOAD build/tx_block_pool_initialize.o
LOAD build/tx_block_pool_prioritize.o
LOAD build/tx_block_release.o
LOAD build/tx_byte_allocate.o
LOAD build/tx_byte_pool_cleanup.o
LOAD build/tx_byte_pool_create.o
LOAD build/tx_byte_pool_delete.o
LOAD build/tx_byte_pool_info_get.o
LOAD build/tx_byte_pool_initialize.o
LOAD build/tx_byte_pool_prioritize.o
LOAD build/tx_byte_pool_search.o
LOAD build/tx_byte_release.o
LOAD build/tx_event_flags_cleanup.o
LOAD build/tx_event_flags_create.o
LOAD build/tx_event_flags_delete.o
LOAD build/tx_event_flags_get.o
LOAD build/tx_event_flags_info_get.o
LOAD build/tx_event_flags_initialize.o
LOAD build/tx_event_flags_set.o
LOAD build/tx_event_flags_set_notify.o
LOAD build/tx_mutex_cleanup.o
LOAD build/tx_mutex_create.o
LOAD build/tx_mutex_delete.o
LOAD build/tx_mutex_get.o
LOAD build/tx_mutex_info_get.o
LOAD build/tx_mutex_initialize.o
LOAD build/tx_mutex_prioritize.o
LOAD build/tx_mutex_priority_change.o
LOAD build/tx_mutex_put.o
LOAD build/tx_queue_cleanup.o
LOAD build/tx_queue_create.o
LOAD build/tx_queue_delete.o
LOAD build/tx_queue_flush.o
LOAD build/tx_queue_front_send.o
LOAD build/tx_queue_info_get.o
LOAD build/tx_queue_initialize.o
LOAD build/tx_queue_prioritize.o
LOAD build/tx_queue_receive.o
LOAD build/tx_queue_send.o
LOAD build/tx_queue_send_notify.o
LOAD build/tx_semaphore_ceiling_put.o
LOAD build/tx_semaphore_cleanup.o
LOAD build/tx_semaphore_create.o
LOAD build/tx_semaphore_delete.o
LOAD build/tx_semaphore_get.o
LOAD build/tx_semaphore_info_get.o
LOAD build/tx_semaphore_initialize.o
LOAD build/tx_semaphore_prioritize.o
LOAD build/tx_semaphore_put.o
LOAD build/tx_semaphore_put_notify.o
LOAD build/tx_thread_create.o
LOAD build/tx_thread_delete.o
LOAD build/tx_thread_entry_exit_notify.o
LOAD build/tx_thread_identify.o
LOAD build/tx_thread_info_get.o
LOAD build/tx_thread_initialize.o
LOAD build/tx_thread_preemption_change.o
LOAD build/tx_thread_priority_change.o
LOAD build/tx_thread_relinquish.o
LOAD build/tx_thread_reset.o
LOAD build/tx_thread_resume.o
LOAD build/tx_thread_shell_entry.o
LOAD build/tx_thread_sleep.o
LOAD build/tx_thread_stack_analyze.o
LOAD build/tx_thread_stack_error_handler.o
LOAD build/tx_thread_stack_error_notify.o
LOAD build/tx_thread_suspend.o
LOAD build/tx_thread_system_preempt_check.o
LOAD build/tx_thread_system_resume.o
LOAD build/tx_thread_system_suspend.o
LOAD build/tx_thread_terminate.o
LOAD build/tx_thread_time_slice.o
LOAD build/tx_thread_time_slice_change.o
LOAD build/tx_thread_timeout.o
LOAD build/tx_thread_wait_abort.o
LOAD build/tx_time_get.o
LOAD build/tx_time_set.o
LOAD build/txe_block_allocate.o
LOAD build/txe_block_pool_create.o
LOAD build/txe_block_pool_delete.o
LOAD build/txe_block_pool_info_get.o
LOAD build/txe_block_pool_prioritize.o
LOAD build/txe_block_release.o
LOAD build/txe_byte_allocate.o
LOAD build/txe_byte_pool_create.o
LOAD build/txe_byte_pool_delete.o
LOAD build/txe_byte_pool_info_get.o
LOAD build/txe_byte_pool_prioritize.o
LOAD build/txe_byte_release.o
LOAD build/txe_event_flags_create.o
LOAD build/txe_event_flags_delete.o
LOAD build/txe_event_flags_get.o
LOAD build/txe_event_flags_info_get.o
LOAD build/txe_event_flags_set.o
LOAD build/txe_event_flags_set_notify.o
LOAD build/txe_mutex_create.o
LOAD build/txe_mutex_delete.o
LOAD build/txe_mutex_get.o
LOAD build/txe_mutex_info_get.o
LOAD build/txe_mutex_prioritize.o
LOAD build/txe_mutex_put.o
LOAD build/txe_queue_create.o
LOAD build/txe_queue_delete.o
LOAD build/txe_queue_flush.o
LOAD build/txe_queue_front_send.o
LOAD build/txe_queue_info_get.o
LOAD build/txe_queue_prioritize.o
LOAD build/txe_queue_receive.o
LOAD build/txe_queue_send.o
LOAD build/txe_queue_send_notify.o
LOAD build/txe_semaphore_ceiling_put.o
LOAD build/txe_semaphore_create.o
LOAD build/txe_semaphore_delete.o
LOAD build/txe_semaphore_get.o
LOAD build/txe_semaphore_info_get.o
LOAD build/txe_semaphore_prioritize.o
LOAD build/txe_semaphore_put.o
LOAD build/txe_semaphore_put_notify.o
LOAD build/txe_thread_create.o
LOAD build/txe_thread_delete.o
LOAD build/txe_thread_entry_exit_notify.o
LOAD build/txe_thread_info_get.o
LOAD build/txe_thread_preemption_change.o
LOAD build/txe_thread_priority_change.o
LOAD build/txe_thread_relinquish.o
LOAD build/txe_thread_reset.o
LOAD build/txe_thread_resume.o
LOAD build/txe_thread_suspend.o
LOAD build/txe_thread_terminate.o
LOAD build/txe_thread_time_slice_change.o
LOAD build/txe_thread_wait_abort.o
LOAD build/tx_timer_activate.o
LOAD build/tx_timer_change.o
LOAD build/tx_timer_create.o
LOAD build/tx_timer_deactivate.o
LOAD build/tx_timer_delete.o
LOAD build/tx_timer_expiration_process.o
LOAD build/tx_timer_info_get.o
LOAD build/tx_timer_initialize.o
LOAD build/tx_timer_system_activate.o
LOAD build/tx_timer_system_deactivate.o
LOAD build/tx_timer_thread_entry.o
LOAD build/txe_timer_activate.o
LOAD build/txe_timer_change.o
LOAD build/txe_timer_create.o
LOAD build/txe_timer_deactivate.o
LOAD build/txe_timer_delete.o
LOAD build/txe_timer_info_get.o
LOAD build/sysmem.o
LOAD build/syscalls.o
LOAD build/startup_stm32f439xx.o
LOAD build/tx_initialize_low_level.o
LOAD build/tx_thread_context_restore.o
LOAD build/tx_thread_context_save.o
LOAD build/tx_thread_interrupt_control.o
LOAD build/tx_thread_schedule.o
LOAD build/tx_thread_stack_build.o
LOAD build/tx_thread_system_return.o
LOAD build/tx_timer_interrupt.o
LOAD /Applications/ArmGNUToolchain/15.2.rel1/arm-none-eabi/bin/../lib/gcc/arm-none-eabi/15.2.1/../../../../arm-none-eabi/lib/thumb/v7e-m+fp/hard/libc_nano.a
LOAD /Applications/ArmGNUToolchain/15.2.rel1/arm-none-eabi/bin/../lib/gcc/arm-none-eabi/15.2.1/../../../../arm-none-eabi/lib/thumb/v7e-m+fp/hard/libm.a
LOAD /Applications/ArmGNUToolchain/15.2.rel1/arm-none-eabi/bin/../lib/gcc/arm-none-eabi/15.2.1/../../../../arm-none-eabi/lib/thumb/v7e-m+fp/hard/libnosys.a
START GROUP
LOAD /Applications/ArmGNUToolchain/15.2.rel1/arm-none-eabi/bin/../lib/gcc/arm-none-eabi/15.2.1/thumb/v7e-m+fp/hard/libgcc.a
LOAD /Applications/ArmGNUToolchain/15.2.rel1/arm-none-eabi/bin/../lib/gcc/arm-none-eabi/15.2.1/../../../../arm-none-eabi/lib/thumb/v7e-m+fp/hard/libc_nano.a
END GROUP
START GROUP
LOAD /Applications/ArmGNUToolchain/15.2.rel1/arm-none-eabi/bin/../lib/gcc/arm-none-eabi/15.2.1/thumb/v7e-m+fp/hard/libgcc.a
LOAD /Applications/ArmGNUToolchain/15.2.rel1/arm-none-eabi/bin/../lib/gcc/arm-none-eabi/15.2.1/../../../../arm-none-eabi/lib/thumb/v7e-m+fp/hard/libc_nano.a
END GROUP
LOAD /Applications/ArmGNUToolchain/15.2.rel1/arm-none-eabi/bin/../lib/gcc/arm-none-eabi/15.2.1/thumb/v7e-m+fp/hard/crtend.o
LOAD /Applications/ArmGNUToolchain/15.2.rel1/arm-none-eabi/bin/../lib/gcc/arm-none-eabi/15.2.1/thumb/v7e-m+fp/hard/crtn.o
                0x20030000                        _estack = (ORIGIN (RAM) + LENGTH (RAM))
                0x2002fc00                        _sstack = (_estack - _Min_Stack_Size)
                0x00000200                        _Min_Heap_Size = 0x200
                0x00000400                        _Min_Stack_Size = 0x400

.isr_vector     0x08000000      0x1ac
                0x08000000                        . = ALIGN (0x4)
 *(.isr_vector)
 .isr_vector    0x08000000      0x1ac build/startup_stm32f439xx.o
                0x08000000                g_pfnVectors
                0x080001ac                        . = ALIGN (0x4)

.text           0x080001b0      0xec8
                0x080001b0                        . = ALIGN (0x4)
 *(.text)
 .text          0x080001b0       0x80 build/tx_initialize_low_level.o
                0x080001b0                _tx_initialize_low_level
                0x080001f4                __tx_BadHandler
                0x080001f8                __tx_HardfaultHandler
                0x080001fc                __tx_SVCallHandler
                0x08000200                __tx_IntHandler
                0x08000208                SysTick_Handler
                0x08000208                __tx_SysTickHandler
                0x08000214                __tx_NMIHandler
                0x08000218                __tx_DBGHandler
 .text          0x08000230       0xc0 build/tx_thread_schedule.o
                0x08000230                _tx_thread_schedule
                0x0800025c                PendSV_Handler
                0x0800025c                __tx_PendSVHandler
                0x080002de                tx_thread_fpu_enable
                0x080002de                tx_thread_fpu_disable
 .text          0x080002f0       0x40 build/tx_thread_stack_build.o
                0x080002f0                _tx_thread_stack_build
 .text          0x08000330       0xb8 build/tx_timer_interrupt.o
                0x08000330                _tx_timer_interrupt
 *(.text*)
 .text.deregister_tm_clones
                0x080003e8       0x1c /Applications/ArmGNUToolchain/15.2.rel1/arm-none-eabi/bin/../lib/gcc/arm-none-eabi/15.2.1/thumb/v7e-m+fp/hard/crtbegin.o
 .text.register_tm_clones
                0x08000404       0x24 /Applications/ArmGNUToolchain/15.2.rel1/arm-none-eabi/bin/../lib/gcc/arm-none-eabi/15.2.1/thumb/v7e-m+fp/hard/crtbegin.o
 .text.__do_global_dtors_aux
                0x08000428       0x28 /Applications/ArmGNUToolchain/15.2.rel1/arm-none-eabi/bin/../lib/gcc/arm-none-eabi/15.2.1/thumb/v7e-m+fp/hard/crtbegin.o
 .text.frame_dummy
                0x08000450       0x24 /Applications/ArmGNUToolchain/15.2.rel1/arm-none-eabi/bin/../lib/gcc/arm-none-eabi/15.2.1/thumb/v7e-m+fp/hard/crtbegin.o
 .text.GPIO_EXTI_Init
                0x08000474       0xc0 build/main.o
 .text.main     0x08000534        0xc build/main.o
                0x08000534                main
 .text.NMI_Handler
                0x08000540        0x2 build/stm32f4xx_it.o
                0x08000540                NMI_Handler
 .text.HardFault_Handler
                0x08000542        0x2 build/stm32f4xx_it.o
                0x08000542                HardFault_Handler
 .text.MemManage_Handler
                0x08000544        0x2 build/stm32f4xx_it.o
                0x08000544                MemManage_Handler
 .text.BusFault_Handler
                0x08000546        0x2 build/stm32f4xx_it.o
                0x08000546                BusFault_Handler
 .text.UsageFault_Handler
                0x08000548        0x2 build/stm32f4xx_it.o
                0x08000548                UsageFault_Handler
 .text.DebugMon_Handler
                0x0800054a        0x2 build/stm32f4xx_it.o
                0x0800054a                DebugMon_Handler
 .text.EXTI4_IRQHandler
                0x0800054c       0x5c build/stm32f4xx_it.o
                0x0800054c                EXTI4_IRQHandler
 .text.tx_application_define
                0x080005a8       0x28 build/app_azure_rtos.o
                0x080005a8                tx_application_define
 .text.SystemInit
                0x080005d0       0x14 build/system_stm32f4xx.o
                0x080005d0                SystemInit
 .text._tx_initialize_high_level
                0x080005e4       0x70 build/tx_initialize_high_level.o
                0x080005e4                _tx_initialize_high_level
 .text._tx_initialize_kernel_enter
                0x08000654       0x4c build/tx_initialize_kernel_enter.o
                0x08000654                _tx_initialize_kernel_enter
 .text._tx_byte_pool_create
                0x080006a0       0x88 build/tx_byte_pool_create.o
                0x080006a0                _tx_byte_pool_create
 .text._tx_thread_create
                0x08000728      0x134 build/tx_thread_create.o
                0x08000728                _tx_thread_create
 .text._tx_thread_initialize
                0x0800085c       0x64 build/tx_thread_initialize.o
                0x0800085c                _tx_thread_initialize
 .text._tx_thread_shell_entry
                0x080008c0       0x54 build/tx_thread_shell_entry.o
                0x080008c0                _tx_thread_shell_entry
 .text._tx_thread_system_preempt_check
                0x08000914       0x3c build/tx_thread_system_preempt_check.o
                0x08000914                _tx_thread_system_preempt_check
 .text._tx_thread_system_resume
                0x08000950      0x11c build/tx_thread_system_resume.o
                0x08000950                _tx_thread_system_resume
 .text._tx_thread_system_suspend
                0x08000a6c      0x14c build/tx_thread_system_suspend.o
                0x08000a6c                _tx_thread_system_suspend
 .text._tx_thread_time_slice
                0x08000bb8       0x60 build/tx_thread_time_slice.o
                0x08000bb8                _tx_thread_time_slice
 .text._tx_thread_timeout
                0x08000c18       0x34 build/tx_thread_timeout.o
                0x08000c18                _tx_thread_timeout
 .text._txe_byte_pool_create
                0x08000c4c       0xd0 build/txe_byte_pool_create.o
                0x08000c4c                _txe_byte_pool_create
 .text._tx_timer_expiration_process
                0x08000d1c       0x24 build/tx_timer_expiration_process.o
                0x08000d1c                _tx_timer_expiration_process
 .text._tx_timer_initialize
                0x08000d40       0xd0 build/tx_timer_initialize.o
                0x08000d40                _tx_timer_initialize
 .text._tx_timer_system_activate
                0x08000e10       0x58 build/tx_timer_system_activate.o
                0x08000e10                _tx_timer_system_activate
 .text._tx_timer_system_deactivate
                0x08000e68       0x2e build/tx_timer_system_deactivate.o
                0x08000e68                _tx_timer_system_deactivate
 *fill*         0x08000e96        0x2 
 .text._tx_timer_thread_entry
                0x08000e98      0x11c build/tx_timer_thread_entry.o
                0x08000e98                _tx_timer_thread_entry
 .text.Reset_Handler
                0x08000fb4       0x50 build/startup_stm32f439xx.o
                0x08000fb4                Reset_Handler
 .text.Default_Handler
                0x08001004        0x2 build/startup_stm32f439xx.o
                0x08001004                DMA1_Stream3_IRQHandler
                0x08001004                HASH_RNG_IRQHandler
                0x08001004                EXTI2_IRQHandler
                0x08001004                TIM8_CC_IRQHandler
                0x08001004                UART8_IRQHandler
                0x08001004                SPI4_IRQHandler
                0x08001004                TIM1_CC_IRQHandler
                0x08001004                DMA2_Stream5_IRQHandler
                0x08001004                DMA1_Stream5_IRQHandler
                0x08001004                PVD_IRQHandler
                0x08001004                SDIO_IRQHandler
                0x08001004                TAMP_STAMP_IRQHandler
                0x08001004                CAN2_RX1_IRQHandler
                0x08001004                EXTI3_IRQHandler
                0x08001004                TIM8_TRG_COM_TIM14_IRQHandler
                0x08001004                TIM1_UP_TIM10_IRQHandler
                0x08001004                TIM8_UP_TIM13_IRQHandler
                0x08001004                I2C3_ER_IRQHandler
                0x08001004                EXTI0_IRQHandler
                0x08001004                I2C2_EV_IRQHandler
                0x08001004                DMA1_Stream2_IRQHandler
                0x08001004                CAN1_RX0_IRQHandler
                0x08001004                FPU_IRQHandler
                0x08001004                OTG_HS_WKUP_IRQHandler
                0x08001004                LTDC_ER_IRQHandler
                0x08001004                CAN2_SCE_IRQHandler
                0x08001004                DMA2_Stream2_IRQHandler
                0x08001004                SPI1_IRQHandler
                0x08001004                TIM6_DAC_IRQHandler
                0x08001004                TIM1_BRK_TIM9_IRQHandler
                0x08001004                DCMI_IRQHandler
                0x08001004                CAN2_RX0_IRQHandler
                0x08001004                DMA2_Stream3_IRQHandler
                0x08001004                USART6_IRQHandler
                0x08001004                USART3_IRQHandler
                0x08001004                CRYP_IRQHandler
                0x08001004                CAN1_RX1_IRQHandler
                0x08001004                UART5_IRQHandler
                0x08001004                DMA2_Stream0_IRQHandler
                0x08001004                TIM4_IRQHandler
                0x08001004                I2C1_EV_IRQHandler
                0x08001004                DMA1_Stream6_IRQHandler
                0x08001004                DMA1_Stream1_IRQHandler
                0x08001004                UART4_IRQHandler
                0x08001004                TIM3_IRQHandler
                0x08001004                RCC_IRQHandler
                0x08001004                TIM8_BRK_TIM12_IRQHandler
                0x08001004                Default_Handler
                0x08001004                EXTI15_10_IRQHandler
                0x08001004                ADC_IRQHandler
                0x08001004                DMA1_Stream7_IRQHandler
                0x08001004                SPI5_IRQHandler
                0x08001004                TIM7_IRQHandler
                0x08001004                CAN2_TX_IRQHandler
                0x08001004                TIM5_IRQHandler
                0x08001004                DMA2_Stream7_IRQHandler
                0x08001004                I2C3_EV_IRQHandler
                0x08001004                EXTI9_5_IRQHandler
                0x08001004                RTC_WKUP_IRQHandler
                0x08001004                LTDC_IRQHandler
                0x08001004                ETH_WKUP_IRQHandler
                0x08001004                SPI2_IRQHandler
                0x08001004                OTG_HS_EP1_IN_IRQHandler
                0x08001004                DMA1_Stream0_IRQHandler
                0x08001004                CAN1_TX_IRQHandler
                0x08001004                SVC_Handler
                0x08001004                ETH_IRQHandler
                0x08001004                OTG_HS_EP1_OUT_IRQHandler
                0x08001004                WWDG_IRQHandler
                0x08001004                SPI6_IRQHandler
                0x08001004                TIM2_IRQHandler
                0x08001004                OTG_FS_WKUP_IRQHandler
                0x08001004                TIM1_TRG_COM_TIM11_IRQHandler
                0x08001004                OTG_HS_IRQHandler
                0x08001004                DMA2D_IRQHandler
                0x08001004                EXTI1_IRQHandler
                0x08001004                UART7_IRQHandler
                0x08001004                USART2_IRQHandler
                0x08001004                I2C2_ER_IRQHandler
                0x08001004                DMA2_Stream1_IRQHandler
                0x08001004                CAN1_SCE_IRQHandler
                0x08001004                FLASH_IRQHandler
                0x08001004                DMA2_Stream4_IRQHandler
                0x08001004                USART1_IRQHandler
                0x08001004                OTG_FS_IRQHandler
                0x08001004                SPI3_IRQHandler
                0x08001004                DMA1_Stream4_IRQHandler
                0x08001004                I2C1_ER_IRQHandler
                0x08001004                FMC_IRQHandler
                0x08001004                DMA2_Stream6_IRQHandler
                0x08001004                SAI1_IRQHandler
                0x08001004                RTC_Alarm_IRQHandler
 .text.memset   0x08001006       0x10 /Applications/ArmGNUToolchain/15.2.rel1/arm-none-eabi/bin/../lib/gcc/arm-none-eabi/15.2.1/../../../../arm-none-eabi/lib/thumb/v7e-m+fp/hard/libc_nano.a(libc_a-memset.o)
                0x08001006                memset
 *fill*         0x08001016        0x2 
 .text.__libc_init_array
                0x08001018       0x48 /Applications/ArmGNUToolchain/15.2.rel1/arm-none-eabi/bin/../lib/gcc/arm-none-eabi/15.2.1/../../../../arm-none-eabi/lib/thumb/v7e-m+fp/hard/libc_nano.a(libc_a-init.o)
                0x08001018                __libc_init_array
 *(.glue_7)
 .glue_7        0x08001060        0x0 linker stubs
 *(.glue_7t)
 .glue_7t       0x08001060        0x0 linker stubs
 *(.eh_frame)
 .eh_frame      0x08001060        0x0 /Applications/ArmGNUToolchain/15.2.rel1/arm-none-eabi/bin/../lib/gcc/arm-none-eabi/15.2.1/thumb/v7e-m+fp/hard/crtbegin.o
 *(.init)
 .init          0x08001060        0x4 /Applications/ArmGNUToolchain/15.2.rel1/arm-none-eabi/bin/../lib/gcc/arm-none-eabi/15.2.1/thumb/v7e-m+fp/hard/crti.o
                0x08001060                _init
 .init          0x08001064        0x8 /Applications/ArmGNUToolchain/15.2.rel1/arm-none-eabi/bin/../lib/gcc/arm-none-eabi/15.2.1/thumb/v7e-m+fp/hard/crtn.o
 *(.fini)
 .fini          0x0800106c        0x4 /Applications/ArmGNUToolchain/15.2.rel1/arm-none-eabi/bin/../lib/gcc/arm-none-eabi/15.2.1/thumb/v7e-m+fp/hard/crti.o
                0x0800106c                _fini
 .fini          0x08001070        0x8 /Applications/ArmGNUToolchain/15.2.rel1/arm-none-eabi/bin/../lib/gcc/arm-none-eabi/15.2.1/thumb/v7e-m+fp/hard/crtn.o
                0x08001078                        . = ALIGN (0x4)
                0x08001078                        _etext = .

.vfp11_veneer   0x08001078        0x0
 .vfp11_veneer  0x08001078        0x0 linker stubs

.v4_bx          0x08001078        0x0
 .v4_bx         0x08001078        0x0 linker stubs

.iplt           0x08001078        0x0
 .iplt          0x08001078        0x0 /Applications/ArmGNUToolchain/15.2.rel1/arm-none-eabi/bin/../lib/gcc/arm-none-eabi/15.2.1/thumb/v7e-m+fp/hard/crtbegin.o

.rodata         0x08001078       0x28
                0x08001078                        . = ALIGN (0x4)
 *(.rodata)
 *(.rodata*)
 .rodata.tx_application_define.str1.4
                0x08001078       0x28 build/app_azure_rtos.o
                                 0x13 (size before relaxing)
 .rodata._tx_timer_initialize.str1.4
                0x080010a0        0x0 build/tx_timer_initialize.o
                                 0x14 (size before relaxing)
                0x080010a0                        . = ALIGN (0x4)

.ARM.extab      0x080010a0        0x0
                0x080010a0                        . = ALIGN (0x4)
 *(.ARM.extab* .gnu.linkonce.armextab.*)
                0x080010a0                        . = ALIGN (0x4)

.ARM            0x080010a0        0x0
                0x080010a0                        . = ALIGN (0x4)
                0x080010a0                        __exidx_start = .
 *(.ARM.exidx*)
                0x080010a0                        __exidx_end = .
                0x080010a0                        . = ALIGN (0x4)

.preinit_array  0x080010a0        0x0
                0x080010a0                        . = ALIGN (0x4)
                0x080010a0                        PROVIDE (__preinit_array_start = .)
 *(.preinit_array*)
                0x080010a0                        PROVIDE (__preinit_array_end = .)
                0x080010a0                        . = ALIGN (0x4)

.init_array     0x080010a0        0x4
                0x080010a0                        . = ALIGN (0x4)
                0x080010a0                        PROVIDE (__init_array_start = .)
 *(SORT_BY_NAME(.init_array.*))
 *(.init_array*)
 .init_array    0x080010a0        0x4 /Applications/ArmGNUToolchain/15.2.rel1/arm-none-eabi/bin/../lib/gcc/arm-none-eabi/15.2.1/thumb/v7e-m+fp/hard/crtbegin.o
                0x080010a4                        PROVIDE (__init_array_end = .)
                0x080010a4                        . = ALIGN (0x4)

.fini_array     0x080010a4        0x4
                0x080010a4                        . = ALIGN (0x4)
                [!provide]                        PROVIDE (__fini_array_start = .)
 *(SORT_BY_NAME(.fini_array.*))
 *(.fini_array*)
 .fini_array    0x080010a4        0x4 /Applications/ArmGNUToolchain/15.2.rel1/arm-none-eabi/bin/../lib/gcc/arm-none-eabi/15.2.1/thumb/v7e-m+fp/hard/crtbegin.o
                [!provide]                        PROVIDE (__fini_array_end = .)
                0x080010a8                        . = ALIGN (0x4)
                0x080010a8                        _sidata = LOADADDR (.data)

.rel.dyn        0x080010a8        0x0
 .rel.iplt      0x080010a8        0x0 /Applications/ArmGNUToolchain/15.2.rel1/arm-none-eabi/bin/../lib/gcc/arm-none-eabi/15.2.1/thumb/v7e-m+fp/hard/crtbegin.o

.data           0x20000000        0x4 load address 0x080010a8
                0x20000000                        . = ALIGN (0x4)
                0x20000000                        _sdata = .
 *(.data)
 *(.data*)
 .data._tx_thread_system_state
                0x20000000        0x4 build/tx_thread_initialize.o
                0x20000000                _tx_thread_system_state
 *(.RamFunc)
 *(.RamFunc*)
                0x20000004                        . = ALIGN (0x4)
                0x20000004                        _edata = .
                0x080010ac                        _siccmram = LOADADDR (.ccmram)

.tm_clone_table
                0x20000004        0x0 load address 0x080010ac
 .tm_clone_table
                0x20000004        0x0 /Applications/ArmGNUToolchain/15.2.rel1/arm-none-eabi/bin/../lib/gcc/arm-none-eabi/15.2.1/thumb/v7e-m+fp/hard/crtbegin.o
 .tm_clone_table
                0x20000004        0x0 /Applications/ArmGNUToolchain/15.2.rel1/arm-none-eabi/bin/../lib/gcc/arm-none-eabi/15.2.1/thumb/v7e-m+fp/hard/crtend.o

.igot.plt       0x20000004        0x0 load address 0x080010ac
 .igot.plt      0x20000004        0x0 /Applications/ArmGNUToolchain/15.2.rel1/arm-none-eabi/bin/../lib/gcc/arm-none-eabi/15.2.1/thumb/v7e-m+fp/hard/crtbegin.o

.ccmram         0x10000000        0x0 load address 0x080010ac
                0x10000000                        . = ALIGN (0x4)
                0x10000000                        _sccmram = .
 *(.ccmram)
 *(.ccmram*)
                0x10000000                        . = ALIGN (0x4)
                0x10000000                        _eccmram = .
                0x10000000                        . = ALIGN (0x4)

.bss            0x20000004      0xa90
                0x20000004                        _sbss = .
                0x20000004                        __bss_start__ = _sbss
 *(.bss)
 *(.bss*)
 .bss.completed.1
                0x20000004        0x1 /Applications/ArmGNUToolchain/15.2.rel1/arm-none-eabi/bin/../lib/gcc/arm-none-eabi/15.2.1/thumb/v7e-m+fp/hard/crtbegin.o
 *fill*         0x20000005        0x3 
 .bss.object.0  0x20000008       0x18 /Applications/ArmGNUToolchain/15.2.rel1/arm-none-eabi/bin/../lib/gcc/arm-none-eabi/15.2.1/thumb/v7e-m+fp/hard/crtbegin.o
 .bss.tx_app_byte_pool
                0x20000020       0x34 build/app_azure_rtos.o
 .bss.tx_byte_pool_buffer
                0x20000054      0x400 build/app_azure_rtos.o
 .bss._tx_initialize_unused_memory
                0x20000454        0x4 build/tx_initialize_high_level.o
                0x20000454                _tx_initialize_unused_memory
 .bss._tx_byte_pool_created_count
                0x20000458        0x4 build/tx_initialize_high_level.o
                0x20000458                _tx_byte_pool_created_count
 .bss._tx_byte_pool_created_ptr
                0x2000045c        0x4 build/tx_initialize_high_level.o
                0x2000045c                _tx_byte_pool_created_ptr
 .bss._tx_block_pool_created_count
                0x20000460        0x4 build/tx_initialize_high_level.o
                0x20000460                _tx_block_pool_created_count
 .bss._tx_block_pool_created_ptr
                0x20000464        0x4 build/tx_initialize_high_level.o
                0x20000464                _tx_block_pool_created_ptr
 .bss._tx_mutex_created_count
                0x20000468        0x4 build/tx_initialize_high_level.o
                0x20000468                _tx_mutex_created_count
 .bss._tx_mutex_created_ptr
                0x2000046c        0x4 build/tx_initialize_high_level.o
                0x2000046c                _tx_mutex_created_ptr
 .bss._tx_event_flags_created_count
                0x20000470        0x4 build/tx_initialize_high_level.o
                0x20000470                _tx_event_flags_created_count
 .bss._tx_event_flags_created_ptr
                0x20000474        0x4 build/tx_initialize_high_level.o
                0x20000474                _tx_event_flags_created_ptr
 .bss._tx_queue_created_count
                0x20000478        0x4 build/tx_initialize_high_level.o
                0x20000478                _tx_queue_created_count
 .bss._tx_queue_created_ptr
                0x2000047c        0x4 build/tx_initialize_high_level.o
                0x2000047c                _tx_queue_created_ptr
 .bss._tx_semaphore_created_count
                0x20000480        0x4 build/tx_initialize_high_level.o
                0x20000480                _tx_semaphore_created_count
 .bss._tx_semaphore_created_ptr
                0x20000484        0x4 build/tx_initialize_high_level.o
                0x20000484                _tx_semaphore_created_ptr
 .bss._tx_build_options
                0x20000488        0x4 build/tx_thread_initialize.o
                0x20000488                _tx_build_options
 .bss._tx_thread_mutex_release
                0x2000048c        0x4 build/tx_thread_initialize.o
                0x2000048c                _tx_thread_mutex_release
 .bss._tx_thread_preempt_disable
                0x20000490        0x4 build/tx_thread_initialize.o
                0x20000490                _tx_thread_preempt_disable
 .bss._tx_thread_priority_list
                0x20000494       0x80 build/tx_thread_initialize.o
                0x20000494                _tx_thread_priority_list
 .bss._tx_thread_highest_priority
                0x20000514        0x4 build/tx_thread_initialize.o
                0x20000514                _tx_thread_highest_priority
 .bss._tx_thread_priority_maps
                0x20000518        0x4 build/tx_thread_initialize.o
                0x20000518                _tx_thread_priority_maps
 .bss._tx_thread_created_count
                0x2000051c        0x4 build/tx_thread_initialize.o
                0x2000051c                _tx_thread_created_count
 .bss._tx_thread_created_ptr
                0x20000520        0x4 build/tx_thread_initialize.o
                0x20000520                _tx_thread_created_ptr
 .bss._tx_thread_execute_ptr
                0x20000524        0x4 build/tx_thread_initialize.o
                0x20000524                _tx_thread_execute_ptr
 .bss._tx_thread_current_ptr
                0x20000528        0x4 build/tx_thread_initialize.o
                0x20000528                _tx_thread_current_ptr
 .bss._tx_thread_system_stack_ptr
                0x2000052c        0x4 build/tx_thread_initialize.o
                0x2000052c                _tx_thread_system_stack_ptr
 .bss._tx_timer_time_slice
                0x20000530        0x4 build/tx_timer_initialize.o
                0x20000530                _tx_timer_time_slice
 .bss._tx_timer_thread_stack_area
                0x20000534      0x400 build/tx_timer_initialize.o
                0x20000534                _tx_timer_thread_stack_area
 .bss._tx_timer_priority
                0x20000934        0x4 build/tx_timer_initialize.o
                0x20000934                _tx_timer_priority
 .bss._tx_timer_stack_size
                0x20000938        0x4 build/tx_timer_initialize.o
                0x20000938                _tx_timer_stack_size
 .bss._tx_timer_stack_start
                0x2000093c        0x4 build/tx_timer_initialize.o
                0x2000093c                _tx_timer_stack_start
 .bss._tx_timer_thread
                0x20000940       0xb0 build/tx_timer_initialize.o
                0x20000940                _tx_timer_thread
 .bss._tx_timer_expired_timer_ptr
                0x200009f0        0x4 build/tx_timer_initialize.o
                0x200009f0                _tx_timer_expired_timer_ptr
 .bss._tx_timer_created_count
                0x200009f4        0x4 build/tx_timer_initialize.o
                0x200009f4                _tx_timer_created_count
 .bss._tx_timer_created_ptr
                0x200009f8        0x4 build/tx_timer_initialize.o
                0x200009f8                _tx_timer_created_ptr
 .bss._tx_timer_expired
                0x200009fc        0x4 build/tx_timer_initialize.o
                0x200009fc                _tx_timer_expired
 .bss._tx_timer_current_ptr
                0x20000a00        0x4 build/tx_timer_initialize.o
                0x20000a00                _tx_timer_current_ptr
 .bss._tx_timer_list_end
                0x20000a04        0x4 build/tx_timer_initialize.o
                0x20000a04                _tx_timer_list_end
 .bss._tx_timer_list_start
                0x20000a08        0x4 build/tx_timer_initialize.o
                0x20000a08                _tx_timer_list_start
 .bss._tx_timer_list
                0x20000a0c       0x80 build/tx_timer_initialize.o
                0x20000a0c                _tx_timer_list
 .bss._tx_timer_expired_time_slice
                0x20000a8c        0x4 build/tx_timer_initialize.o
                0x20000a8c                _tx_timer_expired_time_slice
 .bss._tx_timer_system_clock
                0x20000a90        0x4 build/tx_timer_initialize.o
                0x20000a90                _tx_timer_system_clock
 *(COMMON)
                0x20000a94                        . = ALIGN (0x4)
                0x20000a94                        _ebss = .
                0x20000a94                        __bss_end__ = _ebss

._user_heap_stack
                0x20000a94      0x604
                0x20000a98                        . = ALIGN (0x8)
 *fill*         0x20000a94        0x4 
                [!provide]                        PROVIDE (end = .)
                0x20000a98                        PROVIDE (_end = .)
                0x20000c98                        . = (. + _Min_Heap_Size)
 *fill*         0x20000a98      0x200 
                0x20001098                        . = (. + _Min_Stack_Size)
 *fill*         0x20000c98      0x400 
                0x20001098                        . = ALIGN (0x8)

/DISCARD/
 libc.a(*)
 libm.a(*)
 libgcc.a(*)
OUTPUT(build/ThreadX.elf elf32-littlearm)
LOAD linker stubs
LOAD /Applications/ArmGNUToolchain/15.2.rel1/arm-none-eabi/bin/../lib/gcc/arm-none-eabi/15.2.1/../../../../arm-none-eabi/lib/thumb/v7e-m+fp/hard/libc.a
LOAD /Applications/ArmGNUToolchain/15.2.rel1/arm-none-eabi/bin/../lib/gcc/arm-none-eabi/15.2.1/../../../../arm-none-eabi/lib/thumb/v7e-m+fp/hard/libm.a
LOAD /Applications/ArmGNUToolchain/15.2.rel1/arm-none-eabi/bin/../lib/gcc/arm-none-eabi/15.2.1/thumb/v7e-m+fp/hard/libgcc.a

.ARM.attributes
                0x00000000       0x30
 .ARM.attributes
                0x00000000       0x22 /Applications/ArmGNUToolchain/15.2.rel1/arm-none-eabi/bin/../lib/gcc/arm-none-eabi/15.2.1/thumb/v7e-m+fp/hard/crti.o
 .ARM.attributes
                0x00000022       0x34 /Applications/ArmGNUToolchain/15.2.rel1/arm-none-eabi/bin/../lib/gcc/arm-none-eabi/15.2.1/thumb/v7e-m+fp/hard/crtbegin.o
 .ARM.attributes
                0x00000056       0x34 build/main.o
 .ARM.attributes
                0x0000008a       0x34 build/stm32f4xx_it.o
 .ARM.attributes
                0x000000be       0x34 build/app_azure_rtos.o
 .ARM.attributes
                0x000000f2       0x34 build/system_stm32f4xx.o
 .ARM.attributes
                0x00000126       0x34 build/tx_initialize_high_level.o
 .ARM.attributes
                0x0000015a       0x34 build/tx_initialize_kernel_enter.o
 .ARM.attributes
                0x0000018e       0x34 build/tx_byte_pool_create.o
 .ARM.attributes
                0x000001c2       0x34 build/tx_thread_create.o
 .ARM.attributes
                0x000001f6       0x34 build/tx_thread_initialize.o
 .ARM.attributes
                0x0000022a       0x34 build/tx_thread_shell_entry.o
 .ARM.attributes
                0x0000025e       0x34 build/tx_thread_system_preempt_check.o
 .ARM.attributes
                0x00000292       0x34 build/tx_thread_system_resume.o
 .ARM.attributes
                0x000002c6       0x34 build/tx_thread_system_suspend.o
 .ARM.attributes
                0x000002fa       0x34 build/tx_thread_time_slice.o
 .ARM.attributes
                0x0000032e       0x34 build/tx_thread_timeout.o
 .ARM.attributes
                0x00000362       0x34 build/txe_byte_pool_create.o
 .ARM.attributes
                0x00000396       0x34 build/tx_timer_expiration_process.o
 .ARM.attributes
                0x000003ca       0x34 build/tx_timer_initialize.o
 .ARM.attributes
                0x000003fe       0x34 build/tx_timer_system_activate.o
 .ARM.attributes
                0x00000432       0x34 build/tx_timer_system_deactivate.o
 .ARM.attributes
                0x00000466       0x34 build/tx_timer_thread_entry.o
 .ARM.attributes
                0x0000049a       0x21 build/startup_stm32f439xx.o
 .ARM.attributes
                0x000004bb       0x20 build/tx_initialize_low_level.o
 .ARM.attributes
                0x000004db       0x20 build/tx_thread_schedule.o
 .ARM.attributes
                0x000004fb       0x20 build/tx_thread_stack_build.o
 .ARM.attributes
                0x0000051b       0x20 build/tx_timer_interrupt.o
 .ARM.attributes
                0x0000053b       0x34 /Applications/ArmGNUToolchain/15.2.rel1/arm-none-eabi/bin/../lib/gcc/arm-none-eabi/15.2.1/../../../../arm-none-eabi/lib/thumb/v7e-m+fp/hard/libc_nano.a(libc_a-memset.o)
 .ARM.attributes
                0x0000056f       0x34 /Applications/ArmGNUToolchain/15.2.rel1/arm-none-eabi/bin/../lib/gcc/arm-none-eabi/15.2.1/../../../../arm-none-eabi/lib/thumb/v7e-m+fp/hard/libc_nano.a(libc_a-init.o)
 .ARM.attributes
                0x000005a3       0x34 /Applications/ArmGNUToolchain/15.2.rel1/arm-none-eabi/bin/../lib/gcc/arm-none-eabi/15.2.1/thumb/v7e-m+fp/hard/crtend.o
 .ARM.attributes
                0x000005d7       0x22 /Applications/ArmGNUToolchain/15.2.rel1/arm-none-eabi/bin/../lib/gcc/arm-none-eabi/15.2.1/thumb/v7e-m+fp/hard/crtn.o

.comment        0x00000000       0x45
 .comment       0x00000000       0x45 build/main.o
                                 0x46 (size before relaxing)
 .comment       0x00000045        0x0 build/stm32f4xx_it.o
                                 0x46 (size before relaxing)
 .comment       0x00000045        0x0 build/app_azure_rtos.o
                                 0x46 (size before relaxing)
 .comment       0x00000045        0x0 build/system_stm32f4xx.o
                                 0x46 (size before relaxing)
 .comment       0x00000045        0x0 build/tx_initialize_high_level.o
                                 0x46 (size before relaxing)
 .comment       0x00000045        0x0 build/tx_initialize_kernel_enter.o
                                 0x46 (size before relaxing)
 .comment       0x00000045        0x0 build/tx_byte_pool_create.o
                                 0x46 (size before relaxing)
 .comment       0x00000045        0x0 build/tx_thread_create.o
                                 0x46 (size before relaxing)
 .comment       0x00000045        0x0 build/tx_thread_initialize.o
                                 0x46 (size before relaxing)
 .comment       0x00000045        0x0 build/tx_thread_shell_entry.o
                                 0x46 (size before relaxing)
 .comment       0x00000045        0x0 build/tx_thread_system_preempt_check.o
                                 0x46 (size before relaxing)
 .comment       0x00000045        0x0 build/tx_thread_system_resume.o
                                 0x46 (size before relaxing)
 .comment       0x00000045        0x0 build/tx_thread_system_suspend.o
                                 0x46 (size before relaxing)
 .comment       0x00000045        0x0 build/tx_thread_time_slice.o
                                 0x46 (size before relaxing)
 .comment       0x00000045        0x0 build/tx_thread_timeout.o
                                 0x46 (size before relaxing)
 .comment       0x00000045        0x0 build/txe_byte_pool_create.o
                                 0x46 (size before relaxing)
 .comment       0x00000045        0x0 build/tx_timer_expiration_process.o
                                 0x46 (size before relaxing)
 .comment       0x00000045        0x0 build/tx_timer_initialize.o
                                 0x46 (size before relaxing)
 .comment       0x00000045        0x0 build/tx_timer_system_activate.o
                                 0x46 (size before relaxing)
 .comment       0x00000045        0x0 build/tx_timer_system_deactivate.o
                                 0x46 (size before relaxing)
 .comment       0x00000045        0x0 build/tx_timer_thread_entry.o
                                 0x46 (size before relaxing)

.debug_info     0x00000000     0x90f4
 .debug_info    0x00000000      0xb5b build/main.o
 .debug_info    0x00000b5b      0x284 build/stm32f4xx_it.o
 .debug_info    0x00000ddf      0x6b0 build/app_azure_rtos.o
 .debug_info    0x0000148f      0x5d5 build/system_stm32f4xx.o
 .debug_info    0x00001a64      0xa88 build/tx_initialize_high_level.o
 .debug_info    0x000024ec      0x142 build/tx_initialize_kernel_enter.o
 .debug_info    0x0000262e      0x828 build/tx_byte_pool_create.o
 .debug_info    0x00002e56      0x955 build/tx_thread_create.o
 .debug_info    0x000037ab      0x73a build/tx_thread_initialize.o
 .debug_info    0x00003ee5      0x709 build/tx_thread_shell_entry.o
 .debug_info    0x000045ee      0x68d build/tx_thread_system_preempt_check.o
 .debug_info    0x00004c7b      0x8dc build/tx_thread_system_resume.o
 .debug_info    0x00005557      0x9d5 build/tx_thread_system_suspend.o
 .debug_info    0x00005f2c      0x652 build/tx_thread_time_slice.o
 .debug_info    0x0000657e      0x6b3 build/tx_thread_timeout.o
 .debug_info    0x00006c31      0x923 build/txe_byte_pool_create.o
 .debug_info    0x00007554      0x61a build/tx_timer_expiration_process.o
 .debug_info    0x00007b6e      0x85c build/tx_timer_initialize.o
 .debug_info    0x000083ca      0x207 build/tx_timer_system_activate.o
 .debug_info    0x000085d1      0x1a1 build/tx_timer_system_deactivate.o
 .debug_info    0x00008772      0x8ba build/tx_timer_thread_entry.o
 .debug_info    0x0000902c       0x30 build/startup_stm32f439xx.o
 .debug_info    0x0000905c       0x26 build/tx_initialize_low_level.o
 .debug_info    0x00009082       0x26 build/tx_thread_schedule.o
 .debug_info    0x000090a8       0x26 build/tx_thread_stack_build.o
 .debug_info    0x000090ce       0x26 build/tx_timer_interrupt.o

.debug_abbrev   0x00000000     0x2070
 .debug_abbrev  0x00000000      0x1b7 build/main.o
 .debug_abbrev  0x000001b7       0xe4 build/stm32f4xx_it.o
 .debug_abbrev  0x0000029b      0x10b build/app_azure_rtos.o
 .debug_abbrev  0x000003a6      0x11b build/system_stm32f4xx.o
 .debug_abbrev  0x000004c1      0x10c build/tx_initialize_high_level.o
 .debug_abbrev  0x000005cd       0xd6 build/tx_initialize_kernel_enter.o
 .debug_abbrev  0x000006a3      0x1ba build/tx_byte_pool_create.o
 .debug_abbrev  0x0000085d      0x21c build/tx_thread_create.o
 .debug_abbrev  0x00000a79      0x13d build/tx_thread_initialize.o
 .debug_abbrev  0x00000bb6      0x1d4 build/tx_thread_shell_entry.o
 .debug_abbrev  0x00000d8a      0x1b9 build/tx_thread_system_preempt_check.o
 .debug_abbrev  0x00000f43      0x216 build/tx_thread_system_resume.o
 .debug_abbrev  0x00001159      0x23a build/tx_thread_system_suspend.o
 .debug_abbrev  0x00001393      0x1b2 build/tx_thread_time_slice.o
 .debug_abbrev  0x00001545      0x1c9 build/tx_thread_timeout.o
 .debug_abbrev  0x0000170e      0x205 build/txe_byte_pool_create.o
 .debug_abbrev  0x00001913      0x1af build/tx_timer_expiration_process.o
 .debug_abbrev  0x00001ac2      0x170 build/tx_timer_initialize.o
 .debug_abbrev  0x00001c32       0xd7 build/tx_timer_system_activate.o
 .debug_abbrev  0x00001d09       0xc4 build/tx_timer_system_deactivate.o
 .debug_abbrev  0x00001dcd      0x236 build/tx_timer_thread_entry.o
 .debug_abbrev  0x00002003       0x1d build/startup_stm32f439xx.o
 .debug_abbrev  0x00002020       0x14 build/tx_initialize_low_level.o
 .debug_abbrev  0x00002034       0x14 build/tx_thread_schedule.o
 .debug_abbrev  0x00002048       0x14 build/tx_thread_stack_build.o
 .debug_abbrev  0x0000205c       0x14 build/tx_timer_interrupt.o

.debug_loc      0x00000000     0x16d4
 .debug_loc     0x00000000       0x8e build/main.o
 .debug_loc     0x0000008e       0x2c build/stm32f4xx_it.o
 .debug_loc     0x000000ba       0x63 build/app_azure_rtos.o
 .debug_loc     0x0000011d       0xb0 build/system_stm32f4xx.o
 .debug_loc     0x000001cd       0x20 build/tx_initialize_high_level.o
 .debug_loc     0x000001ed       0x20 build/tx_initialize_kernel_enter.o
 .debug_loc     0x0000020d      0x1e8 build/tx_byte_pool_create.o
 .debug_loc     0x000003f5      0x426 build/tx_thread_create.o
 .debug_loc     0x0000081b       0x20 build/tx_thread_initialize.o
 .debug_loc     0x0000083b       0x9e build/tx_thread_shell_entry.o
 .debug_loc     0x000008d9       0x69 build/tx_thread_system_preempt_check.o
 .debug_loc     0x00000942      0x215 build/tx_thread_system_resume.o
 .debug_loc     0x00000b57      0x289 build/tx_thread_system_suspend.o
 .debug_loc     0x00000de0       0x54 build/tx_thread_time_slice.o
 .debug_loc     0x00000e34      0x154 build/tx_thread_timeout.o
 .debug_loc     0x00000f88      0x310 build/txe_byte_pool_create.o
 .debug_loc     0x00001298       0x5f build/tx_timer_expiration_process.o
 .debug_loc     0x000012f7       0x4d build/tx_timer_initialize.o
 .debug_loc     0x00001344       0xd2 build/tx_timer_system_activate.o
 .debug_loc     0x00001416       0x74 build/tx_timer_system_deactivate.o
 .debug_loc     0x0000148a      0x24a build/tx_timer_thread_entry.o

.debug_aranges  0x00000000      0x388
 .debug_aranges
                0x00000000       0x28 build/main.o
 .debug_aranges
                0x00000028       0x50 build/stm32f4xx_it.o
 .debug_aranges
                0x00000078       0x20 build/app_azure_rtos.o
 .debug_aranges
                0x00000098       0x28 build/system_stm32f4xx.o
 .debug_aranges
                0x000000c0       0x20 build/tx_initialize_high_level.o
 .debug_aranges
                0x000000e0       0x20 build/tx_initialize_kernel_enter.o
 .debug_aranges
                0x00000100       0x20 build/tx_byte_pool_create.o
 .debug_aranges
                0x00000120       0x20 build/tx_thread_create.o
 .debug_aranges
                0x00000140       0x20 build/tx_thread_initialize.o
 .debug_aranges
                0x00000160       0x20 build/tx_thread_shell_entry.o
 .debug_aranges
                0x00000180       0x20 build/tx_thread_system_preempt_check.o
 .debug_aranges
                0x000001a0       0x20 build/tx_thread_system_resume.o
 .debug_aranges
                0x000001c0       0x20 build/tx_thread_system_suspend.o
 .debug_aranges
                0x000001e0       0x20 build/tx_thread_time_slice.o
 .debug_aranges
                0x00000200       0x20 build/tx_thread_timeout.o
 .debug_aranges
                0x00000220       0x20 build/txe_byte_pool_create.o
 .debug_aranges
                0x00000240       0x20 build/tx_timer_expiration_process.o
 .debug_aranges
                0x00000260       0x20 build/tx_timer_initialize.o
 .debug_aranges
                0x00000280       0x20 build/tx_timer_system_activate.o
 .debug_aranges
                0x000002a0       0x20 build/tx_timer_system_deactivate.o
 .debug_aranges
                0x000002c0       0x20 build/tx_timer_thread_entry.o
 .debug_aranges
                0x000002e0       0x28 build/startup_stm32f439xx.o
 .debug_aranges
                0x00000308       0x20 build/tx_initialize_low_level.o
 .debug_aranges
                0x00000328       0x20 build/tx_thread_schedule.o
 .debug_aranges
                0x00000348       0x20 build/tx_thread_stack_build.o
 .debug_aranges
                0x00000368       0x20 build/tx_timer_interrupt.o

.debug_ranges   0x00000000      0x1b0
 .debug_ranges  0x00000000       0x18 build/main.o
 .debug_ranges  0x00000018       0x40 build/stm32f4xx_it.o
 .debug_ranges  0x00000058       0x10 build/app_azure_rtos.o
 .debug_ranges  0x00000068       0x18 build/system_stm32f4xx.o
 .debug_ranges  0x00000080       0x10 build/tx_initialize_high_level.o
 .debug_ranges  0x00000090       0x10 build/tx_initialize_kernel_enter.o
 .debug_ranges  0x000000a0       0x10 build/tx_byte_pool_create.o
 .debug_ranges  0x000000b0       0x10 build/tx_thread_create.o
 .debug_ranges  0x000000c0       0x10 build/tx_thread_initialize.o
 .debug_ranges  0x000000d0       0x10 build/tx_thread_shell_entry.o
 .debug_ranges  0x000000e0       0x10 build/tx_thread_system_preempt_check.o
 .debug_ranges  0x000000f0       0x10 build/tx_thread_system_resume.o
 .debug_ranges  0x00000100       0x10 build/tx_thread_system_suspend.o
 .debug_ranges  0x00000110       0x10 build/tx_thread_time_slice.o
 .debug_ranges  0x00000120       0x10 build/tx_thread_timeout.o
 .debug_ranges  0x00000130       0x10 build/txe_byte_pool_create.o
 .debug_ranges  0x00000140       0x10 build/tx_timer_expiration_process.o
 .debug_ranges  0x00000150       0x10 build/tx_timer_initialize.o
 .debug_ranges  0x00000160       0x10 build/tx_timer_system_activate.o
 .debug_ranges  0x00000170       0x10 build/tx_timer_system_deactivate.o
 .debug_ranges  0x00000180       0x10 build/tx_timer_thread_entry.o
 .debug_ranges  0x00000190       0x20 build/startup_stm32f439xx.o

.debug_line     0x00000000     0x2fb9
 .debug_line    0x00000000      0x2a3 build/main.o
 .debug_line    0x000002a3      0x230 build/stm32f4xx_it.o
 .debug_line    0x000004d3       0xc4 build/app_azure_rtos.o
 .debug_line    0x00000597      0x257 build/system_stm32f4xx.o
 .debug_line    0x000007ee      0x186 build/tx_initialize_high_level.o
 .debug_line    0x00000974      0x132 build/tx_initialize_kernel_enter.o
 .debug_line    0x00000aa6      0x28e build/tx_byte_pool_create.o
 .debug_line    0x00000d34      0x383 build/tx_thread_create.o
 .debug_line    0x000010b7      0x196 build/tx_thread_initialize.o
 .debug_line    0x0000124d      0x1a0 build/tx_thread_shell_entry.o
 .debug_line    0x000013ed      0x17a build/tx_thread_system_preempt_check.o
 .debug_line    0x00001567      0x3b1 build/tx_thread_system_resume.o
 .debug_line    0x00001918      0x3df build/tx_thread_system_suspend.o
 .debug_line    0x00001cf7      0x199 build/tx_thread_time_slice.o
 .debug_line    0x00001e90      0x17f build/tx_thread_timeout.o
 .debug_line    0x0000200f      0x2b3 build/txe_byte_pool_create.o
 .debug_line    0x000022c2      0x14c build/tx_timer_expiration_process.o
 .debug_line    0x0000240e      0x1d5 build/tx_timer_initialize.o
 .debug_line    0x000025e3      0x1b4 build/tx_timer_system_activate.o
 .debug_line    0x00002797      0x158 build/tx_timer_system_deactivate.o
 .debug_line    0x000028ef      0x3b7 build/tx_timer_thread_entry.o
 .debug_line    0x00002ca6       0x73 build/startup_stm32f439xx.o
 .debug_line    0x00002d19       0x85 build/tx_initialize_low_level.o
 .debug_line    0x00002d9e       0xc1 build/tx_thread_schedule.o
 .debug_line    0x00002e5f       0x8d build/tx_thread_stack_build.o
 .debug_line    0x00002eec       0xcd build/tx_timer_interrupt.o

.debug_str      0x00000000     0x2419
 .debug_str     0x00000000     0x2419 build/main.o
                                0x96f (size before relaxing)
 .debug_str     0x00002419        0x0 build/stm32f4xx_it.o
                                0x245 (size before relaxing)
 .debug_str     0x00002419        0x0 build/app_azure_rtos.o
                                0x915 (size before relaxing)
 .debug_str     0x00002419        0x0 build/system_stm32f4xx.o
                                0x361 (size before relaxing)
 .debug_str     0x00002419        0x0 build/tx_initialize_high_level.o
                                0xefa (size before relaxing)
 .debug_str     0x00002419        0x0 build/tx_initialize_kernel_enter.o
                                0x26c (size before relaxing)
 .debug_str     0x00002419        0x0 build/tx_byte_pool_create.o
                                0x9fd (size before relaxing)
 .debug_str     0x00002419        0x0 build/tx_thread_create.o
                                0x9df (size before relaxing)
 .debug_str     0x00002419        0x0 build/tx_thread_initialize.o
                                0x8ff (size before relaxing)
 .debug_str     0x00002419        0x0 build/tx_thread_shell_entry.o
                                0x8b2 (size before relaxing)
 .debug_str     0x00002419        0x0 build/tx_thread_system_preempt_check.o
                                0x8bd (size before relaxing)
 .debug_str     0x00002419        0x0 build/tx_thread_system_resume.o
                                0x962 (size before relaxing)
 .debug_str     0x00002419        0x0 build/tx_thread_system_suspend.o
                                0x996 (size before relaxing)
 .debug_str     0x00002419        0x0 build/tx_thread_time_slice.o
                                0x89c (size before relaxing)
 .debug_str     0x00002419        0x0 build/tx_thread_timeout.o
                                0x867 (size before relaxing)
 .debug_str     0x00002419        0x0 build/txe_byte_pool_create.o
                                0xa80 (size before relaxing)
 .debug_str     0x00002419        0x0 build/tx_timer_expiration_process.o
                                0x84f (size before relaxing)
 .debug_str     0x00002419        0x0 build/tx_timer_initialize.o
                                0x9b0 (size before relaxing)
 .debug_str     0x00002419        0x0 build/tx_timer_system_activate.o
                                0x35b (size before relaxing)
 .debug_str     0x00002419        0x0 build/tx_timer_system_deactivate.o
                                0x2fa (size before relaxing)
 .debug_str     0x00002419        0x0 build/tx_timer_thread_entry.o
                                0x94f (size before relaxing)
 .debug_str     0x00002419        0x0 build/startup_stm32f439xx.o
                                 0x5b (size before relaxing)
 .debug_str     0x00002419        0x0 build/tx_initialize_low_level.o
                                 0x5a (size before relaxing)
 .debug_str     0x00002419        0x0 build/tx_thread_schedule.o
                                 0x7b (size before relaxing)
 .debug_str     0x00002419        0x0 build/tx_thread_stack_build.o
                                 0x7e (size before relaxing)
 .debug_str     0x00002419        0x0 build/tx_timer_interrupt.o
                                 0x7b (size before relaxing)

.debug_frame    0x00000000      0x440
 .debug_frame   0x00000000       0x40 build/main.o
 .debug_frame   0x00000040       0x88 build/stm32f4xx_it.o
 .debug_frame   0x000000c8       0x2c build/app_azure_rtos.o
 .debug_frame   0x000000f4       0x30 build/system_stm32f4xx.o
 .debug_frame   0x00000124       0x28 build/tx_initialize_high_level.o
 .debug_frame   0x0000014c       0x28 build/tx_initialize_kernel_enter.o
 .debug_frame   0x00000174       0x30 build/tx_byte_pool_create.o
 .debug_frame   0x000001a4       0x30 build/tx_thread_create.o
 .debug_frame   0x000001d4       0x28 build/tx_thread_initialize.o
 .debug_frame   0x000001fc       0x28 build/tx_thread_shell_entry.o
 .debug_frame   0x00000224       0x20 build/tx_thread_system_preempt_check.o
 .debug_frame   0x00000244       0x2c build/tx_thread_system_resume.o
 .debug_frame   0x00000270       0x2c build/tx_thread_system_suspend.o
 .debug_frame   0x0000029c       0x20 build/tx_thread_time_slice.o
 .debug_frame   0x000002bc       0x28 build/tx_thread_timeout.o
 .debug_frame   0x000002e4       0x48 build/txe_byte_pool_create.o
 .debug_frame   0x0000032c       0x28 build/tx_timer_expiration_process.o
 .debug_frame   0x00000354       0x30 build/tx_timer_initialize.o
 .debug_frame   0x00000384       0x20 build/tx_timer_system_activate.o
 .debug_frame   0x000003a4       0x20 build/tx_timer_system_deactivate.o
 .debug_frame   0x000003c4       0x30 build/tx_timer_thread_entry.o
 .debug_frame   0x000003f4       0x20 /Applications/ArmGNUToolchain/15.2.rel1/arm-none-eabi/bin/../lib/gcc/arm-none-eabi/15.2.1/../../../../arm-none-eabi/lib/thumb/v7e-m+fp/hard/libc_nano.a(libc_a-memset.o)
 .debug_frame   0x00000414       0x2c /Applications/ArmGNUToolchain/15.2.rel1/arm-none-eabi/bin/../lib/gcc/arm-none-eabi/15.2.1/../../../../arm-none-eabi/lib/thumb/v7e-m+fp/hard/libc_nano.a(libc_a-init.o)

Cross Reference Table

Symbol                                            File
ADC_IRQHandler                                    build/startup_stm32f439xx.o
AHBPrescTable                                     build/system_stm32f4xx.o
                                                  build/stm32f4xx_hal_rcc.o
APBPrescTable                                     build/system_stm32f4xx.o
                                                  build/stm32f4xx_hal_rcc.o
BusFault_Handler                                  build/stm32f4xx_it.o
CAN1_RX0_IRQHandler                               build/startup_stm32f439xx.o
CAN1_RX1_IRQHandler                               build/startup_stm32f439xx.o
CAN1_SCE_IRQHandler                               build/startup_stm32f439xx.o
CAN1_TX_IRQHandler                                build/startup_stm32f439xx.o
CAN2_RX0_IRQHandler                               build/startup_stm32f439xx.o
CAN2_RX1_IRQHandler                               build/startup_stm32f439xx.o
CAN2_SCE_IRQHandler                               build/startup_stm32f439xx.o
CAN2_TX_IRQHandler                                build/startup_stm32f439xx.o
CRYP_IRQHandler                                   build/startup_stm32f439xx.o
DCMI_IRQHandler                                   build/startup_stm32f439xx.o
DMA1_Stream0_IRQHandler                           build/startup_stm32f439xx.o
DMA1_Stream1_IRQHandler                           build/startup_stm32f439xx.o
DMA1_Stream2_IRQHandler                           build/startup_stm32f439xx.o
DMA1_Stream3_IRQHandler                           build/startup_stm32f439xx.o
DMA1_Stream4_IRQHandler                           build/startup_stm32f439xx.o
DMA1_Stream5_IRQHandler                           build/startup_stm32f439xx.o
DMA1_Stream6_IRQHandler                           build/startup_stm32f439xx.o
DMA1_Stream7_IRQHandler                           build/startup_stm32f439xx.o
DMA2D_IRQHandler                                  build/startup_stm32f439xx.o
DMA2_Stream0_IRQHandler                           build/startup_stm32f439xx.o
DMA2_Stream1_IRQHandler                           build/startup_stm32f439xx.o
DMA2_Stream2_IRQHandler                           build/startup_stm32f439xx.o
DMA2_Stream3_IRQHandler                           build/startup_stm32f439xx.o
DMA2_Stream4_IRQHandler                           build/startup_stm32f439xx.o
DMA2_Stream5_IRQHandler                           build/startup_stm32f439xx.o
DMA2_Stream6_IRQHandler                           build/startup_stm32f439xx.o
DMA2_Stream7_IRQHandler                           build/startup_stm32f439xx.o
DebugMon_Handler                                  build/stm32f4xx_it.o
Default_Handler                                   build/startup_stm32f439xx.o
ETH_IRQHandler                                    build/startup_stm32f439xx.o
ETH_WKUP_IRQHandler                               build/startup_stm32f439xx.o
EXTI0_IRQHandler                                  build/startup_stm32f439xx.o
EXTI15_10_IRQHandler                              build/startup_stm32f439xx.o
EXTI1_IRQHandler                                  build/startup_stm32f439xx.o
EXTI2_IRQHandler                                  build/startup_stm32f439xx.o
EXTI3_IRQHandler                                  build/startup_stm32f439xx.o
EXTI4_IRQHandler                                  build/stm32f4xx_it.o
EXTI9_5_IRQHandler                                build/startup_stm32f439xx.o
FLASH_Erase_Sector                                build/stm32f4xx_hal_flash_ex.o
                                                  build/stm32f4xx_hal_flash.o
FLASH_FlushCaches                                 build/stm32f4xx_hal_flash_ex.o
                                                  build/stm32f4xx_hal_flash.o
FLASH_IRQHandler                                  build/startup_stm32f439xx.o
FLASH_WaitForLastOperation                        build/stm32f4xx_hal_flash.o
                                                  build/stm32f4xx_hal_flash_ex.o
FMC_IRQHandler                                    build/startup_stm32f439xx.o
FPU_IRQHandler                                    build/startup_stm32f439xx.o
HAL_CORTEX_ClearEvent                             build/stm32f4xx_hal_cortex.o
HAL_DBGMCU_DisableDBGSleepMode                    build/stm32f4xx_hal.o
HAL_DBGMCU_DisableDBGStandbyMode                  build/stm32f4xx_hal.o
HAL_DBGMCU_DisableDBGStopMode                     build/stm32f4xx_hal.o
HAL_DBGMCU_EnableDBGSleepMode                     build/stm32f4xx_hal.o
HAL_DBGMCU_EnableDBGStandbyMode                   build/stm32f4xx_hal.o
HAL_DBGMCU_EnableDBGStopMode                      build/stm32f4xx_hal.o
HAL_DMAEx_ChangeMemory                            build/stm32f4xx_hal_dma_ex.o
HAL_DMAEx_MultiBufferStart                        build/stm32f4xx_hal_dma_ex.o
HAL_DMAEx_MultiBufferStart_IT                     build/stm32f4xx_hal_dma_ex.o
HAL_DMA_Abort                                     build/stm32f4xx_hal_dma.o
HAL_DMA_Abort_IT                                  build/stm32f4xx_hal_dma.o
                                                  build/stm32f4xx_hal_tim_ex.o
                                                  build/stm32f4xx_hal_tim.o
HAL_DMA_DeInit                                    build/stm32f4xx_hal_dma.o
HAL_DMA_GetError                                  build/stm32f4xx_hal_dma.o
HAL_DMA_GetState                                  build/stm32f4xx_hal_dma.o
HAL_DMA_IRQHandler                                build/stm32f4xx_hal_dma.o
HAL_DMA_Init                                      build/stm32f4xx_hal_dma.o
HAL_DMA_PollForTransfer                           build/stm32f4xx_hal_dma.o
HAL_DMA_RegisterCallback                          build/stm32f4xx_hal_dma.o
HAL_DMA_Start                                     build/stm32f4xx_hal_dma.o
HAL_DMA_Start_IT                                  build/stm32f4xx_hal_dma.o
                                                  build/stm32f4xx_hal_tim_ex.o
                                                  build/stm32f4xx_hal_tim.o
HAL_DMA_UnRegisterCallback                        build/stm32f4xx_hal_dma.o
HAL_DeInit                                        build/stm32f4xx_hal.o
HAL_Delay                                         build/stm32f4xx_hal.o
HAL_DisableCompensationCell                       build/stm32f4xx_hal.o
HAL_DisableMemorySwappingBank                     build/stm32f4xx_hal.o
HAL_EXTI_ClearConfigLine                          build/stm32f4xx_hal_exti.o
HAL_EXTI_ClearPending                             build/stm32f4xx_hal_exti.o
HAL_EXTI_GenerateSWI                              build/stm32f4xx_hal_exti.o
HAL_EXTI_GetConfigLine                            build/stm32f4xx_hal_exti.o
HAL_EXTI_GetHandle                                build/stm32f4xx_hal_exti.o
HAL_EXTI_GetPending                               build/stm32f4xx_hal_exti.o
HAL_EXTI_IRQHandler                               build/stm32f4xx_hal_exti.o
HAL_EXTI_RegisterCallback                         build/stm32f4xx_hal_exti.o
HAL_EXTI_SetConfigLine                            build/stm32f4xx_hal_exti.o
HAL_EnableCompensationCell                        build/stm32f4xx_hal.o
HAL_EnableMemorySwappingBank                      build/stm32f4xx_hal.o
HAL_FLASHEx_AdvOBGetConfig                        build/stm32f4xx_hal_flash_ex.o
HAL_FLASHEx_AdvOBProgram                          build/stm32f4xx_hal_flash_ex.o
HAL_FLASHEx_Erase                                 build/stm32f4xx_hal_flash_ex.o
HAL_FLASHEx_Erase_IT                              build/stm32f4xx_hal_flash_ex.o
HAL_FLASHEx_OBGetConfig                           build/stm32f4xx_hal_flash_ex.o
HAL_FLASHEx_OBProgram                             build/stm32f4xx_hal_flash_ex.o
HAL_FLASHEx_OB_DeSelectPCROP                      build/stm32f4xx_hal_flash_ex.o
HAL_FLASHEx_OB_GetBank2WRP                        build/stm32f4xx_hal_flash_ex.o
HAL_FLASHEx_OB_SelectPCROP                        build/stm32f4xx_hal_flash_ex.o
HAL_FLASH_EndOfOperationCallback                  build/stm32f4xx_hal_flash.o
HAL_FLASH_GetError                                build/stm32f4xx_hal_flash.o
HAL_FLASH_IRQHandler                              build/stm32f4xx_hal_flash.o
HAL_FLASH_Lock                                    build/stm32f4xx_hal_flash.o
HAL_FLASH_OB_Launch                               build/stm32f4xx_hal_flash.o
HAL_FLASH_OB_Lock                                 build/stm32f4xx_hal_flash.o
HAL_FLASH_OB_Unlock                               build/stm32f4xx_hal_flash.o
HAL_FLASH_OperationErrorCallback                  build/stm32f4xx_hal_flash.o
HAL_FLASH_Program                                 build/stm32f4xx_hal_flash.o
HAL_FLASH_Program_IT                              build/stm32f4xx_hal_flash.o
HAL_FLASH_Unlock                                  build/stm32f4xx_hal_flash.o
HAL_GPIO_DeInit                                   build/stm32f4xx_hal_gpio.o
HAL_GPIO_EXTI_Callback                            build/stm32f4xx_hal_gpio.o
HAL_GPIO_EXTI_IRQHandler                          build/stm32f4xx_hal_gpio.o
HAL_GPIO_Init                                     build/stm32f4xx_hal_gpio.o
                                                  build/stm32f4xx_hal_rcc.o
HAL_GPIO_LockPin                                  build/stm32f4xx_hal_gpio.o
HAL_GPIO_ReadPin                                  build/stm32f4xx_hal_gpio.o
HAL_GPIO_TogglePin                                build/stm32f4xx_hal_gpio.o
HAL_GPIO_WritePin                                 build/stm32f4xx_hal_gpio.o
HAL_GetDEVID                                      build/stm32f4xx_hal.o
HAL_GetHalVersion                                 build/stm32f4xx_hal.o
HAL_GetREVID                                      build/stm32f4xx_hal.o
HAL_GetTick                                       build/stm32f4xx_hal.o
                                                  build/stm32f4xx_hal_pwr_ex.o
                                                  build/stm32f4xx_hal_dma.o
                                                  build/stm32f4xx_hal_flash.o
                                                  build/stm32f4xx_hal_rcc_ex.o
                                                  build/stm32f4xx_hal_rcc.o
HAL_GetTickFreq                                   build/stm32f4xx_hal.o
HAL_GetTickPrio                                   build/stm32f4xx_hal.o
HAL_GetUIDw0                                      build/stm32f4xx_hal.o
HAL_GetUIDw1                                      build/stm32f4xx_hal.o
HAL_GetUIDw2                                      build/stm32f4xx_hal.o
HAL_IncTick                                       build/stm32f4xx_hal.o
HAL_Init                                          build/stm32f4xx_hal.o
HAL_InitTick                                      build/stm32f4xx_hal_timebase_tim.o
                                                  build/stm32f4xx_hal_rcc_ex.o
                                                  build/stm32f4xx_hal_rcc.o
HAL_MPU_ConfigRegion                              build/stm32f4xx_hal_cortex.o
HAL_MPU_Disable                                   build/stm32f4xx_hal_cortex.o
HAL_MPU_DisableRegion                             build/stm32f4xx_hal_cortex.o
HAL_MPU_Enable                                    build/stm32f4xx_hal_cortex.o
HAL_MPU_EnableRegion                              build/stm32f4xx_hal_cortex.o
HAL_MspDeInit                                     build/stm32f4xx_hal.o
HAL_MspInit                                       build/stm32f4xx_hal_msp.o
HAL_NVIC_ClearPendingIRQ                          build/stm32f4xx_hal_cortex.o
HAL_NVIC_DisableIRQ                               build/stm32f4xx_hal_cortex.o
HAL_NVIC_EnableIRQ                                build/stm32f4xx_hal_cortex.o
                                                  build/stm32f4xx_hal_timebase_tim.o
HAL_NVIC_GetActive                                build/stm32f4xx_hal_cortex.o
HAL_NVIC_GetPendingIRQ                            build/stm32f4xx_hal_cortex.o
HAL_NVIC_GetPriority                              build/stm32f4xx_hal_cortex.o
HAL_NVIC_GetPriorityGrouping                      build/stm32f4xx_hal_cortex.o
HAL_NVIC_SetPendingIRQ                            build/stm32f4xx_hal_cortex.o
HAL_NVIC_SetPriority                              build/stm32f4xx_hal_cortex.o
                                                  build/stm32f4xx_hal.o
                                                  build/stm32f4xx_hal_timebase_tim.o
HAL_NVIC_SetPriorityGrouping                      build/stm32f4xx_hal_cortex.o
                                                  build/stm32f4xx_hal.o
HAL_NVIC_SystemReset                              build/stm32f4xx_hal_cortex.o
HAL_PWREx_ControlVoltageScaling                   build/stm32f4xx_hal_pwr_ex.o
HAL_PWREx_DisableBkUpReg                          build/stm32f4xx_hal_pwr_ex.o
HAL_PWREx_DisableFlashPowerDown                   build/stm32f4xx_hal_pwr_ex.o
HAL_PWREx_DisableOverDrive                        build/stm32f4xx_hal_pwr_ex.o
HAL_PWREx_EnableBkUpReg                           build/stm32f4xx_hal_pwr_ex.o
HAL_PWREx_EnableFlashPowerDown                    build/stm32f4xx_hal_pwr_ex.o
HAL_PWREx_EnableOverDrive                         build/stm32f4xx_hal_pwr_ex.o
HAL_PWREx_EnterUnderDriveSTOPMode                 build/stm32f4xx_hal_pwr_ex.o
HAL_PWREx_GetVoltageRange                         build/stm32f4xx_hal_pwr_ex.o
HAL_PWR_ConfigPVD                                 build/stm32f4xx_hal_pwr.o
HAL_PWR_DeInit                                    build/stm32f4xx_hal_pwr.o
HAL_PWR_DisableBkUpAccess                         build/stm32f4xx_hal_pwr.o
HAL_PWR_DisablePVD                                build/stm32f4xx_hal_pwr.o
HAL_PWR_DisableSEVOnPend                          build/stm32f4xx_hal_pwr.o
HAL_PWR_DisableSleepOnExit                        build/stm32f4xx_hal_pwr.o
HAL_PWR_DisableWakeUpPin                          build/stm32f4xx_hal_pwr.o
HAL_PWR_EnableBkUpAccess                          build/stm32f4xx_hal_pwr.o
HAL_PWR_EnablePVD                                 build/stm32f4xx_hal_pwr.o
HAL_PWR_EnableSEVOnPend                           build/stm32f4xx_hal_pwr.o
HAL_PWR_EnableSleepOnExit                         build/stm32f4xx_hal_pwr.o
HAL_PWR_EnableWakeUpPin                           build/stm32f4xx_hal_pwr.o
HAL_PWR_EnterSLEEPMode                            build/stm32f4xx_hal_pwr.o
HAL_PWR_EnterSTANDBYMode                          build/stm32f4xx_hal_pwr.o
HAL_PWR_EnterSTOPMode                             build/stm32f4xx_hal_pwr.o
HAL_PWR_PVDCallback                               build/stm32f4xx_hal_pwr.o
HAL_PWR_PVD_IRQHandler                            build/stm32f4xx_hal_pwr.o
HAL_RCCEx_DisablePLLI2S                           build/stm32f4xx_hal_rcc_ex.o
HAL_RCCEx_DisablePLLSAI                           build/stm32f4xx_hal_rcc_ex.o
HAL_RCCEx_EnablePLLI2S                            build/stm32f4xx_hal_rcc_ex.o
HAL_RCCEx_EnablePLLSAI                            build/stm32f4xx_hal_rcc_ex.o
HAL_RCCEx_GetPeriphCLKConfig                      build/stm32f4xx_hal_rcc_ex.o
HAL_RCCEx_GetPeriphCLKFreq                        build/stm32f4xx_hal_rcc_ex.o
HAL_RCCEx_PeriphCLKConfig                         build/stm32f4xx_hal_rcc_ex.o
HAL_RCC_CSSCallback                               build/stm32f4xx_hal_rcc.o
HAL_RCC_ClockConfig                               build/stm32f4xx_hal_rcc.o
HAL_RCC_DeInit                                    build/stm32f4xx_hal_rcc_ex.o
                                                  build/stm32f4xx_hal_rcc.o
HAL_RCC_DisableCSS                                build/stm32f4xx_hal_rcc.o
HAL_RCC_EnableCSS                                 build/stm32f4xx_hal_rcc.o
HAL_RCC_GetClockConfig                            build/stm32f4xx_hal_rcc.o
                                                  build/stm32f4xx_hal_timebase_tim.o
HAL_RCC_GetHCLKFreq                               build/stm32f4xx_hal_rcc.o
HAL_RCC_GetOscConfig                              build/stm32f4xx_hal_rcc.o
HAL_RCC_GetPCLK1Freq                              build/stm32f4xx_hal_rcc.o
                                                  build/stm32f4xx_hal_timebase_tim.o
HAL_RCC_GetPCLK2Freq                              build/stm32f4xx_hal_rcc.o
HAL_RCC_GetSysClockFreq                           build/stm32f4xx_hal_rcc.o
HAL_RCC_MCOConfig                                 build/stm32f4xx_hal_rcc.o
HAL_RCC_NMI_IRQHandler                            build/stm32f4xx_hal_rcc.o
HAL_RCC_OscConfig                                 build/stm32f4xx_hal_rcc.o
HAL_ResumeTick                                    build/stm32f4xx_hal_timebase_tim.o
HAL_SYSTICK_CLKSourceConfig                       build/stm32f4xx_hal_cortex.o
HAL_SYSTICK_Callback                              build/stm32f4xx_hal_cortex.o
HAL_SYSTICK_Config                                build/stm32f4xx_hal_cortex.o
                                                  build/stm32f4xx_hal.o
HAL_SYSTICK_IRQHandler                            build/stm32f4xx_hal_cortex.o
HAL_SetTickFreq                                   build/stm32f4xx_hal.o
HAL_SuspendTick                                   build/stm32f4xx_hal_timebase_tim.o
HAL_TIMEx_BreakCallback                           build/stm32f4xx_hal_tim_ex.o
                                                  build/stm32f4xx_hal_tim.o
HAL_TIMEx_CommutCallback                          build/stm32f4xx_hal_tim_ex.o
                                                  build/stm32f4xx_hal_tim.o
HAL_TIMEx_CommutHalfCpltCallback                  build/stm32f4xx_hal_tim_ex.o
HAL_TIMEx_ConfigBreakDeadTime                     build/stm32f4xx_hal_tim_ex.o
HAL_TIMEx_ConfigCommutEvent                       build/stm32f4xx_hal_tim_ex.o
HAL_TIMEx_ConfigCommutEvent_DMA                   build/stm32f4xx_hal_tim_ex.o
HAL_TIMEx_ConfigCommutEvent_IT                    build/stm32f4xx_hal_tim_ex.o
HAL_TIMEx_GetChannelNState                        build/stm32f4xx_hal_tim_ex.o
HAL_TIMEx_HallSensor_DeInit                       build/stm32f4xx_hal_tim_ex.o
HAL_TIMEx_HallSensor_GetState                     build/stm32f4xx_hal_tim_ex.o
HAL_TIMEx_HallSensor_Init                         build/stm32f4xx_hal_tim_ex.o
HAL_TIMEx_HallSensor_MspDeInit                    build/stm32f4xx_hal_tim_ex.o
HAL_TIMEx_HallSensor_MspInit                      build/stm32f4xx_hal_tim_ex.o
HAL_TIMEx_HallSensor_Start                        build/stm32f4xx_hal_tim_ex.o
HAL_TIMEx_HallSensor_Start_DMA                    build/stm32f4xx_hal_tim_ex.o
HAL_TIMEx_HallSensor_Start_IT                     build/stm32f4xx_hal_tim_ex.o
HAL_TIMEx_HallSensor_Stop                         build/stm32f4xx_hal_tim_ex.o
HAL_TIMEx_HallSensor_Stop_DMA                     build/stm32f4xx_hal_tim_ex.o
HAL_TIMEx_HallSensor_Stop_IT                      build/stm32f4xx_hal_tim_ex.o
HAL_TIMEx_MasterConfigSynchronization             build/stm32f4xx_hal_tim_ex.o
HAL_TIMEx_OCN_Start                               build/stm32f4xx_hal_tim_ex.o
HAL_TIMEx_OCN_Start_DMA                           build/stm32f4xx_hal_tim_ex.o
HAL_TIMEx_OCN_Start_IT                            build/stm32f4xx_hal_tim_ex.o
HAL_TIMEx_OCN_Stop                                build/stm32f4xx_hal_tim_ex.o
HAL_TIMEx_OCN_Stop_DMA                            build/stm32f4xx_hal_tim_ex.o
HAL_TIMEx_OCN_Stop_IT                             build/stm32f4xx_hal_tim_ex.o
HAL_TIMEx_OnePulseN_Start                         build/stm32f4xx_hal_tim_ex.o
HAL_TIMEx_OnePulseN_Start_IT                      build/stm32f4xx_hal_tim_ex.o
HAL_TIMEx_OnePulseN_Stop                          build/stm32f4xx_hal_tim_ex.o
HAL_TIMEx_OnePulseN_Stop_IT                       build/stm32f4xx_hal_tim_ex.o
HAL_TIMEx_PWMN_Start                              build/stm32f4xx_hal_tim_ex.o
HAL_TIMEx_PWMN_Start_DMA                          build/stm32f4xx_hal_tim_ex.o
HAL_TIMEx_PWMN_Start_IT                           build/stm32f4xx_hal_tim_ex.o
HAL_TIMEx_PWMN_Stop                               build/stm32f4xx_hal_tim_ex.o
HAL_TIMEx_PWMN_Stop_DMA                           build/stm32f4xx_hal_tim_ex.o
HAL_TIMEx_PWMN_Stop_IT                            build/stm32f4xx_hal_tim_ex.o
HAL_TIMEx_RemapConfig                             build/stm32f4xx_hal_tim_ex.o
HAL_TIM_Base_DeInit                               build/stm32f4xx_hal_tim.o
HAL_TIM_Base_GetState                             build/stm32f4xx_hal_tim.o
HAL_TIM_Base_Init                                 build/stm32f4xx_hal_tim.o
                                                  build/stm32f4xx_hal_timebase_tim.o
HAL_TIM_Base_MspDeInit                            build/stm32f4xx_hal_tim.o
HAL_TIM_Base_MspInit                              build/stm32f4xx_hal_tim.o
HAL_TIM_Base_Start                                build/stm32f4xx_hal_tim.o
HAL_TIM_Base_Start_DMA                            build/stm32f4xx_hal_tim.o
HAL_TIM_Base_Start_IT                             build/stm32f4xx_hal_tim.o
                                                  build/stm32f4xx_hal_timebase_tim.o
HAL_TIM_Base_Stop                                 build/stm32f4xx_hal_tim.o
HAL_TIM_Base_Stop_DMA                             build/stm32f4xx_hal_tim.o
HAL_TIM_Base_Stop_IT                              build/stm32f4xx_hal_tim.o
HAL_TIM_ConfigClockSource                         build/stm32f4xx_hal_tim.o
HAL_TIM_ConfigOCrefClear                          build/stm32f4xx_hal_tim.o
HAL_TIM_ConfigTI1Input                            build/stm32f4xx_hal_tim.o
HAL_TIM_DMABurstState                             build/stm32f4xx_hal_tim.o
HAL_TIM_DMABurst_MultiReadStart                   build/stm32f4xx_hal_tim.o
HAL_TIM_DMABurst_MultiWriteStart                  build/stm32f4xx_hal_tim.o
HAL_TIM_DMABurst_ReadStart                        build/stm32f4xx_hal_tim.o
HAL_TIM_DMABurst_ReadStop                         build/stm32f4xx_hal_tim.o
HAL_TIM_DMABurst_WriteStart                       build/stm32f4xx_hal_tim.o
HAL_TIM_DMABurst_WriteStop                        build/stm32f4xx_hal_tim.o
HAL_TIM_Encoder_DeInit                            build/stm32f4xx_hal_tim.o
HAL_TIM_Encoder_GetState                          build/stm32f4xx_hal_tim.o
HAL_TIM_Encoder_Init                              build/stm32f4xx_hal_tim.o
HAL_TIM_Encoder_MspDeInit                         build/stm32f4xx_hal_tim.o
HAL_TIM_Encoder_MspInit                           build/stm32f4xx_hal_tim.o
HAL_TIM_Encoder_Start                             build/stm32f4xx_hal_tim.o
HAL_TIM_Encoder_Start_DMA                         build/stm32f4xx_hal_tim.o
HAL_TIM_Encoder_Start_IT                          build/stm32f4xx_hal_tim.o
HAL_TIM_Encoder_Stop                              build/stm32f4xx_hal_tim.o
HAL_TIM_Encoder_Stop_DMA                          build/stm32f4xx_hal_tim.o
HAL_TIM_Encoder_Stop_IT                           build/stm32f4xx_hal_tim.o
HAL_TIM_ErrorCallback                             build/stm32f4xx_hal_tim.o
                                                  build/stm32f4xx_hal_tim_ex.o
HAL_TIM_GenerateEvent                             build/stm32f4xx_hal_tim.o
HAL_TIM_GetActiveChannel                          build/stm32f4xx_hal_tim.o
HAL_TIM_GetChannelState                           build/stm32f4xx_hal_tim.o
HAL_TIM_IC_CaptureCallback                        build/stm32f4xx_hal_tim.o
HAL_TIM_IC_CaptureHalfCpltCallback                build/stm32f4xx_hal_tim.o
HAL_TIM_IC_ConfigChannel                          build/stm32f4xx_hal_tim.o
HAL_TIM_IC_DeInit                                 build/stm32f4xx_hal_tim.o
HAL_TIM_IC_GetState                               build/stm32f4xx_hal_tim.o
HAL_TIM_IC_Init                                   build/stm32f4xx_hal_tim.o
HAL_TIM_IC_MspDeInit                              build/stm32f4xx_hal_tim.o
HAL_TIM_IC_MspInit                                build/stm32f4xx_hal_tim.o
HAL_TIM_IC_Start                                  build/stm32f4xx_hal_tim.o
HAL_TIM_IC_Start_DMA                              build/stm32f4xx_hal_tim.o
HAL_TIM_IC_Start_IT                               build/stm32f4xx_hal_tim.o
HAL_TIM_IC_Stop                                   build/stm32f4xx_hal_tim.o
HAL_TIM_IC_Stop_DMA                               build/stm32f4xx_hal_tim.o
HAL_TIM_IC_Stop_IT                                build/stm32f4xx_hal_tim.o
HAL_TIM_IRQHandler                                build/stm32f4xx_hal_tim.o
HAL_TIM_OC_ConfigChannel                          build/stm32f4xx_hal_tim.o
HAL_TIM_OC_DeInit                                 build/stm32f4xx_hal_tim.o
HAL_TIM_OC_DelayElapsedCallback                   build/stm32f4xx_hal_tim.o
HAL_TIM_OC_GetState                               build/stm32f4xx_hal_tim.o
HAL_TIM_OC_Init                                   build/stm32f4xx_hal_tim.o
HAL_TIM_OC_MspDeInit                              build/stm32f4xx_hal_tim.o
HAL_TIM_OC_MspInit                                build/stm32f4xx_hal_tim.o
HAL_TIM_OC_Start                                  build/stm32f4xx_hal_tim.o
HAL_TIM_OC_Start_DMA                              build/stm32f4xx_hal_tim.o
HAL_TIM_OC_Start_IT                               build/stm32f4xx_hal_tim.o
HAL_TIM_OC_Stop                                   build/stm32f4xx_hal_tim.o
HAL_TIM_OC_Stop_DMA                               build/stm32f4xx_hal_tim.o
HAL_TIM_OC_Stop_IT                                build/stm32f4xx_hal_tim.o
HAL_TIM_OnePulse_ConfigChannel                    build/stm32f4xx_hal_tim.o
HAL_TIM_OnePulse_DeInit                           build/stm32f4xx_hal_tim.o
HAL_TIM_OnePulse_GetState                         build/stm32f4xx_hal_tim.o
HAL_TIM_OnePulse_Init                             build/stm32f4xx_hal_tim.o
HAL_TIM_OnePulse_MspDeInit                        build/stm32f4xx_hal_tim.o
HAL_TIM_OnePulse_MspInit                          build/stm32f4xx_hal_tim.o
HAL_TIM_OnePulse_Start                            build/stm32f4xx_hal_tim.o
HAL_TIM_OnePulse_Start_IT                         build/stm32f4xx_hal_tim.o
HAL_TIM_OnePulse_Stop                             build/stm32f4xx_hal_tim.o
HAL_TIM_OnePulse_Stop_IT                          build/stm32f4xx_hal_tim.o
HAL_TIM_PWM_ConfigChannel                         build/stm32f4xx_hal_tim.o
HAL_TIM_PWM_DeInit                                build/stm32f4xx_hal_tim.o
HAL_TIM_PWM_GetState                              build/stm32f4xx_hal_tim.o
HAL_TIM_PWM_Init                                  build/stm32f4xx_hal_tim.o
HAL_TIM_PWM_MspDeInit                             build/stm32f4xx_hal_tim.o
HAL_TIM_PWM_MspInit                               build/stm32f4xx_hal_tim.o
HAL_TIM_PWM_PulseFinishedCallback                 build/stm32f4xx_hal_tim.o
                                                  build/stm32f4xx_hal_tim_ex.o
HAL_TIM_PWM_PulseFinishedHalfCpltCallback         build/stm32f4xx_hal_tim.o
HAL_TIM_PWM_Start                                 build/stm32f4xx_hal_tim.o
HAL_TIM_PWM_Start_DMA                             build/stm32f4xx_hal_tim.o
HAL_TIM_PWM_Start_IT                              build/stm32f4xx_hal_tim.o
HAL_TIM_PWM_Stop                                  build/stm32f4xx_hal_tim.o
HAL_TIM_PWM_Stop_DMA                              build/stm32f4xx_hal_tim.o
HAL_TIM_PWM_Stop_IT                               build/stm32f4xx_hal_tim.o
HAL_TIM_PeriodElapsedCallback                     build/stm32f4xx_hal_tim.o
HAL_TIM_PeriodElapsedHalfCpltCallback             build/stm32f4xx_hal_tim.o
HAL_TIM_ReadCapturedValue                         build/stm32f4xx_hal_tim.o
HAL_TIM_SlaveConfigSynchro                        build/stm32f4xx_hal_tim.o
HAL_TIM_SlaveConfigSynchro_IT                     build/stm32f4xx_hal_tim.o
HAL_TIM_TriggerCallback                           build/stm32f4xx_hal_tim.o
HAL_TIM_TriggerHalfCpltCallback                   build/stm32f4xx_hal_tim.o
HASH_RNG_IRQHandler                               build/startup_stm32f439xx.o
HardFault_Handler                                 build/stm32f4xx_it.o
I2C1_ER_IRQHandler                                build/startup_stm32f439xx.o
I2C1_EV_IRQHandler                                build/startup_stm32f439xx.o
I2C2_ER_IRQHandler                                build/startup_stm32f439xx.o
I2C2_EV_IRQHandler                                build/startup_stm32f439xx.o
I2C3_ER_IRQHandler                                build/startup_stm32f439xx.o
I2C3_EV_IRQHandler                                build/startup_stm32f439xx.o
LTDC_ER_IRQHandler                                build/startup_stm32f439xx.o
LTDC_IRQHandler                                   build/startup_stm32f439xx.o
MemManage_Handler                                 build/stm32f4xx_it.o
NMI_Handler                                       build/stm32f4xx_it.o
OTG_FS_IRQHandler                                 build/startup_stm32f439xx.o
OTG_FS_WKUP_IRQHandler                            build/startup_stm32f439xx.o
OTG_HS_EP1_IN_IRQHandler                          build/startup_stm32f439xx.o
OTG_HS_EP1_OUT_IRQHandler                         build/startup_stm32f439xx.o
OTG_HS_IRQHandler                                 build/startup_stm32f439xx.o
OTG_HS_WKUP_IRQHandler                            build/startup_stm32f439xx.o
PVD_IRQHandler                                    build/startup_stm32f439xx.o
PendSV_Handler                                    build/tx_thread_schedule.o
                                                  build/startup_stm32f439xx.o
RCC_IRQHandler                                    build/startup_stm32f439xx.o
RTC_Alarm_IRQHandler                              build/startup_stm32f439xx.o
RTC_WKUP_IRQHandler                               build/startup_stm32f439xx.o
Reset_Handler                                     build/startup_stm32f439xx.o
SAI1_IRQHandler                                   build/startup_stm32f439xx.o
SDIO_IRQHandler                                   build/startup_stm32f439xx.o
SPI1_IRQHandler                                   build/startup_stm32f439xx.o
SPI2_IRQHandler                                   build/startup_stm32f439xx.o
SPI3_IRQHandler                                   build/startup_stm32f439xx.o
SPI4_IRQHandler                                   build/startup_stm32f439xx.o
SPI5_IRQHandler                                   build/startup_stm32f439xx.o
SPI6_IRQHandler                                   build/startup_stm32f439xx.o
SVC_Handler                                       build/startup_stm32f439xx.o
SysTick_Handler                                   build/tx_initialize_low_level.o
                                                  build/startup_stm32f439xx.o
SystemCoreClock                                   build/system_stm32f4xx.o
                                                  build/stm32f4xx_hal.o
                                                  build/stm32f4xx_hal_dma.o
                                                  build/stm32f4xx_hal_rcc_ex.o
                                                  build/stm32f4xx_hal_rcc.o
SystemCoreClockUpdate                             build/system_stm32f4xx.o
SystemInit                                        build/system_stm32f4xx.o
                                                  build/startup_stm32f439xx.o
TAMP_STAMP_IRQHandler                             build/startup_stm32f439xx.o
TIM1_BRK_TIM9_IRQHandler                          build/startup_stm32f439xx.o
TIM1_CC_IRQHandler                                build/startup_stm32f439xx.o
TIM1_TRG_COM_TIM11_IRQHandler                     build/startup_stm32f439xx.o
TIM1_UP_TIM10_IRQHandler                          build/startup_stm32f439xx.o
TIM2_IRQHandler                                   build/startup_stm32f439xx.o
TIM3_IRQHandler                                   build/startup_stm32f439xx.o
TIM4_IRQHandler                                   build/startup_stm32f439xx.o
TIM5_IRQHandler                                   build/startup_stm32f439xx.o
TIM6_DAC_IRQHandler                               build/startup_stm32f439xx.o
TIM7_IRQHandler                                   build/startup_stm32f439xx.o
TIM8_BRK_TIM12_IRQHandler                         build/startup_stm32f439xx.o
TIM8_CC_IRQHandler                                build/startup_stm32f439xx.o
TIM8_TRG_COM_TIM14_IRQHandler                     build/startup_stm32f439xx.o
TIM8_UP_TIM13_IRQHandler                          build/startup_stm32f439xx.o
TIMEx_DMACommutationCplt                          build/stm32f4xx_hal_tim_ex.o
                                                  build/stm32f4xx_hal_tim.o
TIMEx_DMACommutationHalfCplt                      build/stm32f4xx_hal_tim_ex.o
                                                  build/stm32f4xx_hal_tim.o
TIM_Base_SetConfig                                build/stm32f4xx_hal_tim.o
                                                  build/stm32f4xx_hal_tim_ex.o
TIM_CCxChannelCmd                                 build/stm32f4xx_hal_tim.o
                                                  build/stm32f4xx_hal_tim_ex.o
TIM_DMACaptureCplt                                build/stm32f4xx_hal_tim.o
                                                  build/stm32f4xx_hal_tim_ex.o
TIM_DMACaptureHalfCplt                            build/stm32f4xx_hal_tim.o
                                                  build/stm32f4xx_hal_tim_ex.o
TIM_DMADelayPulseHalfCplt                         build/stm32f4xx_hal_tim.o
                                                  build/stm32f4xx_hal_tim_ex.o
TIM_DMAError                                      build/stm32f4xx_hal_tim.o
                                                  build/stm32f4xx_hal_tim_ex.o
TIM_ETR_SetConfig                                 build/stm32f4xx_hal_tim.o
TIM_OC2_SetConfig                                 build/stm32f4xx_hal_tim.o
                                                  build/stm32f4xx_hal_tim_ex.o
TIM_TI1_SetConfig                                 build/stm32f4xx_hal_tim.o
                                                  build/stm32f4xx_hal_tim_ex.o
UART4_IRQHandler                                  build/startup_stm32f439xx.o
UART5_IRQHandler                                  build/startup_stm32f439xx.o
UART7_IRQHandler                                  build/startup_stm32f439xx.o
UART8_IRQHandler                                  build/startup_stm32f439xx.o
USART1_IRQHandler                                 build/startup_stm32f439xx.o
USART2_IRQHandler                                 build/startup_stm32f439xx.o
USART3_IRQHandler                                 build/startup_stm32f439xx.o
USART6_IRQHandler                                 build/startup_stm32f439xx.o
UsageFault_Handler                                build/stm32f4xx_it.o
WWDG_IRQHandler                                   build/startup_stm32f439xx.o
_ITM_deregisterTMCloneTable                       /Applications/ArmGNUToolchain/15.2.rel1/arm-none-eabi/bin/../lib/gcc/arm-none-eabi/15.2.1/thumb/v7e-m+fp/hard/crtbegin.o
_ITM_registerTMCloneTable                         /Applications/ArmGNUToolchain/15.2.rel1/arm-none-eabi/bin/../lib/gcc/arm-none-eabi/15.2.1/thumb/v7e-m+fp/hard/crtbegin.o
_Min_Stack_Size                                   build/sysmem.o
__RAM_segment_used_end__                          build/tx_initialize_low_level.o
__TMC_END__                                       /Applications/ArmGNUToolchain/15.2.rel1/arm-none-eabi/bin/../lib/gcc/arm-none-eabi/15.2.1/thumb/v7e-m+fp/hard/crtend.o
                                                  /Applications/ArmGNUToolchain/15.2.rel1/arm-none-eabi/bin/../lib/gcc/arm-none-eabi/15.2.1/thumb/v7e-m+fp/hard/crtbegin.o
__aeabi_idiv0                                     /Applications/ArmGNUToolchain/15.2.rel1/arm-none-eabi/bin/../lib/gcc/arm-none-eabi/15.2.1/thumb/v7e-m+fp/hard/libgcc.a(_dvmd_tls.o)
__aeabi_ldiv0                                     /Applications/ArmGNUToolchain/15.2.rel1/arm-none-eabi/bin/../lib/gcc/arm-none-eabi/15.2.1/thumb/v7e-m+fp/hard/libgcc.a(_dvmd_tls.o)
                                                  /Applications/ArmGNUToolchain/15.2.rel1/arm-none-eabi/bin/../lib/gcc/arm-none-eabi/15.2.1/thumb/v7e-m+fp/hard/libgcc.a(_aeabi_uldivmod.o)
__aeabi_uldivmod                                  /Applications/ArmGNUToolchain/15.2.rel1/arm-none-eabi/bin/../lib/gcc/arm-none-eabi/15.2.1/thumb/v7e-m+fp/hard/libgcc.a(_aeabi_uldivmod.o)
                                                  build/stm32f4xx_hal_rcc.o