Archive member included to satisfy reference by file (symbol)

app/libapp.a(main.c.obj)      (--whole-archive)
zephyr/libzephyr.a(validate_libc.c.obj)
                              (--whole-archive)
zephyr/libzephyr.a(heap.c.obj)
                              (--whole-archive)
zephyr/libzephyr.a(cbprintf_packaged.c.obj)
                              (--whole-archive)
zephyr/libzephyr.a(clock.c.obj)
                              (--whole-archive)
zephyr/libzephyr.a(printk.c.obj)
                              (--whole-archive)
zephyr/libzephyr.a(sem.c.obj)
                              (--whole-archive)
zephyr/libzephyr.a(thread_entry.c.obj)
                              (--whole-archive)
zephyr/libzephyr.a(cbprintf_complete.c.obj)
                              (--whole-archive)
zephyr/libzephyr.a(assert.c.obj)
                              (--whole-archive)
zephyr/libzephyr.a(dec.c.obj)
                              (--whole-archive)
zephyr/libzephyr.a(hex.c.obj)
                              (--whole-archive)
zephyr/libzephyr.a(rb.c.obj)  (--whole-archive)
zephyr/libzephyr.a(set.c.obj)
                              (--whole-archive)
zephyr/libzephyr.a(timeutil.c.obj)
                              (--whole-archive)
zephyr/libzephyr.a(bitarray.c.obj)
                              (--whole-archive)
zephyr/libzephyr.a(bitmask.c.obj)
                              (--whole-archive)
zephyr/libzephyr.a(getopt.c.obj)
                              (--whole-archive)
zephyr/libzephyr.a(getopt_common.c.obj)
                              (--whole-archive)
zephyr/libzephyr.a(ring_buffer.c.obj)
                              (--whole-archive)
zephyr/libzephyr.a(last_section_id.c.obj)
                              (--whole-archive)
zephyr/libzephyr.a(configs.c.obj)
                              (--whole-archive)
zephyr/libzephyr.a(stm32cube_hal.c.obj)
                              (--whole-archive)
zephyr/libzephyr.a(soc_config.c.obj)
                              (--whole-archive)
zephyr/libzephyr.a(gpioport_mgr.c.obj)
                              (--whole-archive)
zephyr/libzephyr.a(stm32_backup_domain.c.obj)
                              (--whole-archive)
zephyr/libzephyr.a(soc.c.obj)
                              (--whole-archive)
zephyr/libzephyr.a(mem_attr.c.obj)
                              (--whole-archive)
zephyr/libzephyr.a(tracing_none.c.obj)
                              (--whole-archive)
zephyr/arch/common/libarch__common.a(sw_isr_common.c.obj)
                              (--whole-archive)
zephyr/arch/common/libarch__common.a(init.c.obj)
                              (--whole-archive)
zephyr/arch/common/libarch__common.a(xip.c.obj)
                              (--whole-archive)
zephyr/arch/arch/arm/core/libarch__arm__core.a(fatal.c.obj)
                              (--whole-archive)
zephyr/arch/arch/arm/core/libarch__arm__core.a(nmi.c.obj)
                              (--whole-archive)
zephyr/arch/arch/arm/core/libarch__arm__core.a(nmi_on_reset.S.obj)
                              (--whole-archive)
zephyr/arch/arch/arm/core/libarch__arm__core.a(tls.c.obj)
                              (--whole-archive)
zephyr/arch/arch/arm/core/cortex_m/libarch__arm__core__cortex_m.a(fault.c.obj)
                              (--whole-archive)
zephyr/arch/arch/arm/core/cortex_m/libarch__arm__core__cortex_m.a(fault_s.S.obj)
                              (--whole-archive)
zephyr/arch/arch/arm/core/cortex_m/libarch__arm__core__cortex_m.a(fpu.c.obj)
                              (--whole-archive)
zephyr/arch/arch/arm/core/cortex_m/libarch__arm__core__cortex_m.a(reset.S.obj)
                              (--whole-archive)
zephyr/arch/arch/arm/core/cortex_m/libarch__arm__core__cortex_m.a(scb.c.obj)
                              (--whole-archive)
zephyr/arch/arch/arm/core/cortex_m/libarch__arm__core__cortex_m.a(vector_table.S.obj)
                              (--whole-archive)
zephyr/arch/arch/arm/core/cortex_m/libarch__arm__core__cortex_m.a(svc.S.obj)
                              (--whole-archive)
zephyr/arch/arch/arm/core/cortex_m/libarch__arm__core__cortex_m.a(irq_manage.c.obj)
                              (--whole-archive)
zephyr/arch/arch/arm/core/cortex_m/libarch__arm__core__cortex_m.a(prep_c.c.obj)
                              (--whole-archive)
zephyr/arch/arch/arm/core/cortex_m/libarch__arm__core__cortex_m.a(thread.c.obj)
                              (--whole-archive)
zephyr/arch/arch/arm/core/cortex_m/libarch__arm__core__cortex_m.a(cpu_idle.c.obj)
                              (--whole-archive)
zephyr/arch/arch/arm/core/cortex_m/libarch__arm__core__cortex_m.a(exc_exit.c.obj)
                              (--whole-archive)
zephyr/arch/arch/arm/core/cortex_m/libarch__arm__core__cortex_m.a(thread_abort.c.obj)
                              (--whole-archive)
zephyr/arch/arch/arm/core/cortex_m/libarch__arm__core__cortex_m.a(swap_helper.S.obj)
                              (--whole-archive)
[...]
Memory Configuration

Name             Origin             Length             Attributes
FLASH            0x08000000         0x00200000         xr
RAM              0x20000000         0x00030000         xw
SRAM0            0x20000000         0x00030000         rw
DTCM             0x10000000         0x00010000         rw
IDT_LIST         0xffff7fff         0x00008000         xw
*default*        0x00000000         0xffffffff

Linker script and memory map

                0x0800277c                        vfprintf = __l_vfprintf
                0x00000000                        vfscanf = __l_vfscanf
LOAD zephyr/CMakeFiles/zephyr_pre0.dir/misc/empty_file.c.obj
LOAD zephyr/CMakeFiles/offsets.dir/./arch/arm/core/offsets/offsets.c.obj
LOAD app/libapp.a
LOAD zephyr/libzephyr.a
LOAD zephyr/arch/common/libarch__common.a
LOAD zephyr/arch/arch/arm/core/libarch__arm__core.a
LOAD zephyr/arch/arch/arm/core/cortex_m/libarch__arm__core__cortex_m.a
LOAD zephyr/arch/arch/arm/core/mpu/libarch__arm__core__mpu.a
LOAD zephyr/lib/libc/picolibc/liblib__libc__picolibc.a
LOAD zephyr/lib/libc/common/liblib__libc__common.a
LOAD zephyr/lib/posix/c_lib_ext/liblib__posix__c_lib_ext.a
LOAD zephyr/drivers/interrupt_controller/libdrivers__interrupt_controller.a
LOAD zephyr/drivers/clock_control/libdrivers__clock_control.a
LOAD zephyr/drivers/console/libdrivers__console.a
LOAD zephyr/drivers/gpio/libdrivers__gpio.a
LOAD zephyr/drivers/pinctrl/libdrivers__pinctrl.a
LOAD zephyr/drivers/reset/libdrivers__reset.a
LOAD zephyr/drivers/serial/libdrivers__serial.a
LOAD zephyr/drivers/timer/libdrivers__timer.a
LOAD modules/hal_stm32/stm32cube/lib..__modules__hal__stm32__stm32cube.a
LOAD zephyr/kernel/libkernel.a
LOAD zephyr/arch/common/libisr_tables.a
LOAD C:/Users/Hunter/zephyr-sdk-1.0.0/gnu/arm-zephyr-eabi/bin/../lib/gcc/arm-zephyr-eabi/14.3.0/../../../../arm-zephyr-eabi/lib/thumb/v7e-m/nofp/space\libc.a
LOAD C:/Users/Hunter/zephyr-sdk-1.0.0/gnu/arm-zephyr-eabi/bin/../lib/gcc/arm-zephyr-eabi/14.3.0/thumb/v7e-m/nofp/space\libgcc.a
                0x00000020                        _region_min_align = 0x20

.rel.plt        0x08000000        0x0
 *(SORT_BY_ALIGNMENT(.rel.plt))
                [!provide]                        PROVIDE (__rel_iplt_start = .)
 *(SORT_BY_ALIGNMENT(.rel.iplt))
 .rel.iplt      0x08000000        0x0 app/libapp.a(main.c.obj)
                [!provide]                        PROVIDE (__rel_iplt_end = .)

.rela.plt       0x00000000        0x0
 *(SORT_BY_ALIGNMENT(.rela.plt))
                [!provide]                        PROVIDE (__rela_iplt_start = .)
 *(SORT_BY_ALIGNMENT(.rela.iplt))
                [!provide]                        PROVIDE (__rela_iplt_end = .)

.rel.dyn
 *(SORT_BY_ALIGNMENT(.rel.*))

.rela.dyn
 *(SORT_BY_ALIGNMENT(.rela.*))

/DISCARD/
 *(SORT_BY_ALIGNMENT(.plt))

/DISCARD/
 *(SORT_BY_ALIGNMENT(.iplt))
                0x08000000                        __rom_region_start = 0x8000000

rom_start       0x08000000      0x184
                0x08000000                        __rom_start_address = .
 FILL mask 0x00
                0x08000000                        . = (. + (0x0 - (. - __rom_start_address)))
                0x08000000                        . = ALIGN (0x4)
                0x08000000                        . = ALIGN (0x80)
                0x08000000                        . = ALIGN (0x200)
                0x08000000                        _vector_start = .
 *(SORT_BY_ALIGNMENT(.exc_vector_table))
 *(SORT_BY_ALIGNMENT(.exc_vector_table.*))
 .exc_vector_table._vector_table_section
                0x08000000       0x40 zephyr/arch/arch/arm/core/cortex_m/libarch__arm__core__cortex_m.a(vector_table.S.obj)
                0x08000000                _vector_table
 *(SORT_BY_ALIGNMENT(.vectors))
                0x08000184                        _vector_end = .
                0x08000040                        . = ALIGN (0x4)
 *(SORT_BY_ALIGNMENT(.gnu.linkonce.irq_vector_table*))
 .gnu.linkonce.irq_vector_table
                0x08000040      0x144 zephyr/arch/common/libisr_tables.a(isr_tables.c.obj)
                0x08000040                _irq_vector_table
                0x08000184                        _vector_end = .

text            0x08000184     0x36f8
                0x08000184                        __text_region_start = .
 *(SORT_BY_ALIGNMENT(.text))
 .text          0x08000184       0x30 C:/Users/Hunter/zephyr-sdk-1.0.0/gnu/arm-zephyr-eabi/bin/../lib/gcc/arm-zephyr-eabi/14.3.0/thumb/v7e-m/nofp/space\libgcc.a(_aeabi_uldivmod.o)
                0x08000184                __aeabi_uldivmod
 .text          0x080001b4        0x4 C:/Users/Hunter/zephyr-sdk-1.0.0/gnu/arm-zephyr-eabi/bin/../lib/gcc/arm-zephyr-eabi/14.3.0/thumb/v7e-m/nofp/space\libgcc.a(_dvmd_tls.o)
                0x080001b4                __aeabi_idiv0
                0x080001b4                __aeabi_ldiv0
 .text          0x080001b8      0x2bc C:/Users/Hunter/zephyr-sdk-1.0.0/gnu/arm-zephyr-eabi/bin/../lib/gcc/arm-zephyr-eabi/14.3.0/thumb/v7e-m/nofp/space\libgcc.a(_udivmoddi4.o)
                0x080001b8                __udivmoddi4
 *(SORT_BY_ALIGNMENT(.text.*))
 .text.input_isr
                0x08000474       0x74 app/libapp.a(main.c.obj)
 .text.main     0x080004e8       0xe0 app/libapp.a(main.c.obj)
                0x080004e8                main
 .text.char_out
                0x080005c8        0xc zephyr/libzephyr.a(printk.c.obj)
 .text.__printk_hook_install
                0x080005d4        0xc zephyr/libzephyr.a(printk.c.obj)
                0x080005d4                __printk_hook_install
 .text.vprintk  0x080005e0       0x30 zephyr/libzephyr.a(printk.c.obj)
                0x080005e0                vprintk
 .text.z_thread_entry
                0x08000610       0x34 zephyr/libzephyr.a(thread_entry.c.obj)
                0x08000610                z_thread_entry
 .text.st_stm32_common_config
                0x08000644       0x14 zephyr/libzephyr.a(soc_config.c.obj)
 .text.stm32_gpioport_init
                0x08000658       0x20 zephyr/libzephyr.a(gpioport_mgr.c.obj)
 .text.stm32_gpioport_get
                0x08000678       0x24 zephyr/libzephyr.a(gpioport_mgr.c.obj)
                0x08000678                stm32_gpioport_get
 .text.soc_early_init_hook
                0x0800069c       0x30 zephyr/libzephyr.a(soc.c.obj)
                0x0800069c                soc_early_init_hook
 .text.mem_attr_get_regions
                0x080006cc        0xc zephyr/libzephyr.a(mem_attr.c.obj)
                0x080006cc                mem_attr_get_regions
 .text.arch_bss_zero
                0x080006d8       0x2c zephyr/arch/common/libarch__common.a(init.c.obj)
                0x080006d8                arch_bss_zero
 .text.arch_data_copy
                0x08000704       0x50 zephyr/arch/common/libarch__common.a(xip.c.obj)
                0x08000704                arch_data_copy
 .text.z_arm_fatal_error
                0x08000754       0x60 zephyr/arch/arch/arm/core/libarch__arm__core.a(fatal.c.obj)
                0x08000754                z_arm_fatal_error
 .text.z_SysNmiOnReset
                0x080007b4        0x8 zephyr/arch/arch/arm/core/libarch__arm__core.a(nmi_on_reset.S.obj)
                0x080007b4                z_SysNmiOnReset
 .text.arch_tls_stack_setup
                0x080007bc       0x40 zephyr/arch/arch/arm/core/libarch__arm__core.a(tls.c.obj)
                0x080007bc                arch_tls_stack_setup
 .text.mem_manage_fault
                0x080007fc       0xf0 zephyr/arch/arch/arm/core/cortex_m/libarch__arm__core__cortex_m.a(fault.c.obj)
 .text.usage_fault.isra.0
                0x080008ec       0x98 zephyr/arch/arch/arm/core/cortex_m/libarch__arm__core__cortex_m.a(fault.c.obj)
 .text.bus_fault.isra.0
                0x08000984       0xb8 zephyr/arch/arch/arm/core/cortex_m/libarch__arm__core__cortex_m.a(fault.c.obj)
 .text.z_arm_fault
                0x08000a3c      0x1a8 zephyr/arch/arch/arm/core/cortex_m/libarch__arm__core__cortex_m.a(fault.c.obj)
                0x08000a3c                z_arm_fault
 .text.z_arm_fault_init
                0x08000be4       0x18 zephyr/arch/arch/arm/core/cortex_m/libarch__arm__core__cortex_m.a(fault.c.obj)
                0x08000be4                z_arm_fault_init
 .text.__fault  0x08000bfc       0x14 zephyr/arch/arch/arm/core/cortex_m/libarch__arm__core__cortex_m.a(fault_s.S.obj)
                0x08000bfc                z_arm_usage_fault
                0x08000bfc                z_arm_mpu_fault
                0x08000bfc                z_arm_exc_spurious
                0x08000bfc                z_arm_debug_monitor
                0x08000bfc                z_arm_hard_fault
                0x08000bfc                z_arm_bus_fault
 .text._reset_section
                0x08000c10       0x34 zephyr/arch/arch/arm/core/cortex_m/libarch__arm__core__cortex_m.a(reset.S.obj)
                0x08000c10                __start
                0x08000c10                z_arm_reset
 .text.z_arm_svc
                0x08000c44       0x24 zephyr/arch/arch/arm/core/cortex_m/libarch__arm__core__cortex_m.a(svc.S.obj)
                0x08000c44                z_arm_svc
 .text.arm_irq_enable
                0x08000c68       0x1c zephyr/arch/arch/arm/core/cortex_m/libarch__arm__core__cortex_m.a(irq_manage.c.obj)
                0x08000c68                arm_irq_enable
 .text.arm_irq_priority_set
                0x08000c84       0x30 zephyr/arch/arch/arm/core/cortex_m/libarch__arm__core__cortex_m.a(irq_manage.c.obj)
                0x08000c84                arm_irq_priority_set
 .text.relocate_vector_table
                0x08000cb4       0x1c zephyr/arch/arch/arm/core/cortex_m/libarch__arm__core__cortex_m.a(prep_c.c.obj)
                0x08000cb4                relocate_vector_table
 .text.z_prep_c
                0x08000cd0       0x38 zephyr/arch/arch/arm/core/cortex_m/libarch__arm__core__cortex_m.a(prep_c.c.obj)
                0x08000cd0                z_prep_c
 .text.arch_new_thread
                0x08000d08       0x38 zephyr/arch/arch/arm/core/cortex_m/libarch__arm__core__cortex_m.a(thread.c.obj)
                0x08000d08                arch_new_thread
 .text.z_check_thread_stack_fail
                0x08000d40       0x2c zephyr/arch/arch/arm/core/cortex_m/libarch__arm__core__cortex_m.a(thread.c.obj)
                0x08000d40                z_check_thread_stack_fail
 .text.arch_switch_to_main_thread
                0x08000d6c       0x3c zephyr/arch/arch/arm/core/cortex_m/libarch__arm__core__cortex_m.a(thread.c.obj)
                0x08000d6c                arch_switch_to_main_thread
 .text.z_arm_cpu_idle_init
                0x08000da8        0xc zephyr/arch/arch/arm/core/cortex_m/libarch__arm__core__cortex_m.a(cpu_idle.c.obj)
                0x08000da8                z_arm_cpu_idle_init
 .text._HandlerModeExit
                0x08000db4       0x20 zephyr/arch/arch/arm/core/cortex_m/libarch__arm__core__cortex_m.a(exc_exit.c.obj)
                0x08000db4                z_arm_int_exit
                0x08000db4                z_arm_exc_exit
 .text.z_impl_k_thread_abort
                0x08000dd4       0x2c zephyr/arch/arch/arm/core/cortex_m/libarch__arm__core__cortex_m.a(thread_abort.c.obj)
                0x08000dd4                z_impl_k_thread_abort
 .text.z_arm_pendsv
                0x08000e00       0x60 zephyr/arch/arch/arm/core/cortex_m/libarch__arm__core__cortex_m.a(swap_helper.S.obj)
                0x08000e00                z_arm_pendsv
 .text.z_arm_interrupt_init
                0x08000e60       0x18 zephyr/arch/arch/arm/core/cortex_m/libarch__arm__core__cortex_m.a(irq_init.c.obj)
                0x08000e60                z_arm_interrupt_init
 .text._isr_wrapper
                0x08000e78       0x24 zephyr/arch/arch/arm/core/cortex_m/libarch__arm__core__cortex_m.a(isr_wrapper.c.obj)
                0x08000e78                _isr_wrapper
 .text.__aeabi_read_tp
                0x08000e9c        0xc zephyr/arch/arch/arm/core/cortex_m/libarch__arm__core__cortex_m.a(__aeabi_read_tp.S.obj)
                0x08000e9c                __aeabi_read_tp
 .text.z_arm_configure_static_mpu_regions
                0x08000ea8       0x18 zephyr/arch/arch/arm/core/mpu/libarch__arm__core__mpu.a(arm_core_mpu.c.obj)
                0x08000ea8                z_arm_configure_static_mpu_regions
 .text.z_arm_configure_dynamic_mpu_regions
                0x08000ec0       0x20 zephyr/arch/arch/arm/core/mpu/libarch__arm__core__mpu.a(arm_core_mpu.c.obj)
                0x08000ec0                z_arm_configure_dynamic_mpu_regions
 .text.region_init
                0x08000ee0       0x28 zephyr/arch/arch/arm/core/mpu/libarch__arm__core__mpu.a(arm_mpu.c.obj)
 .text.mpu_configure_regions
                0x08000f08       0x6c zephyr/arch/arch/arm/core/mpu/libarch__arm__core__mpu.a(arm_mpu.c.obj)
 .text.arm_core_mpu_enable
                0x08000f74       0x18 zephyr/arch/arch/arm/core/mpu/libarch__arm__core__mpu.a(arm_mpu.c.obj)
                0x08000f74                arm_core_mpu_enable
 .text.arm_core_mpu_disable
                0x08000f8c       0x14 zephyr/arch/arch/arm/core/mpu/libarch__arm__core__mpu.a(arm_mpu.c.obj)
                0x08000f8c                arm_core_mpu_disable
 .text.arm_core_mpu_configure_static_mpu_regions
                0x08000fa0       0x14 zephyr/arch/arch/arm/core/mpu/libarch__arm__core__mpu.a(arm_mpu.c.obj)
                0x08000fa0                arm_core_mpu_configure_static_mpu_regions
 .text.arm_core_mpu_configure_dynamic_mpu_regions
                0x08000fb4       0x38 zephyr/arch/arch/arm/core/mpu/libarch__arm__core__mpu.a(arm_mpu.c.obj)
                0x08000fb4                arm_core_mpu_configure_dynamic_mpu_regions
 .text.z_arm_mpu_init
                0x08000fec      0x184 zephyr/arch/arch/arm/core/mpu/libarch__arm__core__mpu.a(arm_mpu.c.obj)
                0x08000fec                z_arm_mpu_init
 .text.z_impl_zephyr_fputc
                0x08001170       0x10 zephyr/lib/libc/picolibc/liblib__libc__picolibc.a(stdio.c.obj)
                0x08001170                z_impl_zephyr_fputc
 .text.__stdout_hook_install
                0x08001180       0x18 zephyr/lib/libc/picolibc/liblib__libc__picolibc.a(stdio.c.obj)
                0x08001180                __stdout_hook_install
 .text.malloc_prepare
                0x08001198       0x24 zephyr/lib/libc/common/liblib__libc__common.a(malloc.c.obj)
 .text.stm32_exti_init
                0x080011bc       0x2c zephyr/drivers/interrupt_controller/libdrivers__interrupt_controller.a(intc_exti_stm32.c.obj)
 .text.stm32_exti_is_pending
                0x080011e8       0x20 zephyr/drivers/interrupt_controller/libdrivers__interrupt_controller.a(intc_exti_stm32.c.obj)
                0x080011e8                stm32_exti_is_pending
 .text.stm32_exti_clear_pending
                0x08001208       0x20 zephyr/drivers/interrupt_controller/libdrivers__interrupt_controller.a(intc_exti_stm32.c.obj)
                0x08001208                stm32_exti_clear_pending
 .text.stm32_fill_irq_table
                0x08001228       0x18 zephyr/drivers/interrupt_controller/libdrivers__interrupt_controller.a(intc_gpio_stm32.c.obj)
 .text.stm32_intc_gpio_isr
                0x08001240       0x4c zephyr/drivers/interrupt_controller/libdrivers__interrupt_controller.a(intc_gpio_stm32.c.obj)
 .text.stm32_gpio_intc_enable_line
                0x0800128c       0x2c zephyr/drivers/interrupt_controller/libdrivers__interrupt_controller.a(intc_gpio_stm32.c.obj)
                0x0800128c                stm32_gpio_intc_enable_line
 .text.stm32_gpio_intc_disable_line
                0x080012b8       0x10 zephyr/drivers/interrupt_controller/libdrivers__interrupt_controller.a(intc_gpio_stm32.c.obj)
                0x080012b8                stm32_gpio_intc_disable_line
 .text.stm32_gpio_intc_select_line_trigger
                0x080012c8       0x50 zephyr/drivers/interrupt_controller/libdrivers__interrupt_controller.a(intc_gpio_stm32.c.obj)
                0x080012c8                stm32_gpio_intc_select_line_trigger
 .text.stm32_gpio_intc_set_irq_callback
                0x08001318       0x40 zephyr/drivers/interrupt_controller/libdrivers__interrupt_controller.a(intc_gpio_stm32.c.obj)
                0x08001318                stm32_gpio_intc_set_irq_callback
 .text.stm32_gpio_intc_remove_irq_callback
                0x08001358       0x24 zephyr/drivers/interrupt_controller/libdrivers__interrupt_controller.a(intc_gpio_stm32.c.obj)
                0x08001358                stm32_gpio_intc_remove_irq_callback
 .text.stm32_exti_get_line_src_port
                0x0800137c       0x30 zephyr/drivers/interrupt_controller/libdrivers__interrupt_controller.a(intc_gpio_stm32.c.obj)
                0x0800137c                stm32_exti_get_line_src_port
 .text.stm32_clock_control_get_subsys_rate
                0x080013ac       0xb8 zephyr/drivers/clock_control/libdrivers__clock_control.a(clock_stm32_ll_common.c.obj)
 .text.enabled_clock
                0x08001464       0x20 zephyr/drivers/clock_control/libdrivers__clock_control.a(clock_stm32_ll_common.c.obj)
                0x08001464                enabled_clock
 .text.stm32_clock_control_init
                0x08001484      0x140 zephyr/drivers/clock_control/libdrivers__clock_control.a(clock_stm32_ll_common.c.obj)
                0x08001484                stm32_clock_control_init
 .text.get_pllsrc_frequency
                0x080015c4        0x8 zephyr/drivers/clock_control/libdrivers__clock_control.a(clock_stm32f2_f4_f7.c.obj)
                0x080015c4                get_pllsrc_frequency
 .text.config_pll_sysclock
                0x080015cc       0x38 zephyr/drivers/clock_control/libdrivers__clock_control.a(clock_stm32f2_f4_f7.c.obj)
                0x080015cc                config_pll_sysclock
 .text.config_enable_default_clocks
                0x08001604       0x20 zephyr/drivers/clock_control/libdrivers__clock_control.a(clock_stm32f2_f4_f7.c.obj)
                0x08001604                config_enable_default_clocks
 .text.uart_console_init
                0x08001624       0x28 zephyr/drivers/console/libdrivers__console.a(uart_console.c.obj)
 .text.console_out
                0x0800164c       0x28 zephyr/drivers/console/libdrivers__console.a(uart_console.c.obj)
 .text.gpio_stm32_pin_interrupt_configure
                0x08001674       0xac zephyr/drivers/gpio/libdrivers__gpio.a(gpio_stm32.c.obj)
 .text.uart_stm32_parameters_set
                0x08001720      0x104 zephyr/drivers/serial/libdrivers__serial.a(uart_stm32.c.obj)
 .text.uart_stm32_configure
                0x08001824       0xe4 zephyr/drivers/serial/libdrivers__serial.a(uart_stm32.c.obj)
 .text.elapsed  0x08001908       0x44 zephyr/drivers/timer/libdrivers__timer.a(cortex_m_systick.c.obj)
 .text.sys_clock_driver_init
                0x0800194c       0x34 zephyr/drivers/timer/libdrivers__timer.a(cortex_m_systick.c.obj)
 .text.sys_clock_isr
                0x08001980       0x60 zephyr/drivers/timer/libdrivers__timer.a(cortex_m_systick.c.obj)
                0x08001980                sys_clock_isr
 .text.sys_clock_set_timeout
                0x080019e0       0xf4 zephyr/drivers/timer/libdrivers__timer.a(cortex_m_systick.c.obj)
                0x080019e0                sys_clock_set_timeout
 .text.sys_clock_elapsed
                0x08001ad4       0x3c zephyr/drivers/timer/libdrivers__timer.a(cortex_m_systick.c.obj)
                0x08001ad4                sys_clock_elapsed
 .text.HAL_RCC_GetSysClockFreq
                0x08001b10       0x5c modules/hal_stm32/stm32cube/lib..__modules__hal__stm32__stm32cube.a(stm32f4xx_hal_rcc.c.obj)
                0x08001b10                HAL_RCC_GetSysClockFreq
 .text.LL_SetFlashLatency
                0x08001b6c      0x128 modules/hal_stm32/stm32cube/lib..__modules__hal__stm32__stm32cube.a(stm32f4xx_ll_utils.c.obj)
                0x08001b6c                LL_SetFlashLatency
 .text.z_fatal_error
                0x08001c94       0x30 zephyr/kernel/libkernel.a(fatal.c.obj)
                0x08001c94                z_fatal_error
 .text.z_sys_init_run_level
                0x08001cc4       0x30 zephyr/kernel/libkernel.a(init.c.obj)
 .text.bg_thread_main
                0x08001cf4       0xc0 zephyr/kernel/libkernel.a(init.c.obj)
 .text.z_init_cpu
                0x08001db4       0x70 zephyr/kernel/libkernel.a(init.c.obj)
                0x08001db4                z_init_cpu
 .text.z_cstart
                0x08001e24       0xcc zephyr/kernel/libkernel.a(init.c.obj)
                0x08001e24                z_cstart
 .text.z_setup_new_thread
                0x08001ef0       0x98 zephyr/kernel/libkernel.a(thread.c.obj)
                0x08001ef0                z_setup_new_thread
 .text.z_dummy_thread_init
                0x08001f88       0x18 zephyr/kernel/libkernel.a(thread.c.obj)
                0x08001f88                z_dummy_thread_init
 .text.z_swap_irqlock
                0x08001fa0       0x30 zephyr/kernel/libkernel.a(sched.c.obj)
 .text.ready_thread
                0x08001fd0       0x80 zephyr/kernel/libkernel.a(sched.c.obj)
 .text.unready_thread
                0x08002050       0x54 zephyr/kernel/libkernel.a(sched.c.obj)
 .text.reschedule.isra.0
                0x080020a4       0x28 zephyr/kernel/libkernel.a(sched.c.obj)
 .text.move_current_to_end_of_prio_q
                0x080020cc       0x6c zephyr/kernel/libkernel.a(sched.c.obj)
                0x080020cc                move_current_to_end_of_prio_q
 .text.k_sched_lock
                0x08002138       0x28 zephyr/kernel/libkernel.a(sched.c.obj)
                0x08002138                k_sched_lock
 .text.k_sched_unlock
                0x08002160       0x54 zephyr/kernel/libkernel.a(sched.c.obj)
                0x08002160                k_sched_unlock
 .text.z_sched_init
                0x080021b4       0x10 zephyr/kernel/libkernel.a(sched.c.obj)
                0x080021b4                z_sched_init
 .text.z_impl_k_yield
                0x080021c4       0x84 zephyr/kernel/libkernel.a(sched.c.obj)
                0x080021c4                z_impl_k_yield
 .text.z_tick_sleep
                0x08002248       0x78 zephyr/kernel/libkernel.a(sched.c.obj)
 .text.z_impl_k_sched_current_thread_query
                0x080022c0        0xc zephyr/kernel/libkernel.a(sched.c.obj)
                0x080022c0                z_impl_k_sched_current_thread_query
 .text.z_thread_abort
                0x080022cc      0x13c zephyr/kernel/libkernel.a(sched.c.obj)
                0x080022cc                z_thread_abort
 .text.z_time_slice_size
                0x08002408       0x40 zephyr/kernel/libkernel.a(timeslicing.c.obj)
 .text.slice_timeout
                0x08002448       0x20 zephyr/kernel/libkernel.a(timeslicing.c.obj)
 .text.z_reset_time_slice
                0x08002468       0x44 zephyr/kernel/libkernel.a(timeslicing.c.obj)
                0x08002468                z_reset_time_slice
 .text.z_time_slice
                0x080024ac       0x5c zephyr/kernel/libkernel.a(timeslicing.c.obj)
                0x080024ac                z_time_slice
 .text.first    0x08002508       0x10 zephyr/kernel/libkernel.a(timeout.c.obj)
 .text.elapsed  0x08002518       0x14 zephyr/kernel/libkernel.a(timeout.c.obj)
 .text.remove_timeout
                0x0800252c       0x38 zephyr/kernel/libkernel.a(timeout.c.obj)
 .text.z_add_timeout
                0x08002564      0x120 zephyr/kernel/libkernel.a(timeout.c.obj)
                0x08002564                z_add_timeout
 .text.sys_clock_announce
                0x08002684       0xbc zephyr/kernel/libkernel.a(timeout.c.obj)
                0x08002684                sys_clock_announce
 .text.sys_clock_tick_get
                0x08002740       0x30 zephyr/kernel/libkernel.a(timeout.c.obj)
                0x08002740                sys_clock_tick_get
 .text.boot_banner
                0x08002770        0xc zephyr/kernel/libkernel.a(banner.c.obj)
                0x08002770                boot_banner
 .text.__l_vfprintf
                0x0800277c      0x488 C:/Users/Hunter/zephyr-sdk-1.0.0/gnu/arm-zephyr-eabi/bin/../lib/gcc/arm-zephyr-eabi/14.3.0/../../../../arm-zephyr-eabi/lib/thumb/v7e-m/nofp/space\libc.a(libc_tinystdio_vflprintf.c.o)
                0x0800277c                __l_vfprintf
 .text._OffsetAbsSyms
                0x08002c04        0x2 zephyr/CMakeFiles/offsets.dir/./arch/arm/core/offsets/offsets.c.obj
                0x08002c04                _OffsetAbsSyms
 .text.gpio_pin_set.isra.0
                0x08002c06       0x20 app/libapp.a(main.c.obj)
 .text.gpio_pin_configure.isra.0
                0x08002c26       0x1c app/libapp.a(main.c.obj)
 .text.chunk_size
                0x08002c42        0xa zephyr/libzephyr.a(heap.c.obj)
 .text.free_list_add
                0x08002c4c       0x4e zephyr/libzephyr.a(heap.c.obj)
 .text.sys_heap_init
                0x08002c9a       0x82 zephyr/libzephyr.a(heap.c.obj)
                0x08002c9a                sys_heap_init
 .text.arch_printk_char_out
                0x08002d1c        0x4 zephyr/libzephyr.a(printk.c.obj)
                0x08002d1c                arch_printk_char_out
 .text.printk   0x08002d20       0x1a zephyr/libzephyr.a(printk.c.obj)
                0x08002d20                printk
 .text._ConfigAbsSyms
                0x08002d3a        0x2 zephyr/libzephyr.a(configs.c.obj)
                0x08002d3a                _ConfigAbsSyms
 .text.stm32_gpioport_configure_pin
                0x08002d3c      0x10a zephyr/libzephyr.a(gpioport_mgr.c.obj)
                0x08002d3c                stm32_gpioport_configure_pin
 .text.arch_early_memset
                0x08002e46        0x4 zephyr/arch/common/libarch__common.a(init.c.obj)
                0x08002e46                arch_early_memset
 .text.arch_early_memcpy
                0x08002e4a        0x4 zephyr/arch/common/libarch__common.a(init.c.obj)
                0x08002e4a                arch_early_memcpy
 .text.z_do_kernel_oops
                0x08002e4e        0x8 zephyr/arch/arch/arm/core/libarch__arm__core.a(fatal.c.obj)
                0x08002e4e                z_do_kernel_oops
 .text.z_arm_nmi
                0x08002e56        0xe zephyr/arch/arch/arm/core/libarch__arm__core.a(nmi.c.obj)
                0x08002e56                z_arm_nmi
 .text.z_irq_spurious
                0x08002e64        0x8 zephyr/arch/arch/arm/core/cortex_m/libarch__arm__core__cortex_m.a(irq_manage.c.obj)
                0x08002e64                z_irq_spurious
 .text.arch_coprocessors_disable
                0x08002e6c        0x6 zephyr/arch/arch/arm/core/cortex_m/libarch__arm__core__cortex_m.a(thread.c.obj)
                0x08002e6c                arch_coprocessors_disable
 .text.arch_irq_unlock_outlined
                0x08002e72        0xe zephyr/arch/arch/arm/core/cortex_m/libarch__arm__core__cortex_m.a(thread.c.obj)
                0x08002e72                arch_irq_unlock_outlined
 .text.arch_cpu_idle
                0x08002e80       0x1a zephyr/arch/arch/arm/core/cortex_m/libarch__arm__core__cortex_m.a(cpu_idle.c.obj)
                0x08002e80                arch_cpu_idle
 .text.size_to_mpu_rasr_size
                0x08002e9a       0x20 zephyr/arch/arch/arm/core/mpu/libarch__arm__core__mpu.a(arm_mpu.c.obj)
 .text.picolibc_put
                0x08002eba        0xa zephyr/lib/libc/picolibc/liblib__libc__picolibc.a(stdio.c.obj)
 .text.stm32_exti_gpio_intc_init
                0x08002ec4       0x92 zephyr/drivers/interrupt_controller/libdrivers__interrupt_controller.a(intc_gpio_stm32.c.obj)
 .text.stm32_gpio_intc_get_pin_irq_line
                0x08002f56        0xa zephyr/drivers/interrupt_controller/libdrivers__interrupt_controller.a(intc_gpio_stm32.c.obj)
                0x08002f56                stm32_gpio_intc_get_pin_irq_line
 .text.stm32_exti_set_line_src_port
                0x08002f60       0x36 zephyr/drivers/interrupt_controller/libdrivers__interrupt_controller.a(intc_gpio_stm32.c.obj)
                0x08002f60                stm32_exti_set_line_src_port
 .text.stm32_clock_control_on
                0x08002f96       0x44 zephyr/drivers/clock_control/libdrivers__clock_control.a(clock_stm32_ll_common.c.obj)
 .text.stm32_clock_control_off
                0x08002fda       0x2c zephyr/drivers/clock_control/libdrivers__clock_control.a(clock_stm32_ll_common.c.obj)
 .text.stm32_clock_control_configure
                0x08003006       0x46 zephyr/drivers/clock_control/libdrivers__clock_control.a(clock_stm32_ll_common.c.obj)
 .text.stm32_clock_control_get_status
                0x0800304c       0x38 zephyr/drivers/clock_control/libdrivers__clock_control.a(clock_stm32_ll_common.c.obj)
 .text.config_regulator_voltage
                0x08003084        0x2 zephyr/drivers/clock_control/libdrivers__clock_control.a(clock_stm32_ll_common.c.obj)
                0x08003084                config_regulator_voltage
 .text.gpio_stm32_port_get_raw
                0x08003086        0xc zephyr/drivers/gpio/libdrivers__gpio.a(gpio_stm32.c.obj)
 .text.gpio_stm32_port_set_masked_raw
                0x08003092       0x12 zephyr/drivers/gpio/libdrivers__gpio.a(gpio_stm32.c.obj)
 .text.gpio_stm32_port_set_bits_raw
                0x080030a4        0xa zephyr/drivers/gpio/libdrivers__gpio.a(gpio_stm32.c.obj)
 .text.gpio_stm32_port_clear_bits_raw
                0x080030ae        0xc zephyr/drivers/gpio/libdrivers__gpio.a(gpio_stm32.c.obj)
 .text.gpio_stm32_port_toggle_bits
                0x080030ba        0xe zephyr/drivers/gpio/libdrivers__gpio.a(gpio_stm32.c.obj)
 .text.gpio_stm32_manage_callback
                0x080030c8       0x54 zephyr/drivers/gpio/libdrivers__gpio.a(gpio_stm32.c.obj)
 .text.gpio_stm32_config
                0x0800311c       0xd6 zephyr/drivers/gpio/libdrivers__gpio.a(gpio_stm32.c.obj)
 .text.gpio_stm32_isr
                0x080031f2       0x2c zephyr/drivers/gpio/libdrivers__gpio.a(gpio_stm32.c.obj)
 .text.pinctrl_lookup_state
                0x0800321e       0x26 zephyr/drivers/pinctrl/libdrivers__pinctrl.a(common.c.obj)
                0x0800321e                pinctrl_lookup_state
 .text.pinctrl_configure_pins
                0x08003244       0x82 zephyr/drivers/pinctrl/libdrivers__pinctrl.a(pinctrl_stm32.c.obj)
                0x08003244                pinctrl_configure_pins
 .text.reset_stm32_status
                0x080032c6       0x20 zephyr/drivers/reset/libdrivers__reset.a(reset_stm32.c.obj)
 .text.reset_stm32_line_assert
                0x080032e6       0x1c zephyr/drivers/reset/libdrivers__reset.a(reset_stm32.c.obj)
 .text.reset_stm32_line_deassert
                0x08003302       0x1e zephyr/drivers/reset/libdrivers__reset.a(reset_stm32.c.obj)
 .text.reset_stm32_line_toggle
                0x08003320       0x16 zephyr/drivers/reset/libdrivers__reset.a(reset_stm32.c.obj)
 .text.LL_USART_ClearFlag_PE
                0x08003336       0x12 zephyr/drivers/serial/libdrivers__serial.a(uart_stm32.c.obj)
 .text.uart_stm32_err_check
                0x08003348       0x5e zephyr/drivers/serial/libdrivers__serial.a(uart_stm32.c.obj)
 .text.uart_stm32_set_baudrate.isra.0
                0x080033a6       0x64 zephyr/drivers/serial/libdrivers__serial.a(uart_stm32.c.obj)
 .text.uart_stm32_poll_in
                0x0800340a       0x22 zephyr/drivers/serial/libdrivers__serial.a(uart_stm32.c.obj)
 .text.uart_stm32_poll_out
                0x0800342c       0x36 zephyr/drivers/serial/libdrivers__serial.a(uart_stm32.c.obj)
 .text.uart_stm32_init
                0x08003462       0xa6 zephyr/drivers/serial/libdrivers__serial.a(uart_stm32.c.obj)
 .text.uart_stm32_config_get
                0x08003508       0x8e zephyr/drivers/serial/libdrivers__serial.a(uart_stm32.c.obj)
 .text.do_device_init
                0x08003596       0x30 zephyr/kernel/libkernel.a(device.c.obj)
                0x08003596                do_device_init
 .text.z_impl_device_is_ready
                0x080035c6       0x16 zephyr/kernel/libkernel.a(device.c.obj)
                0x080035c6                z_impl_device_is_ready
 .text.arch_system_halt
                0x080035dc       0x10 zephyr/kernel/libkernel.a(fatal.c.obj)
                0x080035dc                arch_system_halt
 .text.k_sys_fatal_error_handler
                0x080035ec        0x6 zephyr/kernel/libkernel.a(fatal.c.obj)
                0x080035ec                k_sys_fatal_error_handler
 .text.idle     0x080035f2       0x16 zephyr/kernel/libkernel.a(idle.c.obj)
                0x080035f2                idle
 .text.sys_dlist_remove
                0x08003608       0x10 zephyr/kernel/libkernel.a(sched.c.obj)
 .text.unpend_thread_no_timeout
                0x08003618       0x14 zephyr/kernel/libkernel.a(sched.c.obj)
 .text.z_ready_thread
                0x0800362c       0x1e zephyr/kernel/libkernel.a(sched.c.obj)
                0x0800362c                z_ready_thread
 .text.z_sched_wake_thread_locked
                0x0800364a       0x28 zephyr/kernel/libkernel.a(sched.c.obj)
                0x0800364a                z_sched_wake_thread_locked
 .text.z_thread_timeout
                0x08003672       0x20 zephyr/kernel/libkernel.a(sched.c.obj)
                0x08003672                z_thread_timeout
 .text.z_impl_k_sleep
                0x08003692       0x32 zephyr/kernel/libkernel.a(sched.c.obj)
                0x08003692                z_impl_k_sleep
 .text.z_impl_k_wakeup
                0x080036c4       0x40 zephyr/kernel/libkernel.a(sched.c.obj)
                0x080036c4                z_impl_k_wakeup
 .text.next_timeout
                0x08003704       0x2e zephyr/kernel/libkernel.a(timeout.c.obj)
 .text.z_abort_timeout
                0x08003732       0x50 zephyr/kernel/libkernel.a(timeout.c.obj)
                0x08003732                z_abort_timeout
 .text.sys_clock_tick_get_32
                0x08003782        0x8 zephyr/kernel/libkernel.a(timeout.c.obj)
                0x08003782                sys_clock_tick_get_32
 .text.memcpy   0x0800378a       0x1c C:/Users/Hunter/zephyr-sdk-1.0.0/gnu/arm-zephyr-eabi/bin/../lib/gcc/arm-zephyr-eabi/14.3.0/../../../../arm-zephyr-eabi/lib/thumb/v7e-m/nofp/space\libc.a(memcpy.c.o)
                0x0800378a                __aeabi_memcpy
                0x0800378a                __aeabi_memcpy4
                0x0800378a                __aeabi_memcpy8
                0x0800378a                memcpy
 .text.memset   0x080037a6       0x10 C:/Users/Hunter/zephyr-sdk-1.0.0/gnu/arm-zephyr-eabi/bin/../lib/gcc/arm-zephyr-eabi/14.3.0/../../../../arm-zephyr-eabi/lib/thumb/v7e-m/nofp/space\libc.a(memset.c.o)
                0x080037a6                memset
 .text.strnlen  0x080037b6       0x18 C:/Users/Hunter/zephyr-sdk-1.0.0/gnu/arm-zephyr-eabi/bin/../lib/gcc/arm-zephyr-eabi/14.3.0/../../../../arm-zephyr-eabi/lib/thumb/v7e-m/nofp/space\libc.a(libc_string_strnlen.c.o)
                0x080037b6                strnlen
 .text.__ultoa_invert
                0x080037ce       0xae C:/Users/Hunter/zephyr-sdk-1.0.0/gnu/arm-zephyr-eabi/bin/../lib/gcc/arm-zephyr-eabi/14.3.0/../../../../arm-zephyr-eabi/lib/thumb/v7e-m/nofp/space\libc.a(libc_tinystdio_vflprintf.c.o)
 *(SORT_BY_ALIGNMENT(.gnu.linkonce.t.*))
 *(SORT_BY_ALIGNMENT(.glue_7t))
 .glue_7t       0x0800387c        0x0 linker stubs
 *(SORT_BY_ALIGNMENT(.glue_7))
 .glue_7        0x0800387c        0x0 linker stubs
 *(SORT_BY_ALIGNMENT(.vfp11_veneer))
 .vfp11_veneer  0x0800387c        0x0 linker stubs
 *(SORT_BY_ALIGNMENT(.v4_bx))
 .v4_bx         0x0800387c        0x0 linker stubs
                0x0800387c                        . = ALIGN (0x4)
                0x0800387c                        __text_region_end = .

.ARM.exidx      0x0800387c        0x8
                0x0800387c                        __exidx_start = .
 *(SORT_BY_ALIGNMENT(.ARM.exidx*) SORT_BY_ALIGNMENT(gnu.linkonce.armexidx.*))
 .ARM.exidx     0x0800387c        0x8 C:/Users/Hunter/zephyr-sdk-1.0.0/gnu/arm-zephyr-eabi/bin/../lib/gcc/arm-zephyr-eabi/14.3.0/thumb/v7e-m/nofp/space\libgcc.a(_udivmoddi4.o)
                0x08003884                        __exidx_end = .
                0x08003884                        __rodata_region_start = .

initlevel       0x08003884       0xa8
                0x08003884                        __init_start = .
                0x08003884                        __init_EARLY_start = .
 *(SORT_BY_NAME(SORT_BY_ALIGNMENT(.z_init_EARLY_P_?_*)))
 *(SORT_BY_NAME(SORT_BY_ALIGNMENT(.z_init_EARLY_P_??_*)))
 *(SORT_BY_NAME(SORT_BY_ALIGNMENT(.z_init_EARLY_P_???_*)))
                0x08003884                        __init_PRE_KERNEL_1_start = .
 *(SORT_BY_NAME(SORT_BY_ALIGNMENT(.z_init_PRE_KERNEL_1_P_?_*)))
 .z_init_PRE_KERNEL_1_P_1_SUB_00009_
                0x08003884        0x8 zephyr/drivers/clock_control/libdrivers__clock_control.a(clock_stm32_ll_common.c.obj)
 .z_init_PRE_KERNEL_1_P_1_SUB_0_
                0x0800388c        0x8 zephyr/libzephyr.a(soc_config.c.obj)
 *(SORT_BY_NAME(SORT_BY_ALIGNMENT(.z_init_PRE_KERNEL_1_P_??_*)))
 .z_init_PRE_KERNEL_1_P_35_SUB_00061_
                0x08003894        0x8 zephyr/drivers/reset/libdrivers__reset.a(reset_stm32.c.obj)
 .z_init_PRE_KERNEL_1_P_40_SUB_00043_
                0x0800389c        0x8 zephyr/libzephyr.a(gpioport_mgr.c.obj)
 .z_init_PRE_KERNEL_1_P_40_SUB_00046_
                0x080038a4        0x8 zephyr/libzephyr.a(gpioport_mgr.c.obj)
 .z_init_PRE_KERNEL_1_P_40_SUB_00054_
                0x080038ac        0x8 zephyr/libzephyr.a(gpioport_mgr.c.obj)
 .z_init_PRE_KERNEL_1_P_40_SUB_00069_
                0x080038b4        0x8 zephyr/drivers/interrupt_controller/libdrivers__interrupt_controller.a(intc_exti_stm32.c.obj)
 .z_init_PRE_KERNEL_1_P_40_SUB_00090_
                0x080038bc        0x8 zephyr/libzephyr.a(gpioport_mgr.c.obj)
 .z_init_PRE_KERNEL_1_P_40_SUB_00128_
                0x080038c4        0x8 zephyr/libzephyr.a(gpioport_mgr.c.obj)
 .z_init_PRE_KERNEL_1_P_40_SUB_00129_
                0x080038cc        0x8 zephyr/libzephyr.a(gpioport_mgr.c.obj)
 .z_init_PRE_KERNEL_1_P_40_SUB_00130_
                0x080038d4        0x8 zephyr/libzephyr.a(gpioport_mgr.c.obj)
 .z_init_PRE_KERNEL_1_P_40_SUB_00131_
                0x080038dc        0x8 zephyr/libzephyr.a(gpioport_mgr.c.obj)
 .z_init_PRE_KERNEL_1_P_40_SUB_00132_
                0x080038e4        0x8 zephyr/libzephyr.a(gpioport_mgr.c.obj)
 .z_init_PRE_KERNEL_1_P_40_SUB_00133_
                0x080038ec        0x8 zephyr/libzephyr.a(gpioport_mgr.c.obj)
 .z_init_PRE_KERNEL_1_P_40_SUB_00134_
                0x080038f4        0x8 zephyr/libzephyr.a(gpioport_mgr.c.obj)
 .z_init_PRE_KERNEL_1_P_40_SUB_0_
                0x080038fc        0x8 zephyr/drivers/interrupt_controller/libdrivers__interrupt_controller.a(intc_gpio_stm32.c.obj)
 .z_init_PRE_KERNEL_1_P_50_SUB_00079_
                0x08003904        0x8 zephyr/drivers/serial/libdrivers__serial.a(uart_stm32.c.obj)
 .z_init_PRE_KERNEL_1_P_50_SUB_00087_
                0x0800390c        0x8 zephyr/drivers/serial/libdrivers__serial.a(uart_stm32.c.obj)
 .z_init_PRE_KERNEL_1_P_60_SUB_0_
                0x08003914        0x8 zephyr/drivers/console/libdrivers__console.a(uart_console.c.obj)
 *(SORT_BY_NAME(SORT_BY_ALIGNMENT(.z_init_PRE_KERNEL_1_P_???_*)))
                0x0800391c                        __init_PRE_KERNEL_2_start = .
 *(SORT_BY_NAME(SORT_BY_ALIGNMENT(.z_init_PRE_KERNEL_2_P_?_*)))
 .z_init_PRE_KERNEL_2_P_0_SUB_0_
                0x0800391c        0x8 zephyr/drivers/timer/libdrivers__timer.a(cortex_m_systick.c.obj)
 *(SORT_BY_NAME(SORT_BY_ALIGNMENT(.z_init_PRE_KERNEL_2_P_??_*)))
 *(SORT_BY_NAME(SORT_BY_ALIGNMENT(.z_init_PRE_KERNEL_2_P_???_*)))
                0x08003924                        __init_POST_KERNEL_start = .
 *(SORT_BY_NAME(SORT_BY_ALIGNMENT(.z_init_POST_KERNEL_P_?_*)))
 *(SORT_BY_NAME(SORT_BY_ALIGNMENT(.z_init_POST_KERNEL_P_??_*)))
 .z_init_POST_KERNEL_P_35_SUB_0_
                0x08003924        0x8 zephyr/lib/libc/common/liblib__libc__common.a(malloc.c.obj)
 *(SORT_BY_NAME(SORT_BY_ALIGNMENT(.z_init_POST_KERNEL_P_???_*)))
                0x0800392c                        __init_APPLICATION_start = .
 *(SORT_BY_NAME(SORT_BY_ALIGNMENT(.z_init_APPLICATION_P_?_*)))
 *(SORT_BY_NAME(SORT_BY_ALIGNMENT(.z_init_APPLICATION_P_??_*)))
 *(SORT_BY_NAME(SORT_BY_ALIGNMENT(.z_init_APPLICATION_P_???_*)))
                0x0800392c                        __init_SMP_start = .
 *(SORT_BY_NAME(SORT_BY_ALIGNMENT(.z_init_SMP_P_?_*)))
 *(SORT_BY_NAME(SORT_BY_ALIGNMENT(.z_init_SMP_P_??_*)))
 *(SORT_BY_NAME(SORT_BY_ALIGNMENT(.z_init_SMP_P_???_*)))
                0x0800392c                        __init_end = .

device_area     0x0800392c      0x1c0
                0x0800392c                        _device_list_start = .
 *(SORT_BY_NAME(SORT_BY_ALIGNMENT(._device.static.*_?_*)))
 ._device.static.1_1_
                0x0800392c       0x1c zephyr/drivers/clock_control/libdrivers__clock_control.a(clock_stm32_ll_common.c.obj)
                0x0800392c                __device_dts_ord_9
 *(SORT_BY_NAME(SORT_BY_ALIGNMENT(._device.static.*_??_*)))
 ._device.static.1_35_
                0x08003948       0x1c zephyr/drivers/reset/libdrivers__reset.a(reset_stm32.c.obj)
                0x08003948                __device_dts_ord_61
 ._device.static.1_40_
                0x08003964      0x134 zephyr/libzephyr.a(gpioport_mgr.c.obj)
                0x08003964                __device_dts_ord_134
                0x08003980                __device_dts_ord_133
                0x0800399c                __device_dts_ord_132
                0x080039b8                __device_dts_ord_131
                0x080039d4                __device_dts_ord_130
                0x080039f0                __device_dts_ord_129
                0x08003a0c                __device_dts_ord_128
                0x08003a28                __device_dts_ord_90
                0x08003a44                __device_dts_ord_43
                0x08003a60                __device_dts_ord_46
                0x08003a7c                __device_dts_ord_54
 ._device.static.1_40_
                0x08003a98       0x1c zephyr/drivers/interrupt_controller/libdrivers__interrupt_controller.a(intc_exti_stm32.c.obj)
                0x08003a98                __device_dts_ord_69
 ._device.static.1_50_
                0x08003ab4       0x38 zephyr/drivers/serial/libdrivers__serial.a(uart_stm32.c.obj)
                0x08003ab4                __device_dts_ord_79
                0x08003ad0                __device_dts_ord_87
 *(SORT_BY_NAME(SORT_BY_ALIGNMENT(._device.static.*_???_*)))
 *(SORT_BY_NAME(SORT_BY_ALIGNMENT(._device.static.*_????_*)))
 *(SORT_BY_NAME(SORT_BY_ALIGNMENT(._device.static.*_?????_*)))
                0x08003aec                        _device_list_end = .

sw_isr_table    0x08003aec      0x288
                0x08003aec                        . = ALIGN (0x4)
 *(SORT_BY_ALIGNMENT(.gnu.linkonce.sw_isr_table*))
 .gnu.linkonce.sw_isr_table
                0x08003aec      0x288 zephyr/arch/common/libisr_tables.a(isr_tables.c.obj)
                0x08003aec                _sw_isr_table

initlevel_error
 *(SORT_BY_NAME(SORT_BY_ALIGNMENT(.z_init_*)))
                0x00000001                        ASSERT ((SIZEOF (initlevel_error) == 0x0), Undefined initialization levels used.)

app_shmem_regions
                0x08003d74        0x0
                0x08003d74                        __app_shmem_regions_start = .
 *(SORT_BY_NAME(SORT_BY_ALIGNMENT(.app_regions.*)))
                0x08003d74                        __app_shmem_regions_end = .

k_p4wq_initparam_area
                0x08003d74        0x0
                0x08003d74                        _k_p4wq_initparam_list_start = .
 *(SORT_BY_NAME(SORT_BY_ALIGNMENT(._k_p4wq_initparam.static.*)))
                0x08003d74                        _k_p4wq_initparam_list_end = .

_static_thread_data_area
                0x08003d74        0x0
                0x08003d74                        __static_thread_data_list_start = .
 *(SORT_BY_NAME(SORT_BY_ALIGNMENT(.__static_thread_data.static.*)))
                0x08003d74                        __static_thread_data_list_end = .

device_deps     0x08003d74        0x0
                0x08003d74                        __device_deps_start = .
 *(SORT_BY_NAME(SORT_BY_ALIGNMENT(.__device_deps_pass2*)))
                0x08003d74                        __device_deps_end = .

gpio_driver_api_area
                0x08003d74       0x24
                0x08003d74                        _gpio_driver_api_list_start = .
 *(SORT_BY_NAME(SORT_BY_ALIGNMENT(._gpio_driver_api.static.*)))
 ._gpio_driver_api.static.gpio_stm32_driver_
                0x08003d74       0x24 zephyr/drivers/gpio/libdrivers__gpio.a(gpio_stm32.c.obj)
                0x08003d74                gpio_stm32_driver
                0x08003d98                        _gpio_driver_api_list_end = .

reset_driver_api_area
                0x08003d98       0x10
                0x08003d98                        _reset_driver_api_list_start = .
 *(SORT_BY_NAME(SORT_BY_ALIGNMENT(._reset_driver_api.static.*)))
 ._reset_driver_api.static.reset_stm32_driver_api_
                0x08003d98       0x10 zephyr/drivers/reset/libdrivers__reset.a(reset_stm32.c.obj)
                0x08003da8                        _reset_driver_api_list_end = .

shared_irq_driver_api_area
                0x08003da8        0x0
                0x08003da8                        _shared_irq_driver_api_list_start = .
 *(SORT_BY_NAME(SORT_BY_ALIGNMENT(._shared_irq_driver_api.static.*)))
                0x08003da8                        _shared_irq_driver_api_list_end = .

crypto_driver_api_area
                0x08003da8        0x0
                0x08003da8                        _crypto_driver_api_list_start = .
 *(SORT_BY_NAME(SORT_BY_ALIGNMENT(._crypto_driver_api.static.*)))
                0x08003da8                        _crypto_driver_api_list_end = .

adc_driver_api_area
                0x08003da8        0x0
                0x08003da8                        _adc_driver_api_list_start = .
 *(SORT_BY_NAME(SORT_BY_ALIGNMENT(._adc_driver_api.static.*)))
                0x08003da8                        _adc_driver_api_list_end = .

auxdisplay_driver_api_area
                0x08003da8        0x0
                0x08003da8                        _auxdisplay_driver_api_list_start = .
 *(SORT_BY_NAME(SORT_BY_ALIGNMENT(._auxdisplay_driver_api.static.*)))
                0x08003da8                        _auxdisplay_driver_api_list_end = .

bbram_driver_api_area
                0x08003da8        0x0
                0x08003da8                        _bbram_driver_api_list_start = .
 *(SORT_BY_NAME(SORT_BY_ALIGNMENT(._bbram_driver_api.static.*)))
                0x08003da8                        _bbram_driver_api_list_end = .

biometric_driver_api_area
                0x08003da8        0x0
                0x08003da8                        _biometric_driver_api_list_start = .
 *(SORT_BY_NAME(SORT_BY_ALIGNMENT(._biometric_driver_api.static.*)))
                0x08003da8                        _biometric_driver_api_list_end = .

bt_hci_driver_api_area
                0x08003da8        0x0
                0x08003da8                        _bt_hci_driver_api_list_start = .
 *(SORT_BY_NAME(SORT_BY_ALIGNMENT(._bt_hci_driver_api.static.*)))
                0x08003da8                        _bt_hci_driver_api_list_end = .

can_driver_api_area
                0x08003da8        0x0
                0x08003da8                        _can_driver_api_list_start = .
 *(SORT_BY_NAME(SORT_BY_ALIGNMENT(._can_driver_api.static.*)))
                0x08003da8                        _can_driver_api_list_end = .

cellular_driver_api_area
                0x08003da8        0x0
                0x08003da8                        _cellular_driver_api_list_start = .
 *(SORT_BY_NAME(SORT_BY_ALIGNMENT(._cellular_driver_api.static.*)))
                0x08003da8                        _cellular_driver_api_list_end = .

charger_driver_api_area
                0x08003da8        0x0
                0x08003da8                        _charger_driver_api_list_start = .
 *(SORT_BY_NAME(SORT_BY_ALIGNMENT(._charger_driver_api.static.*)))
                0x08003da8                        _charger_driver_api_list_end = .

clock_control_driver_api_area
                0x08003da8       0x1c
                0x08003da8                        _clock_control_driver_api_list_start = .
 *(SORT_BY_NAME(SORT_BY_ALIGNMENT(._clock_control_driver_api.static.*)))
 ._clock_control_driver_api.static.stm32_clock_control_api_
                0x08003da8       0x1c zephyr/drivers/clock_control/libdrivers__clock_control.a(clock_stm32_ll_common.c.obj)
                0x08003dc4                        _clock_control_driver_api_list_end = .

comparator_driver_api_area
                0x08003dc4        0x0
                0x08003dc4                        _comparator_driver_api_list_start = .
 *(SORT_BY_NAME(SORT_BY_ALIGNMENT(._comparator_driver_api.static.*)))
                0x08003dc4                        _comparator_driver_api_list_end = .

coredump_driver_api_area
                0x08003dc4        0x0
                0x08003dc4                        _coredump_driver_api_list_start = .
 *(SORT_BY_NAME(SORT_BY_ALIGNMENT(._coredump_driver_api.static.*)))
                0x08003dc4                        _coredump_driver_api_list_end = .

counter_driver_api_area
                0x08003dc4        0x0
                0x08003dc4                        _counter_driver_api_list_start = .
 *(SORT_BY_NAME(SORT_BY_ALIGNMENT(._counter_driver_api.static.*)))
                0x08003dc4                        _counter_driver_api_list_end = .

crc_driver_api_area
                0x08003dc4        0x0
                0x08003dc4                        _crc_driver_api_list_start = .
 *(SORT_BY_NAME(SORT_BY_ALIGNMENT(._crc_driver_api.static.*)))
                0x08003dc4                        _crc_driver_api_list_end = .

dac_driver_api_area
                0x08003dc4        0x0
                0x08003dc4                        _dac_driver_api_list_start = .
 *(SORT_BY_NAME(SORT_BY_ALIGNMENT(._dac_driver_api.static.*)))
                0x08003dc4                        _dac_driver_api_list_end = .

dai_driver_api_area
                0x08003dc4        0x0
                0x08003dc4                        _dai_driver_api_list_start = .
 *(SORT_BY_NAME(SORT_BY_ALIGNMENT(._dai_driver_api.static.*)))
                0x08003dc4                        _dai_driver_api_list_end = .

display_driver_api_area
                0x08003dc4        0x0
                0x08003dc4                        _display_driver_api_list_start = .
 *(SORT_BY_NAME(SORT_BY_ALIGNMENT(._display_driver_api.static.*)))
                0x08003dc4                        _display_driver_api_list_end = .

dma_driver_api_area
                0x08003dc4        0x0
                0x08003dc4                        _dma_driver_api_list_start = .
 *(SORT_BY_NAME(SORT_BY_ALIGNMENT(._dma_driver_api.static.*)))
                0x08003dc4                        _dma_driver_api_list_end = .

edac_driver_api_area
                0x08003dc4        0x0
                0x08003dc4                        _edac_driver_api_list_start = .
 *(SORT_BY_NAME(SORT_BY_ALIGNMENT(._edac_driver_api.static.*)))
                0x08003dc4                        _edac_driver_api_list_end = .

eeprom_driver_api_area
                0x08003dc4        0x0
                0x08003dc4                        _eeprom_driver_api_list_start = .
 *(SORT_BY_NAME(SORT_BY_ALIGNMENT(._eeprom_driver_api.static.*)))
                0x08003dc4                        _eeprom_driver_api_list_end = .

emul_bbram_driver_api_area
                0x08003dc4        0x0
                0x08003dc4                        _emul_bbram_driver_api_list_start = .
 *(SORT_BY_NAME(SORT_BY_ALIGNMENT(._emul_bbram_driver_api.static.*)))
                0x08003dc4                        _emul_bbram_driver_api_list_end = .

fuel_gauge_emul_driver_api_area
                0x08003dc4        0x0
                0x08003dc4                        _fuel_gauge_emul_driver_api_list_start = .
 *(SORT_BY_NAME(SORT_BY_ALIGNMENT(._fuel_gauge_emul_driver_api.static.*)))
                0x08003dc4                        _fuel_gauge_emul_driver_api_list_end = .

emul_sensor_driver_api_area
                0x08003dc4        0x0
                0x08003dc4                        _emul_sensor_driver_api_list_start = .
 *(SORT_BY_NAME(SORT_BY_ALIGNMENT(._emul_sensor_driver_api.static.*)))
                0x08003dc4                        _emul_sensor_driver_api_list_end = .

entropy_driver_api_area
                0x08003dc4        0x0
                0x08003dc4                        _entropy_driver_api_list_start = .
 *(SORT_BY_NAME(SORT_BY_ALIGNMENT(._entropy_driver_api.static.*)))
                0x08003dc4                        _entropy_driver_api_list_end = .

espi_driver_api_area
                0x08003dc4        0x0
                0x08003dc4                        _espi_driver_api_list_start = .
 *(SORT_BY_NAME(SORT_BY_ALIGNMENT(._espi_driver_api.static.*)))
                0x08003dc4                        _espi_driver_api_list_end = .

espi_saf_driver_api_area
                0x08003dc4        0x0
                0x08003dc4                        _espi_saf_driver_api_list_start = .
 *(SORT_BY_NAME(SORT_BY_ALIGNMENT(._espi_saf_driver_api.static.*)))
                0x08003dc4                        _espi_saf_driver_api_list_end = .

flash_driver_api_area
                0x08003dc4        0x0
                0x08003dc4                        _flash_driver_api_list_start = .
 *(SORT_BY_NAME(SORT_BY_ALIGNMENT(._flash_driver_api.static.*)))
                0x08003dc4                        _flash_driver_api_list_end = .

fpga_driver_api_area
                0x08003dc4        0x0
                0x08003dc4                        _fpga_driver_api_list_start = .
 *(SORT_BY_NAME(SORT_BY_ALIGNMENT(._fpga_driver_api.static.*)))
                0x08003dc4                        _fpga_driver_api_list_end = .

fuel_gauge_driver_api_area
                0x08003dc4        0x0
                0x08003dc4                        _fuel_gauge_driver_api_list_start = .
 *(SORT_BY_NAME(SORT_BY_ALIGNMENT(._fuel_gauge_driver_api.static.*)))
                0x08003dc4                        _fuel_gauge_driver_api_list_end = .

gnss_driver_api_area
                0x08003dc4        0x0
                0x08003dc4                        _gnss_driver_api_list_start = .
 *(SORT_BY_NAME(SORT_BY_ALIGNMENT(._gnss_driver_api.static.*)))
                0x08003dc4                        _gnss_driver_api_list_end = .

haptics_driver_api_area
                0x08003dc4        0x0
                0x08003dc4                        _haptics_driver_api_list_start = .
 *(SORT_BY_NAME(SORT_BY_ALIGNMENT(._haptics_driver_api.static.*)))
                0x08003dc4                        _haptics_driver_api_list_end = .

hwspinlock_driver_api_area
                0x08003dc4        0x0
                0x08003dc4                        _hwspinlock_driver_api_list_start = .
 *(SORT_BY_NAME(SORT_BY_ALIGNMENT(._hwspinlock_driver_api.static.*)))
                0x08003dc4                        _hwspinlock_driver_api_list_end = .

i2c_driver_api_area
                0x08003dc4        0x0
                0x08003dc4                        _i2c_driver_api_list_start = .
 *(SORT_BY_NAME(SORT_BY_ALIGNMENT(._i2c_driver_api.static.*)))
                0x08003dc4                        _i2c_driver_api_list_end = .

i2c_target_driver_api_area
                0x08003dc4        0x0
                0x08003dc4                        _i2c_target_driver_api_list_start = .
 *(SORT_BY_NAME(SORT_BY_ALIGNMENT(._i2c_target_driver_api.static.*)))
                0x08003dc4                        _i2c_target_driver_api_list_end = .

i2s_driver_api_area
                0x08003dc4        0x0
                0x08003dc4                        _i2s_driver_api_list_start = .
 *(SORT_BY_NAME(SORT_BY_ALIGNMENT(._i2s_driver_api.static.*)))
                0x08003dc4                        _i2s_driver_api_list_end = .

i3c_driver_api_area
                0x08003dc4        0x0
                0x08003dc4                        _i3c_driver_api_list_start = .
 *(SORT_BY_NAME(SORT_BY_ALIGNMENT(._i3c_driver_api.static.*)))
                0x08003dc4                        _i3c_driver_api_list_end = .

ipm_driver_api_area
                0x08003dc4        0x0
                0x08003dc4                        _ipm_driver_api_list_start = .
 *(SORT_BY_NAME(SORT_BY_ALIGNMENT(._ipm_driver_api.static.*)))
                0x08003dc4                        _ipm_driver_api_list_end = .

led_driver_api_area
                0x08003dc4        0x0
                0x08003dc4                        _led_driver_api_list_start = .
 *(SORT_BY_NAME(SORT_BY_ALIGNMENT(._led_driver_api.static.*)))
                0x08003dc4                        _led_driver_api_list_end = .

led_strip_driver_api_area
                0x08003dc4        0x0
                0x08003dc4                        _led_strip_driver_api_list_start = .
 *(SORT_BY_NAME(SORT_BY_ALIGNMENT(._led_strip_driver_api.static.*)))
                0x08003dc4                        _led_strip_driver_api_list_end = .

lora_driver_api_area
                0x08003dc4        0x0
                0x08003dc4                        _lora_driver_api_list_start = .
 *(SORT_BY_NAME(SORT_BY_ALIGNMENT(._lora_driver_api.static.*)))
                0x08003dc4                        _lora_driver_api_list_end = .

mbox_driver_api_area
                0x08003dc4        0x0
                0x08003dc4                        _mbox_driver_api_list_start = .
 *(SORT_BY_NAME(SORT_BY_ALIGNMENT(._mbox_driver_api.static.*)))
                0x08003dc4                        _mbox_driver_api_list_end = .

mdio_driver_api_area
                0x08003dc4        0x0
                0x08003dc4                        _mdio_driver_api_list_start = .
 *(SORT_BY_NAME(SORT_BY_ALIGNMENT(._mdio_driver_api.static.*)))
                0x08003dc4                        _mdio_driver_api_list_end = .

mipi_dbi_driver_api_area
                0x08003dc4        0x0
                0x08003dc4                        _mipi_dbi_driver_api_list_start = .
 *(SORT_BY_NAME(SORT_BY_ALIGNMENT(._mipi_dbi_driver_api.static.*)))
                0x08003dc4                        _mipi_dbi_driver_api_list_end = .

mipi_dsi_driver_api_area
                0x08003dc4        0x0
                0x08003dc4                        _mipi_dsi_driver_api_list_start = .
 *(SORT_BY_NAME(SORT_BY_ALIGNMENT(._mipi_dsi_driver_api.static.*)))
                0x08003dc4                        _mipi_dsi_driver_api_list_end = .

mspi_driver_api_area
                0x08003dc4        0x0
                0x08003dc4                        _mspi_driver_api_list_start = .
 *(SORT_BY_NAME(SORT_BY_ALIGNMENT(._mspi_driver_api.static.*)))
                0x08003dc4                        _mspi_driver_api_list_end = .

opamp_driver_api_area
                0x08003dc4        0x0
                0x08003dc4                        _opamp_driver_api_list_start = .
 *(SORT_BY_NAME(SORT_BY_ALIGNMENT(._opamp_driver_api.static.*)))
                0x08003dc4                        _opamp_driver_api_list_end = .

otp_driver_api_area
                0x08003dc4        0x0
                0x08003dc4                        _otp_driver_api_list_start = .
 *(SORT_BY_NAME(SORT_BY_ALIGNMENT(._otp_driver_api.static.*)))
                0x08003dc4                        _otp_driver_api_list_end = .

peci_driver_api_area
                0x08003dc4        0x0
                0x08003dc4                        _peci_driver_api_list_start = .
 *(SORT_BY_NAME(SORT_BY_ALIGNMENT(._peci_driver_api.static.*)))
                0x08003dc4                        _peci_driver_api_list_end = .

ps2_driver_api_area
                0x08003dc4        0x0
                0x08003dc4                        _ps2_driver_api_list_start = .
 *(SORT_BY_NAME(SORT_BY_ALIGNMENT(._ps2_driver_api.static.*)))
                0x08003dc4                        _ps2_driver_api_list_end = .

ptp_clock_driver_api_area
                0x08003dc4        0x0
                0x08003dc4                        _ptp_clock_driver_api_list_start = .
 *(SORT_BY_NAME(SORT_BY_ALIGNMENT(._ptp_clock_driver_api.static.*)))
                0x08003dc4                        _ptp_clock_driver_api_list_end = .

pwm_driver_api_area
                0x08003dc4        0x0
                0x08003dc4                        _pwm_driver_api_list_start = .
 *(SORT_BY_NAME(SORT_BY_ALIGNMENT(._pwm_driver_api.static.*)))
                0x08003dc4                        _pwm_driver_api_list_end = .

regulator_parent_driver_api_area
                0x08003dc4        0x0
                0x08003dc4                        _regulator_parent_driver_api_list_start = .
 *(SORT_BY_NAME(SORT_BY_ALIGNMENT(._regulator_parent_driver_api.static.*)))
                0x08003dc4                        _regulator_parent_driver_api_list_end = .

regulator_driver_api_area
                0x08003dc4        0x0
                0x08003dc4                        _regulator_driver_api_list_start = .
 *(SORT_BY_NAME(SORT_BY_ALIGNMENT(._regulator_driver_api.static.*)))
                0x08003dc4                        _regulator_driver_api_list_end = .

retained_mem_driver_api_area
                0x08003dc4        0x0
                0x08003dc4                        _retained_mem_driver_api_list_start = .
 *(SORT_BY_NAME(SORT_BY_ALIGNMENT(._retained_mem_driver_api.static.*)))
                0x08003dc4                        _retained_mem_driver_api_list_end = .

rtc_driver_api_area
                0x08003dc4        0x0
                0x08003dc4                        _rtc_driver_api_list_start = .
 *(SORT_BY_NAME(SORT_BY_ALIGNMENT(._rtc_driver_api.static.*)))
                0x08003dc4                        _rtc_driver_api_list_end = .

sdhc_driver_api_area
                0x08003dc4        0x0
                0x08003dc4                        _sdhc_driver_api_list_start = .
 *(SORT_BY_NAME(SORT_BY_ALIGNMENT(._sdhc_driver_api.static.*)))
                0x08003dc4                        _sdhc_driver_api_list_end = .

sensor_driver_api_area
                0x08003dc4        0x0
                0x08003dc4                        _sensor_driver_api_list_start = .
 *(SORT_BY_NAME(SORT_BY_ALIGNMENT(._sensor_driver_api.static.*)))
                0x08003dc4                        _sensor_driver_api_list_end = .

smbus_driver_api_area
                0x08003dc4        0x0
                0x08003dc4                        _smbus_driver_api_list_start = .
 *(SORT_BY_NAME(SORT_BY_ALIGNMENT(._smbus_driver_api.static.*)))
                0x08003dc4                        _smbus_driver_api_list_end = .

spi_driver_api_area
                0x08003dc4        0x0
                0x08003dc4                        _spi_driver_api_list_start = .
 *(SORT_BY_NAME(SORT_BY_ALIGNMENT(._spi_driver_api.static.*)))
                0x08003dc4                        _spi_driver_api_list_end = .

syscon_driver_api_area
                0x08003dc4        0x0
                0x08003dc4                        _syscon_driver_api_list_start = .
 *(SORT_BY_NAME(SORT_BY_ALIGNMENT(._syscon_driver_api.static.*)))
                0x08003dc4                        _syscon_driver_api_list_end = .

tee_driver_api_area
                0x08003dc4        0x0
                0x08003dc4                        _tee_driver_api_list_start = .
 *(SORT_BY_NAME(SORT_BY_ALIGNMENT(._tee_driver_api.static.*)))
                0x08003dc4                        _tee_driver_api_list_end = .

uaol_driver_api_area
                0x08003dc4        0x0
                0x08003dc4                        _uaol_driver_api_list_start = .
 *(SORT_BY_NAME(SORT_BY_ALIGNMENT(._uaol_driver_api.static.*)))
                0x08003dc4                        _uaol_driver_api_list_end = .

video_driver_api_area
                0x08003dc4        0x0
                0x08003dc4                        _video_driver_api_list_start = .
 *(SORT_BY_NAME(SORT_BY_ALIGNMENT(._video_driver_api.static.*)))
                0x08003dc4                        _video_driver_api_list_end = .

virtio_driver_api_area
                0x08003dc4        0x0
                0x08003dc4                        _virtio_driver_api_list_start = .
 *(SORT_BY_NAME(SORT_BY_ALIGNMENT(._virtio_driver_api.static.*)))
                0x08003dc4                        _virtio_driver_api_list_end = .

w1_driver_api_area
                0x08003dc4        0x0
                0x08003dc4                        _w1_driver_api_list_start = .
 *(SORT_BY_NAME(SORT_BY_ALIGNMENT(._w1_driver_api.static.*)))
                0x08003dc4                        _w1_driver_api_list_end = .

wdt_driver_api_area
                0x08003dc4        0x0
                0x08003dc4                        _wdt_driver_api_list_start = .
 *(SORT_BY_NAME(SORT_BY_ALIGNMENT(._wdt_driver_api.static.*)))
                0x08003dc4                        _wdt_driver_api_list_end = .

wuc_driver_api_area
                0x08003dc4        0x0
                0x08003dc4                        _wuc_driver_api_list_start = .
 *(SORT_BY_NAME(SORT_BY_ALIGNMENT(._wuc_driver_api.static.*)))
                0x08003dc4                        _wuc_driver_api_list_end = .

can_transceiver_driver_api_area
                0x08003dc4        0x0
                0x08003dc4                        _can_transceiver_driver_api_list_start = .
 *(SORT_BY_NAME(SORT_BY_ALIGNMENT(._can_transceiver_driver_api.static.*)))
                0x08003dc4                        _can_transceiver_driver_api_list_end = .

nrf_clock_control_driver_api_area
                0x08003dc4        0x0
                0x08003dc4                        _nrf_clock_control_driver_api_list_start = .
 *(SORT_BY_NAME(SORT_BY_ALIGNMENT(._nrf_clock_control_driver_api.static.*)))
                0x08003dc4                        _nrf_clock_control_driver_api_list_end = .

i3c_target_driver_api_area
                0x08003dc4        0x0
                0x08003dc4                        _i3c_target_driver_api_list_start = .
 *(SORT_BY_NAME(SORT_BY_ALIGNMENT(._i3c_target_driver_api.static.*)))
                0x08003dc4                        _i3c_target_driver_api_list_end = .

its_driver_api_area
                0x08003dc4        0x0
                0x08003dc4                        _its_driver_api_list_start = .
 *(SORT_BY_NAME(SORT_BY_ALIGNMENT(._its_driver_api.static.*)))
                0x08003dc4                        _its_driver_api_list_end = .

vtd_driver_api_area
                0x08003dc4        0x0
                0x08003dc4                        _vtd_driver_api_list_start = .
 *(SORT_BY_NAME(SORT_BY_ALIGNMENT(._vtd_driver_api.static.*)))
                0x08003dc4                        _vtd_driver_api_list_end = .

renesas_elc_driver_api_area
                0x08003dc4        0x0
                0x08003dc4                        _renesas_elc_driver_api_list_start = .
 *(SORT_BY_NAME(SORT_BY_ALIGNMENT(._renesas_elc_driver_api.static.*)))
                0x08003dc4                        _renesas_elc_driver_api_list_end = .

tgpio_driver_api_area
                0x08003dc4        0x0
                0x08003dc4                        _tgpio_driver_api_list_start = .
 *(SORT_BY_NAME(SORT_BY_ALIGNMENT(._tgpio_driver_api.static.*)))
                0x08003dc4                        _tgpio_driver_api_list_end = .

pcie_ctrl_driver_api_area
                0x08003dc4        0x0
                0x08003dc4                        _pcie_ctrl_driver_api_list_start = .
 *(SORT_BY_NAME(SORT_BY_ALIGNMENT(._pcie_ctrl_driver_api.static.*)))
                0x08003dc4                        _pcie_ctrl_driver_api_list_end = .

pcie_ep_driver_api_area
                0x08003dc4        0x0
                0x08003dc4                        _pcie_ep_driver_api_list_start = .
 *(SORT_BY_NAME(SORT_BY_ALIGNMENT(._pcie_ep_driver_api.static.*)))
                0x08003dc4                        _pcie_ep_driver_api_list_end = .

psi5_driver_api_area
                0x08003dc4        0x0
                0x08003dc4                        _psi5_driver_api_list_start = .
 *(SORT_BY_NAME(SORT_BY_ALIGNMENT(._psi5_driver_api.static.*)))
                0x08003dc4                        _psi5_driver_api_list_end = .

sent_driver_api_area
                0x08003dc4        0x0
                0x08003dc4                        _sent_driver_api_list_start = .
 *(SORT_BY_NAME(SORT_BY_ALIGNMENT(._sent_driver_api.static.*)))
                0x08003dc4                        _sent_driver_api_list_end = .

svc_driver_api_area
                0x08003dc4        0x0
                0x08003dc4                        _svc_driver_api_list_start = .
 *(SORT_BY_NAME(SORT_BY_ALIGNMENT(._svc_driver_api.static.*)))
                0x08003dc4                        _svc_driver_api_list_end = .

stepper_driver_api_area
                0x08003dc4        0x0
                0x08003dc4                        _stepper_driver_api_list_start = .
 *(SORT_BY_NAME(SORT_BY_ALIGNMENT(._stepper_driver_api.static.*)))
                0x08003dc4                        _stepper_driver_api_list_end = .

stepper_ctrl_driver_api_area
                0x08003dc4        0x0
                0x08003dc4                        _stepper_ctrl_driver_api_list_start = .
 *(SORT_BY_NAME(SORT_BY_ALIGNMENT(._stepper_ctrl_driver_api.static.*)))
                0x08003dc4                        _stepper_ctrl_driver_api_list_end = .

uart_driver_api_area
                0x08003dc4       0x14
                0x08003dc4                        _uart_driver_api_list_start = .
 *(SORT_BY_NAME(SORT_BY_ALIGNMENT(._uart_driver_api.static.*)))
 ._uart_driver_api.static.uart_stm32_driver_api_
                0x08003dc4       0x14 zephyr/drivers/serial/libdrivers__serial.a(uart_stm32.c.obj)
                0x08003dd8                        _uart_driver_api_list_end = .

bc12_emul_driver_api_area
                0x08003dd8        0x0
                0x08003dd8                        _bc12_emul_driver_api_list_start = .
 *(SORT_BY_NAME(SORT_BY_ALIGNMENT(._bc12_emul_driver_api.static.*)))
                0x08003dd8                        _bc12_emul_driver_api_list_end = .

bc12_driver_api_area
                0x08003dd8        0x0
                0x08003dd8                        _bc12_driver_api_list_start = .
 *(SORT_BY_NAME(SORT_BY_ALIGNMENT(._bc12_driver_api.static.*)))
                0x08003dd8                        _bc12_driver_api_list_end = .

usbc_ppc_driver_api_area
                0x08003dd8        0x0
                0x08003dd8                        _usbc_ppc_driver_api_list_start = .
 *(SORT_BY_NAME(SORT_BY_ALIGNMENT(._usbc_ppc_driver_api.static.*)))
                0x08003dd8                        _usbc_ppc_driver_api_list_end = .

tcpc_driver_api_area
                0x08003dd8        0x0
                0x08003dd8                        _tcpc_driver_api_list_start = .
 *(SORT_BY_NAME(SORT_BY_ALIGNMENT(._tcpc_driver_api.static.*)))
                0x08003dd8                        _tcpc_driver_api_list_end = .

usbc_vbus_driver_api_area
                0x08003dd8        0x0
                0x08003dd8                        _usbc_vbus_driver_api_list_start = .
 *(SORT_BY_NAME(SORT_BY_ALIGNMENT(._usbc_vbus_driver_api.static.*)))
                0x08003dd8                        _usbc_vbus_driver_api_list_end = .

ivshmem_driver_api_area
                0x08003dd8        0x0
                0x08003dd8                        _ivshmem_driver_api_list_start = .
 *(SORT_BY_NAME(SORT_BY_ALIGNMENT(._ivshmem_driver_api.static.*)))
                0x08003dd8                        _ivshmem_driver_api_list_end = .

ethphy_driver_api_area
                0x08003dd8        0x0
                0x08003dd8                        _ethphy_driver_api_list_start = .
 *(SORT_BY_NAME(SORT_BY_ALIGNMENT(._ethphy_driver_api.static.*)))
                0x08003dd8                        _ethphy_driver_api_list_end = .

ztest           0x08003dd8        0x0
                0x08003dd8                        _ztest_expected_result_entry_list_start = .
 *(SORT_BY_NAME(SORT_BY_ALIGNMENT(._ztest_expected_result_entry.static.*)))
                0x08003dd8                        _ztest_expected_result_entry_list_end = .
                0x08003dd8                        _ztest_suite_node_list_start = .
 *(SORT_BY_NAME(SORT_BY_ALIGNMENT(._ztest_suite_node.static.*)))
                0x08003dd8                        _ztest_suite_node_list_end = .
                0x08003dd8                        _ztest_unit_test_list_start = .
 *(SORT_BY_NAME(SORT_BY_ALIGNMENT(._ztest_unit_test.static.*)))
                0x08003dd8                        _ztest_unit_test_list_end = .
                0x08003dd8                        _ztest_test_rule_list_start = .
 *(SORT_BY_NAME(SORT_BY_ALIGNMENT(._ztest_test_rule.static.*)))
                0x08003dd8                        _ztest_test_rule_list_end = .

init_array      0x08003dd8        0x0
                0x08003dd8                        __zephyr_init_array_start = .
 *(SORT_BY_INIT_PRIORITY(.init_array.*) SORT_BY_INIT_PRIORITY(.ctors.*))
 *(SORT_BY_ALIGNMENT(.init_array) SORT_BY_ALIGNMENT(.ctors))
                0x08003dd8                        __zephyr_init_array_end = .
                0x00000001                        ASSERT ((__zephyr_init_array_start == __zephyr_init_array_end), GNU-style constructors required but STATIC_INIT_GNU not enabled)

bt_l2cap_fixed_chan_area
                0x08003dd8        0x0
                0x08003dd8                        _bt_l2cap_fixed_chan_list_start = .
 *(SORT_BY_NAME(SORT_BY_ALIGNMENT(._bt_l2cap_fixed_chan.static.*)))
                0x08003dd8                        _bt_l2cap_fixed_chan_list_end = .

bt_gatt_service_static_area
                0x08003dd8        0x0
                0x08003dd8                        _bt_gatt_service_static_list_start = .
 *(SORT_BY_NAME(SORT_BY_ALIGNMENT(._bt_gatt_service_static.static.*)))
                0x08003dd8                        _bt_gatt_service_static_list_end = .

log_strings_area
                0x08003dd8        0x0
                0x08003dd8                        _log_strings_list_start = .
 *(SORT_BY_NAME(SORT_BY_ALIGNMENT(._log_strings.static.*)))
                0x08003dd8                        _log_strings_list_end = .

log_stmesp_ptr_area
                0x08003dd8        0x0
                0x08003dd8                        _log_stmesp_ptr_list_start = .
 *(SORT_BY_NAME(SORT_BY_ALIGNMENT(._log_stmesp_ptr.static.*)))
                0x08003dd8                        _log_stmesp_ptr_list_end = .

log_stmesp_str_area
                0x08003dd8        0x0
                0x08003dd8                        _log_stmesp_str_list_start = .
 *(SORT_BY_NAME(SORT_BY_ALIGNMENT(._log_stmesp_str.static.*)))
                0x08003dd8                        _log_stmesp_str_list_end = .

log_const_area  0x08003dd8        0x0
                0x08003dd8                        _log_const_list_start = .
 *(SORT_BY_NAME(SORT_BY_ALIGNMENT(._log_const.static.*)))
                0x08003dd8                        _log_const_list_end = .

log_backend_area
                0x08003dd8        0x0
                0x08003dd8                        _log_backend_list_start = .
 *(SORT_BY_NAME(SORT_BY_ALIGNMENT(._log_backend.static.*)))
                0x08003dd8                        _log_backend_list_end = .

log_link_area   0x08003dd8        0x0
                0x08003dd8                        _log_link_list_start = .
 *(SORT_BY_NAME(SORT_BY_ALIGNMENT(._log_link.static.*)))
                0x08003dd8                        _log_link_list_end = .

tracing_backend_area
                0x08003dd8        0x0
                0x08003dd8                        _tracing_backend_list_start = .
 *(SORT_BY_NAME(SORT_BY_ALIGNMENT(._tracing_backend.static.*)))
                0x08003dd8                        _tracing_backend_list_end = .

zephyr_dbg_info
 *(SORT_BY_ALIGNMENT(.dbg_thread_info))

intc_table_area
                0x08003dd8        0x0
                0x08003dd8                        _intc_table_list_start = .
 *(SORT_BY_NAME(SORT_BY_ALIGNMENT(._intc_table.static.*)))
                0x08003dd8                        _intc_table_list_end = .

symbol_to_keep  0x08003dd8        0x0
                0x08003dd8                        __symbol_to_keep_start = .
 *(SORT_BY_NAME(SORT_BY_ALIGNMENT(.symbol_to_keep*)))
                0x08003dd8                        __symbol_to_keep_end = .

shell_area      0x08003dd8        0x0
                0x08003dd8                        _shell_list_start = .
 *(SORT_BY_NAME(SORT_BY_ALIGNMENT(._shell.static.*)))
                0x08003dd8                        _shell_list_end = .

shell_root_cmds_area
                0x08003dd8        0x0
                0x08003dd8                        _shell_root_cmds_list_start = .
 *(SORT_BY_NAME(SORT_BY_ALIGNMENT(._shell_root_cmds.static.*)))
                0x08003dd8                        _shell_root_cmds_list_end = .

shell_subcmds_area
                0x08003dd8        0x0
                0x08003dd8                        _shell_subcmds_list_start = .
 *(SORT_BY_NAME(SORT_BY_ALIGNMENT(._shell_subcmds.static.*)))
                0x08003dd8                        _shell_subcmds_list_end = .

shell_dynamic_subcmds_area
                0x08003dd8        0x0
                0x08003dd8                        _shell_dynamic_subcmds_list_start = .
 *(SORT_BY_NAME(SORT_BY_ALIGNMENT(._shell_dynamic_subcmds.static.*)))
                0x08003dd8                        _shell_dynamic_subcmds_list_end = .

cfb_font_area   0x08003dd8        0x0
                0x08003dd8                        _cfb_font_list_start = .
 *(SORT_BY_NAME(SORT_BY_ALIGNMENT(._cfb_font.static.*)))
                0x08003dd8                        _cfb_font_list_end = .

tdata           0x08003dd8        0x0
 *(SORT_BY_ALIGNMENT(.tdata) SORT_BY_ALIGNMENT(.tdata.*) SORT_BY_ALIGNMENT(.gnu.linkonce.td.*))

tbss            0x08003dd8        0x4
 *(SORT_BY_ALIGNMENT(.tbss) SORT_BY_ALIGNMENT(.tbss.*) SORT_BY_ALIGNMENT(.gnu.linkonce.tb.*) SORT_BY_ALIGNMENT(.tcommon))
 .tbss.z_tls_current
                0x08003dd8        0x4 zephyr/libzephyr.a(thread_entry.c.obj)
                0x08003dd8                z_tls_current
                0x08003dd8                        PROVIDE (__tdata_start = LOADADDR (tdata))
                0x00000001                        PROVIDE (__tdata_align = ALIGNOF (tdata))
                0x00000000                        PROVIDE (__tdata_size = (((SIZEOF (tdata) + __tdata_align) - 0x1) & ~ ((__tdata_align - 0x1))))
                [!provide]                        PROVIDE (__tdata_end = (__tdata_start + __tdata_size))
                0x00000004                        PROVIDE (__tbss_align = ALIGNOF (tbss))
                [!provide]                        PROVIDE (__tbss_start = ADDR (tbss))
                0x00000004                        PROVIDE (__tbss_size = (((SIZEOF (tbss) + __tbss_align) - 0x1) & ~ ((__tbss_align - 0x1))))
                [!provide]                        PROVIDE (__tbss_end = (__tbss_start + __tbss_size))
                [!provide]                        PROVIDE (__tls_start = __tdata_start)
                [!provide]                        PROVIDE (__tls_end = __tbss_end)
                [!provide]                        PROVIDE (__tls_size = (__tbss_end - __tdata_start))

rodata          0x08003dd8      0x7f8
 *(SORT_BY_ALIGNMENT(.rodata))
 .rodata        0x08003dd8        0x8 zephyr/drivers/interrupt_controller/libdrivers__interrupt_controller.a(intc_exti_stm32.c.obj)
 *(SORT_BY_ALIGNMENT(.rodata.*))
 .rodata.gpio_stm32_cfg_k
                0x08003de0       0x14 zephyr/libzephyr.a(gpioport_mgr.c.obj)
 .rodata.gpio_stm32_cfg_j
                0x08003df4       0x14 zephyr/libzephyr.a(gpioport_mgr.c.obj)
 .rodata.gpio_stm32_cfg_i
                0x08003e08       0x14 zephyr/libzephyr.a(gpioport_mgr.c.obj)
 .rodata.gpio_stm32_cfg_h
                0x08003e1c       0x14 zephyr/libzephyr.a(gpioport_mgr.c.obj)
 .rodata.gpio_stm32_cfg_g
                0x08003e30       0x14 zephyr/libzephyr.a(gpioport_mgr.c.obj)
 .rodata.gpio_stm32_cfg_f
                0x08003e44       0x14 zephyr/libzephyr.a(gpioport_mgr.c.obj)
 .rodata.gpio_stm32_cfg_e
                0x08003e58       0x14 zephyr/libzephyr.a(gpioport_mgr.c.obj)
 .rodata.gpio_stm32_cfg_d
                0x08003e6c       0x14 zephyr/libzephyr.a(gpioport_mgr.c.obj)
 .rodata.gpio_stm32_cfg_c
                0x08003e80       0x14 zephyr/libzephyr.a(gpioport_mgr.c.obj)
 .rodata.gpio_stm32_cfg_b
                0x08003e94       0x14 zephyr/libzephyr.a(gpioport_mgr.c.obj)
 .rodata.gpio_stm32_cfg_a
                0x08003ea8       0x14 zephyr/libzephyr.a(gpioport_mgr.c.obj)
 .rodata.gpio_ports
                0x08003ebc       0x68 zephyr/libzephyr.a(gpioport_mgr.c.obj)
 .rodata.mem_attr_region
                0x08003f24        0x0 zephyr/libzephyr.a(mem_attr.c.obj)
 .rodata.static_regions
                0x08003f24        0xc zephyr/arch/arch/arm/core/mpu/libarch__arm__core__mpu.a(arm_core_mpu.c.obj)
 .rodata.mpu_config
                0x08003f30        0x8 zephyr/arch/arch/arm/core/mpu/libarch__arm__core__mpu.a(arm_mpu_regions.c.obj)
                0x08003f30                mpu_config
 .rodata.mpu_regions
                0x08003f38       0x18 zephyr/arch/arch/arm/core/mpu/libarch__arm__core__mpu.a(arm_mpu_regions.c.obj)
 .rodata.reset_stm32_config
                0x08003f50        0x4 zephyr/drivers/reset/libdrivers__reset.a(reset_stm32.c.obj)
 .rodata.uart_stm32_cfg_1
                0x08003f54       0x28 zephyr/drivers/serial/libdrivers__serial.a(uart_stm32.c.obj)
 .rodata.pclken_1
                0x08003f7c        0x8 zephyr/drivers/serial/libdrivers__serial.a(uart_stm32.c.obj)
 .rodata.__pinctrl_dev_config__device_dts_ord_79
                0x08003f84        0x8 zephyr/drivers/serial/libdrivers__serial.a(uart_stm32.c.obj)
 .rodata.__pinctrl_states__device_dts_ord_79
                0x08003f8c        0x8 zephyr/drivers/serial/libdrivers__serial.a(uart_stm32.c.obj)
 .rodata.__pinctrl_state_pins_0__device_dts_ord_79
                0x08003f94       0x10 zephyr/drivers/serial/libdrivers__serial.a(uart_stm32.c.obj)
 .rodata.uart_stm32_cfg_0
                0x08003fa4       0x28 zephyr/drivers/serial/libdrivers__serial.a(uart_stm32.c.obj)
 .rodata.pclken_0
                0x08003fcc        0x8 zephyr/drivers/serial/libdrivers__serial.a(uart_stm32.c.obj)
 .rodata.__pinctrl_dev_config__device_dts_ord_87
                0x08003fd4        0x8 zephyr/drivers/serial/libdrivers__serial.a(uart_stm32.c.obj)
 .rodata.__pinctrl_states__device_dts_ord_87
                0x08003fdc        0x8 zephyr/drivers/serial/libdrivers__serial.a(uart_stm32.c.obj)
 .rodata.__pinctrl_state_pins_0__device_dts_ord_87
                0x08003fe4       0x10 zephyr/drivers/serial/libdrivers__serial.a(uart_stm32.c.obj)
 .rodata.levels.0
                0x08003ff4       0x18 zephyr/kernel/libkernel.a(init.c.obj)
 .rodata.CSWTCH.75
                0x0800400c        0x6 zephyr/drivers/serial/libdrivers__serial.a(uart_stm32.c.obj)
 .rodata.main.str1.1
                0x08004012      0x5a0 app/libapp.a(main.c.obj)
                                 0x3f (size before relaxing)
 .rodata.str1.1
                0x080045b2       0x9a zephyr/libzephyr.a(gpioport_mgr.c.obj)
 .rodata.z_arm_fatal_error.str1.1
                0x080045b2       0xb3 zephyr/arch/arch/arm/core/libarch__arm__core.a(fatal.c.obj)
 .rodata.mem_manage_fault.str1.1
                0x080045b2       0xdf zephyr/arch/arch/arm/core/cortex_m/libarch__arm__core__cortex_m.a(fault.c.obj)
 .rodata.usage_fault.isra.0.str1.1
                0x080045b2       0xd4 zephyr/arch/arch/arm/core/cortex_m/libarch__arm__core__cortex_m.a(fault.c.obj)
 .rodata.bus_fault.isra.0.str1.1
                0x080045b2       0x8e zephyr/arch/arch/arm/core/cortex_m/libarch__arm__core__cortex_m.a(fault.c.obj)
 .rodata.z_arm_fault.str1.1
                0x080045b2      0x119 zephyr/arch/arch/arm/core/cortex_m/libarch__arm__core__cortex_m.a(fault.c.obj)
 .rodata.str1.1
                0x080045b2        0xf zephyr/arch/arch/arm/core/mpu/libarch__arm__core__mpu.a(arm_mpu_regions.c.obj)
 .rodata.str1.1
                0x080045b2       0x1e zephyr/drivers/interrupt_controller/libdrivers__interrupt_controller.a(intc_exti_stm32.c.obj)
 .rodata.line_range_6.0
                0x080045b2        0x2 zephyr/drivers/interrupt_controller/libdrivers__interrupt_controller.a(intc_gpio_stm32.c.obj)
 .rodata.line_range_5.1
                0x080045b4        0x2 zephyr/drivers/interrupt_controller/libdrivers__interrupt_controller.a(intc_gpio_stm32.c.obj)
 .rodata.line_range_4.2
                0x080045b6        0x2 zephyr/drivers/interrupt_controller/libdrivers__interrupt_controller.a(intc_gpio_stm32.c.obj)
 .rodata.line_range_3.3
                0x080045b8        0x2 zephyr/drivers/interrupt_controller/libdrivers__interrupt_controller.a(intc_gpio_stm32.c.obj)
 .rodata.line_range_2.4
                0x080045ba        0x2 zephyr/drivers/interrupt_controller/libdrivers__interrupt_controller.a(intc_gpio_stm32.c.obj)
 .rodata.line_range_1.5
                0x080045bc        0x2 zephyr/drivers/interrupt_controller/libdrivers__interrupt_controller.a(intc_gpio_stm32.c.obj)
 .rodata.line_range_0.6
                0x080045be        0x2 zephyr/drivers/interrupt_controller/libdrivers__interrupt_controller.a(intc_gpio_stm32.c.obj)
 .rodata.str1.1
                0x080045c0        0xd zephyr/drivers/clock_control/libdrivers__clock_control.a(clock_stm32_ll_common.c.obj)
 .rodata.str1.1
                0x080045c0       0x11 zephyr/drivers/reset/libdrivers__reset.a(reset_stm32.c.obj)
 .rodata.str1.1
                0x080045c0       0x20 zephyr/drivers/serial/libdrivers__serial.a(uart_stm32.c.obj)
 .rodata.AHBPrescTable
                0x080045c0       0x10 modules/hal_stm32/stm32cube/lib..__modules__hal__stm32__stm32cube.a(system_stm32f4xx.c.obj)
                0x080045c0                AHBPrescTable
 .rodata.z_cstart.str1.1
                0x080045d0        0x5 zephyr/kernel/libkernel.a(init.c.obj)
 .rodata.boot_banner.str1.1
                0x080045d0       0x3b zephyr/kernel/libkernel.a(banner.c.obj)
 .rodata.__l_vfprintf.str1.1
                0x080045d0        0xf C:/Users/Hunter/zephyr-sdk-1.0.0/gnu/arm-zephyr-eabi/bin/../lib/gcc/arm-zephyr-eabi/14.3.0/../../../../arm-zephyr-eabi/lib/thumb/v7e-m/nofp/space\libc.a(libc_tinystdio_vflprintf.c.o)
 *(SORT_BY_ALIGNMENT(.gnu.linkonce.r.*))
                0x080046cc                        . = ALIGN (0x4)
                [!provide]                        PROVIDE (__eh_frame_start = 0x0)
                [!provide]                        PROVIDE (__eh_frame_end = 0x0)
                [!provide]                        PROVIDE (__eh_frame_hdr_start = 0x0)
                [!provide]                        PROVIDE (__eh_frame_hdr_end = 0x0)

/DISCARD/
 *(SORT_BY_ALIGNMENT(.eh_frame))
                0x080045d0                        __rodata_region_end = .
                0x080046e0                        . = ALIGN (_region_min_align)
                0x08008000                        . = ALIGN ((0x1 << LOG2CEIL ((__rodata_region_end - ADDR (rom_start)))))
                0x08008000                        __rom_region_end = ((__rom_region_start + .) - ADDR (rom_start))
                0x00008000                        __rom_region_size = (__rom_region_end - __rom_region_start)

/DISCARD/
 *(SORT_BY_ALIGNMENT(.got.plt))
 *(SORT_BY_ALIGNMENT(.igot.plt))
 *(SORT_BY_ALIGNMENT(.got))
 *(SORT_BY_ALIGNMENT(.igot))
                0x20000000                        . = 0x20000000
                0x20000000                        . = ALIGN (_region_min_align)
                0x20000000                        _image_ram_start = .

.ramfunc        0x20000000        0x0 load address 0x080045d0
                0x20000000                        __ramfunc_region_start = .
                0x20000000                        . = ALIGN (_region_min_align)
                0x20000000                        . = ALIGN ((0x1 << LOG2CEIL (__ramfunc_size)))
                0x20000000                        __ramfunc_start = .
 *(SORT_BY_ALIGNMENT(.ramfunc))
 *(SORT_BY_ALIGNMENT(.ramfunc.*))
                0x20000000                        . = ALIGN (_region_min_align)
                0x20000000                        . = ALIGN ((0x1 << LOG2CEIL (__ramfunc_size)))
                0x20000000                        __ramfunc_end = .
                0x00000000                        __ramfunc_size = (__ramfunc_end - __ramfunc_start)
                0x080045d0                        __ramfunc_load_start = LOADADDR (.ramfunc)

datas           0x20000000       0x4c load address 0x080045d0
                0x20000000                        __data_region_start = .
                0x20000000                        __data_start = .
 *(SORT_BY_ALIGNMENT(.data))
 *(SORT_BY_ALIGNMENT(.data.*))
 .data._char_out
                0x20000000        0x4 zephyr/libzephyr.a(printk.c.obj)
 .data.__stdout
                0x20000004       0x10 zephyr/lib/libc/picolibc/liblib__libc__picolibc.a(stdio.c.obj)
 .data.uart_stm32_data_1
                0x20000014        0x4 zephyr/drivers/serial/libdrivers__serial.a(uart_stm32.c.obj)
 .data.uart_cfg_1
                0x20000018        0x8 zephyr/drivers/serial/libdrivers__serial.a(uart_stm32.c.obj)
 .data.uart_stm32_data_0
                0x20000020        0x4 zephyr/drivers/serial/libdrivers__serial.a(uart_stm32.c.obj)
 .data.uart_cfg_0
                0x20000024        0x8 zephyr/drivers/serial/libdrivers__serial.a(uart_stm32.c.obj)
 .data.SystemCoreClock
                0x2000002c        0x4 modules/hal_stm32/stm32cube/lib..__modules__hal__stm32__stm32cube.a(system_stm32f4xx.c.obj)
                0x2000002c                SystemCoreClock
 .data.slice_ticks
                0x20000030        0x4 zephyr/kernel/libkernel.a(timeslicing.c.obj)
 .data.timeout_list
                0x20000034        0x8 zephyr/kernel/libkernel.a(timeout.c.obj)
 .data.exti_irq_table
                0x2000003c       0x10 zephyr/drivers/interrupt_controller/libdrivers__interrupt_controller.a(intc_gpio_stm32.c.obj)
 *(SORT_BY_ALIGNMENT(.kernel.*))
                0x2000004c                        __data_end = .
                0x0000004c                        __data_size = (__data_end - __data_start)
                0x080045d0                        __data_load_start = LOADADDR (datas)
                0x080045d0                        __data_region_load_start = LOADADDR (datas)

device_states   0x2000004c       0x20 load address 0x0800461c
                0x2000004c                        . = ALIGN (0x4)
                0x2000004c                        __device_states_start = .
 *(SORT_BY_ALIGNMENT(.z_devstate))
 .z_devstate    0x2000004c       0x16 zephyr/libzephyr.a(gpioport_mgr.c.obj)
 .z_devstate    0x20000062        0x2 zephyr/drivers/interrupt_controller/libdrivers__interrupt_controller.a(intc_exti_stm32.c.obj)
 .z_devstate    0x20000064        0x2 zephyr/drivers/clock_control/libdrivers__clock_control.a(clock_stm32_ll_common.c.obj)
 .z_devstate    0x20000066        0x2 zephyr/drivers/reset/libdrivers__reset.a(reset_stm32.c.obj)
 .z_devstate    0x20000068        0x4 zephyr/drivers/serial/libdrivers__serial.a(uart_stm32.c.obj)
 *(SORT_BY_ALIGNMENT(.z_devstate.*))
                0x2000006c                        __device_states_end = .
                0x2000006c                        . = ALIGN (0x4)

log_mpsc_pbuf_area
                0x2000006c        0x0 load address 0x0800463c
                0x2000006c                        _log_mpsc_pbuf_list_start = .
 *(SORT_BY_NAME(SORT_BY_ALIGNMENT(._log_mpsc_pbuf.static.*)))
                0x2000006c                        _log_mpsc_pbuf_list_end = .

log_msg_ptr_area
                0x2000006c        0x0 load address 0x0800463c
                0x2000006c                        _log_msg_ptr_list_start = .
 *(SORT_BY_NAME(SORT_BY_ALIGNMENT(._log_msg_ptr.static.*)))
                0x2000006c                        _log_msg_ptr_list_end = .

log_dynamic_area
                0x2000006c        0x0 load address 0x0800463c
                0x2000006c                        _log_dynamic_list_start = .
 *(SORT_BY_NAME(SORT_BY_ALIGNMENT(._log_dynamic.static.*)))
                0x2000006c                        _log_dynamic_list_end = .

k_timer_area    0x2000006c        0x0 load address 0x0800463c
                0x2000006c                        _k_timer_list_start = .
 *(SORT_BY_NAME(SORT_BY_ALIGNMENT(._k_timer.static.*)))
                0x2000006c                        _k_timer_list_end = .

k_mem_slab_area
                0x2000006c        0x0 load address 0x0800463c
                0x2000006c                        _k_mem_slab_list_start = .
 *(SORT_BY_NAME(SORT_BY_ALIGNMENT(._k_mem_slab.static.*)))
                0x2000006c                        _k_mem_slab_list_end = .

k_heap_area     0x2000006c        0x0 load address 0x0800463c
                0x2000006c                        _k_heap_list_start = .
 *(SORT_BY_NAME(SORT_BY_ALIGNMENT(._k_heap.static.*)))
                0x2000006c                        _k_heap_list_end = .

k_mutex_area    0x2000006c        0x0 load address 0x0800463c
                0x2000006c                        _k_mutex_list_start = .
 *(SORT_BY_NAME(SORT_BY_ALIGNMENT(._k_mutex.static.*)))
                0x2000006c                        _k_mutex_list_end = .

k_stack_area    0x2000006c        0x0 load address 0x0800463c
                0x2000006c                        _k_stack_list_start = .
 *(SORT_BY_NAME(SORT_BY_ALIGNMENT(._k_stack.static.*)))
                0x2000006c                        _k_stack_list_end = .

k_msgq_area     0x2000006c        0x0 load address 0x0800463c
                0x2000006c                        _k_msgq_list_start = .
 *(SORT_BY_NAME(SORT_BY_ALIGNMENT(._k_msgq.static.*)))
                0x2000006c                        _k_msgq_list_end = .

k_mbox_area     0x2000006c        0x0 load address 0x0800463c
                0x2000006c                        _k_mbox_list_start = .
 *(SORT_BY_NAME(SORT_BY_ALIGNMENT(._k_mbox.static.*)))
                0x2000006c                        _k_mbox_list_end = .

k_pipe_area     0x2000006c        0x0 load address 0x0800463c
                0x2000006c                        _k_pipe_list_start = .
 *(SORT_BY_NAME(SORT_BY_ALIGNMENT(._k_pipe.static.*)))
                0x2000006c                        _k_pipe_list_end = .

k_sem_area      0x2000006c        0x0 load address 0x0800463c