Archive member included to satisfy reference by file (symbol)

/Applications/ArmGNUToolchain/15.2.rel1/arm-none-eabi/bin/../lib/gcc/arm-none-eabi/15.2.1/../../../../arm-none-eabi/lib/thumb/v7e-m+fp/hard/libc_nano.a(libc_a-exit.o)
                              /Applications/ArmGNUToolchain/15.2.rel1/arm-none-eabi/bin/../lib/gcc/arm-none-eabi/15.2.1/../../../../arm-none-eabi/lib/thumb/v7e-m+fp/hard/crt0.o (exit)
/Applications/ArmGNUToolchain/15.2.rel1/arm-none-eabi/bin/../lib/gcc/arm-none-eabi/15.2.1/../../../../arm-none-eabi/lib/thumb/v7e-m+fp/hard/libc_nano.a(libc_a-findfp.o)
                              /Applications/ArmGNUToolchain/15.2.rel1/arm-none-eabi/bin/../lib/gcc/arm-none-eabi/15.2.1/../../../../arm-none-eabi/lib/thumb/v7e-m+fp/hard/libc_nano.a(libc_a-exit.o) (__stdio_exit_handler)
/Applications/ArmGNUToolchain/15.2.rel1/arm-none-eabi/bin/../lib/gcc/arm-none-eabi/15.2.1/../../../../arm-none-eabi/lib/thumb/v7e-m+fp/hard/libc_nano.a(libc_a-fwalk.o)
                              /Applications/ArmGNUToolchain/15.2.rel1/arm-none-eabi/bin/../lib/gcc/arm-none-eabi/15.2.1/../../../../arm-none-eabi/lib/thumb/v7e-m+fp/hard/libc_nano.a(libc_a-findfp.o) (_fwalk_sglue)
/Applications/ArmGNUToolchain/15.2.rel1/arm-none-eabi/bin/../lib/gcc/arm-none-eabi/15.2.1/../../../../arm-none-eabi/lib/thumb/v7e-m+fp/hard/libc_nano.a(libc_a-memset.o)
                              /Applications/ArmGNUToolchain/15.2.rel1/arm-none-eabi/bin/../lib/gcc/arm-none-eabi/15.2.1/../../../../arm-none-eabi/lib/thumb/v7e-m+fp/hard/crt0.o (memset)
/Applications/ArmGNUToolchain/15.2.rel1/arm-none-eabi/bin/../lib/gcc/arm-none-eabi/15.2.1/../../../../arm-none-eabi/lib/thumb/v7e-m+fp/hard/libc_nano.a(libc_a-errno.o)
                              build/sysmem.o (__errno)
/Applications/ArmGNUToolchain/15.2.rel1/arm-none-eabi/bin/../lib/gcc/arm-none-eabi/15.2.1/../../../../arm-none-eabi/lib/thumb/v7e-m+fp/hard/libc_nano.a(libc_a-init.o)
                              /Applications/ArmGNUToolchain/15.2.rel1/arm-none-eabi/bin/../lib/gcc/arm-none-eabi/15.2.1/../../../../arm-none-eabi/lib/thumb/v7e-m+fp/hard/crt0.o (__libc_init_array)
/Applications/ArmGNUToolchain/15.2.rel1/arm-none-eabi/bin/../lib/gcc/arm-none-eabi/15.2.1/../../../../arm-none-eabi/lib/thumb/v7e-m+fp/hard/libc_nano.a(libc_a-lock.o)
                              /Applications/ArmGNUToolchain/15.2.rel1/arm-none-eabi/bin/../lib/gcc/arm-none-eabi/15.2.1/../../../../arm-none-eabi/lib/thumb/v7e-m+fp/hard/libc_nano.a(libc_a-findfp.o) (__retarget_lock_init_recursive)
/Applications/ArmGNUToolchain/15.2.rel1/arm-none-eabi/bin/../lib/gcc/arm-none-eabi/15.2.1/../../../../arm-none-eabi/lib/thumb/v7e-m+fp/hard/libc_nano.a(libc_a-impure.o)
                              /Applications/ArmGNUToolchain/15.2.rel1/arm-none-eabi/bin/../lib/gcc/arm-none-eabi/15.2.1/../../../../arm-none-eabi/lib/thumb/v7e-m+fp/hard/libc_nano.a(libc_a-errno.o) (_impure_ptr)
/Applications/ArmGNUToolchain/15.2.rel1/arm-none-eabi/bin/../lib/gcc/arm-none-eabi/15.2.1/../../../../arm-none-eabi/lib/thumb/v7e-m+fp/hard/libc_nano.a(libc_a-memcpy-stub.o)
                              build/queue.o (memcpy)
/Applications/ArmGNUToolchain/15.2.rel1/arm-none-eabi/bin/../lib/gcc/arm-none-eabi/15.2.1/../../../../arm-none-eabi/lib/thumb/v7e-m+fp/hard/libc_nano.a(libc_a-mallocr.o)
                              /Applications/ArmGNUToolchain/15.2.rel1/arm-none-eabi/bin/../lib/gcc/arm-none-eabi/15.2.1/../../../../arm-none-eabi/lib/thumb/v7e-m+fp/hard/libc_nano.a(libc_a-findfp.o) (_malloc_r)
/Applications/ArmGNUToolchain/15.2.rel1/arm-none-eabi/bin/../lib/gcc/arm-none-eabi/15.2.1/../../../../arm-none-eabi/lib/thumb/v7e-m+fp/hard/libc_nano.a(libc_a-mlock.o)
                              /Applications/ArmGNUToolchain/15.2.rel1/arm-none-eabi/bin/../lib/gcc/arm-none-eabi/15.2.1/../../../../arm-none-eabi/lib/thumb/v7e-m+fp/hard/libc_nano.a(libc_a-mallocr.o) (__malloc_lock)
/Applications/ArmGNUToolchain/15.2.rel1/arm-none-eabi/bin/../lib/gcc/arm-none-eabi/15.2.1/../../../../arm-none-eabi/lib/thumb/v7e-m+fp/hard/libc_nano.a(libc_a-stdio.o)
                              /Applications/ArmGNUToolchain/15.2.rel1/arm-none-eabi/bin/../lib/gcc/arm-none-eabi/15.2.1/../../../../arm-none-eabi/lib/thumb/v7e-m+fp/hard/libc_nano.a(libc_a-findfp.o) (__sread)
/Applications/ArmGNUToolchain/15.2.rel1/arm-none-eabi/bin/../lib/gcc/arm-none-eabi/15.2.1/../../../../arm-none-eabi/lib/thumb/v7e-m+fp/hard/libc_nano.a(libc_a-fflush.o)
                              /Applications/ArmGNUToolchain/15.2.rel1/arm-none-eabi/bin/../lib/gcc/arm-none-eabi/15.2.1/../../../../arm-none-eabi/lib/thumb/v7e-m+fp/hard/libc_nano.a(libc_a-findfp.o) (_fflush_r)
/Applications/ArmGNUToolchain/15.2.rel1/arm-none-eabi/bin/../lib/gcc/arm-none-eabi/15.2.1/../../../../arm-none-eabi/lib/thumb/v7e-m+fp/hard/libc_nano.a(libc_a-lseekr.o)
[...]
Memory Configuration

Name             Origin             Length             Attributes
RAM              0x20000000         0x00030000         xrw
CCMRAM           0x10000000         0x00010000         xrw
FLASH            0x08000000         0x00200000         xr
*default*        0x00000000         0xffffffff

Linker script and memory map

LOAD /Applications/ArmGNUToolchain/15.2.rel1/arm-none-eabi/bin/../lib/gcc/arm-none-eabi/15.2.1/thumb/v7e-m+fp/hard/crti.o
LOAD /Applications/ArmGNUToolchain/15.2.rel1/arm-none-eabi/bin/../lib/gcc/arm-none-eabi/15.2.1/thumb/v7e-m+fp/hard/crtbegin.o
LOAD /Applications/ArmGNUToolchain/15.2.rel1/arm-none-eabi/bin/../lib/gcc/arm-none-eabi/15.2.1/../../../../arm-none-eabi/lib/thumb/v7e-m+fp/hard/crt0.o
LOAD build/main.o
LOAD build/freertos.o
LOAD build/stm32f4xx_it.o
LOAD build/stm32f4xx_hal_msp.o
LOAD build/stm32f4xx_hal_rcc.o
LOAD build/stm32f4xx_hal_rcc_ex.o
LOAD build/stm32f4xx_hal_flash.o
LOAD build/stm32f4xx_hal_flash_ex.o
LOAD build/stm32f4xx_hal_flash_ramfunc.o
LOAD build/stm32f4xx_hal_gpio.o
LOAD build/stm32f4xx_hal_dma_ex.o
LOAD build/stm32f4xx_hal_dma.o
LOAD build/stm32f4xx_hal_pwr.o
LOAD build/stm32f4xx_hal_pwr_ex.o
LOAD build/stm32f4xx_hal_cortex.o
LOAD build/stm32f4xx_hal.o
LOAD build/stm32f4xx_hal_exti.o
LOAD build/system_stm32f4xx.o
LOAD build/croutine.o
LOAD build/event_groups.o
LOAD build/list.o
LOAD build/queue.o
LOAD build/stream_buffer.o
LOAD build/tasks.o
LOAD build/timers.o
LOAD build/cmsis_os2.o
LOAD build/heap_4.o
LOAD build/port.o
LOAD build/sysmem.o
LOAD build/syscalls.o
LOAD build/startup_stm32f439xx.o
LOAD /Applications/ArmGNUToolchain/15.2.rel1/arm-none-eabi/bin/../lib/gcc/arm-none-eabi/15.2.1/../../../../arm-none-eabi/lib/thumb/v7e-m+fp/hard/libc_nano.a
LOAD /Applications/ArmGNUToolchain/15.2.rel1/arm-none-eabi/bin/../lib/gcc/arm-none-eabi/15.2.1/../../../../arm-none-eabi/lib/thumb/v7e-m+fp/hard/libm.a
LOAD /Applications/ArmGNUToolchain/15.2.rel1/arm-none-eabi/bin/../lib/gcc/arm-none-eabi/15.2.1/../../../../arm-none-eabi/lib/thumb/v7e-m+fp/hard/libnosys.a
START GROUP
LOAD /Applications/ArmGNUToolchain/15.2.rel1/arm-none-eabi/bin/../lib/gcc/arm-none-eabi/15.2.1/thumb/v7e-m+fp/hard/libgcc.a
LOAD /Applications/ArmGNUToolchain/15.2.rel1/arm-none-eabi/bin/../lib/gcc/arm-none-eabi/15.2.1/../../../../arm-none-eabi/lib/thumb/v7e-m+fp/hard/libc_nano.a
END GROUP
START GROUP
LOAD /Applications/ArmGNUToolchain/15.2.rel1/arm-none-eabi/bin/../lib/gcc/arm-none-eabi/15.2.1/thumb/v7e-m+fp/hard/libgcc.a
LOAD /Applications/ArmGNUToolchain/15.2.rel1/arm-none-eabi/bin/../lib/gcc/arm-none-eabi/15.2.1/../../../../arm-none-eabi/lib/thumb/v7e-m+fp/hard/libc_nano.a
END GROUP
LOAD /Applications/ArmGNUToolchain/15.2.rel1/arm-none-eabi/bin/../lib/gcc/arm-none-eabi/15.2.1/thumb/v7e-m+fp/hard/crtend.o
LOAD /Applications/ArmGNUToolchain/15.2.rel1/arm-none-eabi/bin/../lib/gcc/arm-none-eabi/15.2.1/thumb/v7e-m+fp/hard/crtn.o
                0x20030000                        _estack = (ORIGIN (RAM) + LENGTH (RAM))
                0x2002fc00                        _sstack = (_estack - _Min_Stack_Size)
                0x00000200                        _Min_Heap_Size = 0x200
                0x00000400                        _Min_Stack_Size = 0x400

.isr_vector     0x08000000      0x1ac
                0x08000000                        . = ALIGN (0x4)
 *(.isr_vector)
 .isr_vector    0x08000000      0x1ac build/startup_stm32f439xx.o
                0x08000000                g_pfnVectors
                0x080001ac                        . = ALIGN (0x4)

.text           0x080001b0     0x2cc0
                0x080001b0                        . = ALIGN (0x4)
 *(.text)
 .text          0x080001b0       0x30 /Applications/ArmGNUToolchain/15.2.rel1/arm-none-eabi/bin/../lib/gcc/arm-none-eabi/15.2.1/thumb/v7e-m+fp/hard/libgcc.a(_aeabi_uldivmod.o)
                0x080001b0                __aeabi_uldivmod
 .text          0x080001e0        0x4 /Applications/ArmGNUToolchain/15.2.rel1/arm-none-eabi/bin/../lib/gcc/arm-none-eabi/15.2.1/thumb/v7e-m+fp/hard/libgcc.a(_dvmd_tls.o)
                0x080001e0                __aeabi_ldiv0
                0x080001e0                __aeabi_idiv0
 *(.text*)
 .text.deregister_tm_clones
                0x080001e4       0x1c /Applications/ArmGNUToolchain/15.2.rel1/arm-none-eabi/bin/../lib/gcc/arm-none-eabi/15.2.1/thumb/v7e-m+fp/hard/crtbegin.o
 .text.register_tm_clones
                0x08000200       0x24 /Applications/ArmGNUToolchain/15.2.rel1/arm-none-eabi/bin/../lib/gcc/arm-none-eabi/15.2.1/thumb/v7e-m+fp/hard/crtbegin.o
 .text.__do_global_dtors_aux
                0x08000224       0x28 /Applications/ArmGNUToolchain/15.2.rel1/arm-none-eabi/bin/../lib/gcc/arm-none-eabi/15.2.1/thumb/v7e-m+fp/hard/crtbegin.o
 .text.frame_dummy
                0x0800024c       0x24 /Applications/ArmGNUToolchain/15.2.rel1/arm-none-eabi/bin/../lib/gcc/arm-none-eabi/15.2.1/thumb/v7e-m+fp/hard/crtbegin.o
 .text.MX_GPIO_Init
                0x08000270       0x40 build/main.o
 .text.StartDefaultTask
                0x080002b0        0xa build/main.o
                0x080002b0                StartDefaultTask
 .text.Error_Handler
                0x080002ba        0x4 build/main.o
                0x080002ba                Error_Handler
 *fill*         0x080002be        0x2 
 .text.SystemClock_Config
                0x080002c0       0x8c build/main.o
                0x080002c0                SystemClock_Config
 .text.main     0x0800034c       0x34 build/main.o
                0x0800034c                main
 .text.NMI_Handler
                0x08000380        0x2 build/stm32f4xx_it.o
                0x08000380                NMI_Handler
 .text.HardFault_Handler
                0x08000382        0x2 build/stm32f4xx_it.o
                0x08000382                HardFault_Handler
 .text.MemManage_Handler
                0x08000384        0x2 build/stm32f4xx_it.o
                0x08000384                MemManage_Handler
 .text.BusFault_Handler
                0x08000386        0x2 build/stm32f4xx_it.o
                0x08000386                BusFault_Handler
 .text.UsageFault_Handler
                0x08000388        0x2 build/stm32f4xx_it.o
                0x08000388                UsageFault_Handler
 .text.DebugMon_Handler
                0x0800038a        0x2 build/stm32f4xx_it.o
                0x0800038a                DebugMon_Handler
 .text.SysTick_Handler
                0x0800038c       0x16 build/stm32f4xx_it.o
                0x0800038c                SysTick_Handler
 *fill*         0x080003a2        0x2 
 .text.HAL_MspInit
                0x080003a4       0x44 build/stm32f4xx_hal_msp.o
                0x080003a4                HAL_MspInit
 .text.HAL_RCC_OscConfig
                0x080003e8      0x3fc build/stm32f4xx_hal_rcc.o
                0x080003e8                HAL_RCC_OscConfig
 .text.HAL_RCC_GetSysClockFreq
                0x080007e4       0xa8 build/stm32f4xx_hal_rcc.o
                0x080007e4                HAL_RCC_GetSysClockFreq
 .text.HAL_RCC_ClockConfig
                0x0800088c      0x160 build/stm32f4xx_hal_rcc.o
                0x0800088c                HAL_RCC_ClockConfig
 .text.HAL_GPIO_Init
                0x080009ec      0x220 build/stm32f4xx_hal_gpio.o
                0x080009ec                HAL_GPIO_Init
 .text.__NVIC_SetPriority
                0x08000c0c       0x28 build/stm32f4xx_hal_cortex.o
 .text.NVIC_EncodePriority
                0x08000c34       0x46 build/stm32f4xx_hal_cortex.o
 *fill*         0x08000c7a        0x2 
 .text.HAL_NVIC_SetPriorityGrouping
                0x08000c7c       0x24 build/stm32f4xx_hal_cortex.o
                0x08000c7c                HAL_NVIC_SetPriorityGrouping
 .text.HAL_NVIC_SetPriority
                0x08000ca0       0x20 build/stm32f4xx_hal_cortex.o
                0x08000ca0                HAL_NVIC_SetPriority
 .text.HAL_SYSTICK_Config
                0x08000cc0       0x28 build/stm32f4xx_hal_cortex.o
                0x08000cc0                HAL_SYSTICK_Config
 .text.HAL_InitTick
                0x08000ce8       0x4c build/stm32f4xx_hal.o
                0x08000ce8                HAL_InitTick
 .text.HAL_Init
                0x08000d34       0x34 build/stm32f4xx_hal.o
                0x08000d34                HAL_Init
 .text.HAL_IncTick
                0x08000d68       0x18 build/stm32f4xx_hal.o
                0x08000d68                HAL_IncTick
 .text.HAL_GetTick
                0x08000d80        0xc build/stm32f4xx_hal.o
                0x08000d80                HAL_GetTick
 .text.SystemInit
                0x08000d8c       0x14 build/system_stm32f4xx.o
                0x08000d8c                SystemInit
 .text.vListInitialise
                0x08000da0       0x16 build/list.o
                0x08000da0                vListInitialise
 .text.vListInitialiseItem
                0x08000db6        0x6 build/list.o
                0x08000db6                vListInitialiseItem
 .text.vListInsertEnd
                0x08000dbc       0x16 build/list.o
                0x08000dbc                vListInsertEnd
 .text.vListInsert
                0x08000dd2       0x38 build/list.o
                0x08000dd2                vListInsert
 .text.uxListRemove
                0x08000e0a       0x26 build/list.o
                0x08000e0a                uxListRemove
 .text.prvIsQueueFull
                0x08000e30       0x1e build/queue.o
 .text.prvIsQueueEmpty
                0x08000e4e       0x1e build/queue.o
 .text.prvCopyDataToQueue
                0x08000e6c       0x76 build/queue.o
 .text.prvCopyDataFromQueue
                0x08000ee2       0x24 build/queue.o
 .text.prvUnlockQueue
                0x08000f06       0x6e build/queue.o
 .text.xQueueGenericReset
                0x08000f74       0x84 build/queue.o
                0x08000f74                xQueueGenericReset
 .text.prvInitialiseNewQueue
                0x08000ff8       0x22 build/queue.o
 .text.xQueueGenericCreateStatic
                0x0800101a       0x94 build/queue.o
                0x0800101a                xQueueGenericCreateStatic
 .text.xQueueGenericSend
                0x080010ae      0x188 build/queue.o
                0x080010ae                xQueueGenericSend
 .text.xQueueGenericSendFromISR
                0x08001236       0xd2 build/queue.o
                0x08001236                xQueueGenericSendFromISR
 .text.xQueueReceive
                0x08001308      0x15e build/queue.o
                0x08001308                xQueueReceive
 *fill*         0x08001466        0x2 
 .text.vQueueAddToRegistry
                0x08001468       0x28 build/queue.o
                0x08001468                vQueueAddToRegistry
 .text.vQueueWaitForMessageRestricted
                0x08001490       0x52 build/queue.o
                0x08001490                vQueueWaitForMessageRestricted
 *fill*         0x080014e2        0x2 
 .text.prvResetNextTaskUnblockTime
                0x080014e4       0x2c build/tasks.o
 .text.prvInitialiseNewTask
                0x08001510       0x9a build/tasks.o
 *fill*         0x080015aa        0x2 
 .text.prvInitialiseTaskLists
                0x080015ac       0x68 build/tasks.o
 .text.prvAddNewTaskToReadyList
                0x08001614       0xac build/tasks.o
 .text.prvDeleteTCB
                0x080016c0       0x38 build/tasks.o
 .text.prvCheckTasksWaitingTermination
                0x080016f8       0x4c build/tasks.o
 .text.prvIdleTask
                0x08001744       0x28 build/tasks.o
 .text.prvAddCurrentTaskToDelayedList
                0x0800176c       0x7c build/tasks.o
 .text.xTaskCreateStatic
                0x080017e8       0x80 build/tasks.o
                0x080017e8                xTaskCreateStatic
 .text.xTaskCreate
                0x08001868       0x62 build/tasks.o
                0x08001868                xTaskCreate
 *fill*         0x080018ca        0x2 
 .text.vTaskStartScheduler
                0x080018cc       0x98 build/tasks.o
                0x080018cc                vTaskStartScheduler
 .text.vTaskSuspendAll
                0x08001964       0x10 build/tasks.o
                0x08001964                vTaskSuspendAll
 .text.xTaskGetTickCount
                0x08001974        0xc build/tasks.o
                0x08001974                xTaskGetTickCount
 .text.xTaskIncrementTick
                0x08001980      0x124 build/tasks.o
                0x08001980                xTaskIncrementTick
 .text.xTaskResumeAll
                0x08001aa4       0xf8 build/tasks.o
                0x08001aa4                xTaskResumeAll
 .text.vTaskDelay
                0x08001b9c       0x4c build/tasks.o
                0x08001b9c                vTaskDelay
 .text.vTaskSwitchContext
                0x08001be8       0x98 build/tasks.o
                0x08001be8                vTaskSwitchContext
 .text.vTaskPlaceOnEventList
                0x08001c80       0x30 build/tasks.o
                0x08001c80                vTaskPlaceOnEventList
 .text.vTaskPlaceOnEventListRestricted
                0x08001cb0       0x3c build/tasks.o
                0x08001cb0                vTaskPlaceOnEventListRestricted
 .text.xTaskRemoveFromEventList
                0x08001cec       0x90 build/tasks.o
                0x08001cec                xTaskRemoveFromEventList
 .text.vTaskInternalSetTimeOutState
                0x08001d7c       0x18 build/tasks.o
                0x08001d7c                vTaskInternalSetTimeOutState
 .text.xTaskCheckForTimeOut
                0x08001d94       0x88 build/tasks.o
                0x08001d94                xTaskCheckForTimeOut
 .text.vTaskMissedYield
                0x08001e1c        0xc build/tasks.o
                0x08001e1c                vTaskMissedYield
 .text.xTaskGetSchedulerState
                0x08001e28       0x20 build/tasks.o
                0x08001e28                xTaskGetSchedulerState
 .text.xTaskPriorityDisinherit
                0x08001e48       0x90 build/tasks.o
                0x08001e48                xTaskPriorityDisinherit
 .text.prvGetNextExpireTime
                0x08001ed8       0x20 build/timers.o
 .text.prvInsertTimerInActiveList
                0x08001ef8       0x48 build/timers.o
 .text.prvCheckForValidListAndQueue
                0x08001f40       0x70 build/timers.o
 .text.xTimerCreateTimerTask
                0x08001fb0       0x64 build/timers.o
                0x08001fb0                xTimerCreateTimerTask
 .text.xTimerGenericCommand
                0x08002014       0x68 build/timers.o
                0x08002014                xTimerGenericCommand
 .text.prvSwitchTimerLists
                0x0800207c       0x7c build/timers.o
 .text.prvSampleTimeNow
                0x080020f8       0x2c build/timers.o
 .text.prvProcessExpiredTimer
                0x08002124       0x6c build/timers.o
 .text.prvProcessTimerOrBlockTask
                0x08002190       0x78 build/timers.o
 .text.prvProcessReceivedCommands
                0x08002208      0x124 build/timers.o
 .text.prvTimerTask
                0x0800232c       0x16 build/timers.o
 *fill*         0x08002342        0x2 
 .text.osKernelInitialize
                0x08002344       0x24 build/cmsis_os2.o
                0x08002344                osKernelInitialize
 .text.osKernelStart
                0x08002368       0x3c build/cmsis_os2.o
                0x08002368                osKernelStart
 .text.osThreadNew
                0x080023a4       0xc2 build/cmsis_os2.o
                0x080023a4                osThreadNew
 .text.osDelay  0x08002466       0x1a build/cmsis_os2.o
                0x08002466                osDelay
 .text.vApplicationGetIdleTaskMemory
                0x08002480       0x18 build/cmsis_os2.o
                0x08002480                vApplicationGetIdleTaskMemory
 .text.vApplicationGetTimerTaskMemory
                0x08002498       0x18 build/cmsis_os2.o
                0x08002498                vApplicationGetTimerTaskMemory
 .text.prvHeapInit
                0x080024b0       0x64 build/heap_4.o
 .text.prvInsertBlockIntoFreeList
                0x08002514       0x5c build/heap_4.o
 .text.pvPortMalloc
                0x08002570      0x104 build/heap_4.o
                0x08002570                pvPortMalloc
 .text.vPortFree
                0x08002674       0x80 build/heap_4.o
                0x08002674                vPortFree
 .text.prvTaskExitError
                0x080026f4       0x40 build/port.o
 .text.prvPortStartFirstTask
                0x08002734       0x28 build/port.o
 .text.vPortEnableVFP
                0x0800275c       0x14 build/port.o
 .text.pxPortInitialiseStack
                0x08002770       0x2c build/port.o
                0x08002770                pxPortInitialiseStack
 *fill*         0x0800279c        0x4 
 .text.SVC_Handler
                0x080027a0       0x24 build/port.o
                0x080027a0                SVC_Handler
 .text.vPortEnterCritical
                0x080027c4       0x44 build/port.o
                0x080027c4                vPortEnterCritical
 .text.vPortExitCritical
                0x08002808       0x2c build/port.o
                0x08002808                vPortExitCritical
 *fill*         0x08002834        0xc 
 .text.PendSV_Handler
                0x08002840       0x64 build/port.o
                0x08002840                PendSV_Handler
 .text.xPortSysTickHandler
                0x080028a4       0x2c build/port.o
                0x080028a4                xPortSysTickHandler
 .text.vPortSetupTimerInterrupt
                0x080028d0       0x28 build/port.o
                0x080028d0                vPortSetupTimerInterrupt
 .text.xPortStartScheduler
                0x080028f8      0x11c build/port.o
                0x080028f8                xPortStartScheduler
 .text.vPortValidateInterruptPriority
                0x08002a14       0x5c build/port.o
                0x08002a14                vPortValidateInterruptPriority
 .text.Reset_Handler
                0x08002a70       0x50 build/startup_stm32f439xx.o
                0x08002a70                Reset_Handler
 .text.Default_Handler
                0x08002ac0        0x2 build/startup_stm32f439xx.o
                0x08002ac0                DMA1_Stream3_IRQHandler
                0x08002ac0                HASH_RNG_IRQHandler
                0x08002ac0                EXTI2_IRQHandler
                0x08002ac0                TIM8_CC_IRQHandler
                0x08002ac0                UART8_IRQHandler
                0x08002ac0                SPI4_IRQHandler
                0x08002ac0                TIM1_CC_IRQHandler
                0x08002ac0                DMA2_Stream5_IRQHandler
                0x08002ac0                DMA1_Stream5_IRQHandler
                0x08002ac0                PVD_IRQHandler
                0x08002ac0                SDIO_IRQHandler
                0x08002ac0                TAMP_STAMP_IRQHandler
                0x08002ac0                CAN2_RX1_IRQHandler
                0x08002ac0                EXTI3_IRQHandler
                0x08002ac0                TIM8_TRG_COM_TIM14_IRQHandler
                0x08002ac0                TIM1_UP_TIM10_IRQHandler
                0x08002ac0                TIM8_UP_TIM13_IRQHandler
                0x08002ac0                I2C3_ER_IRQHandler
                0x08002ac0                EXTI0_IRQHandler
                0x08002ac0                I2C2_EV_IRQHandler
                0x08002ac0                DMA1_Stream2_IRQHandler
                0x08002ac0                CAN1_RX0_IRQHandler
                0x08002ac0                FPU_IRQHandler
                0x08002ac0                OTG_HS_WKUP_IRQHandler
                0x08002ac0                LTDC_ER_IRQHandler
                0x08002ac0                CAN2_SCE_IRQHandler
                0x08002ac0                DMA2_Stream2_IRQHandler
                0x08002ac0                SPI1_IRQHandler
                0x08002ac0                TIM6_DAC_IRQHandler
                0x08002ac0                TIM1_BRK_TIM9_IRQHandler
                0x08002ac0                DCMI_IRQHandler
                0x08002ac0                CAN2_RX0_IRQHandler
                0x08002ac0                DMA2_Stream3_IRQHandler
                0x08002ac0                USART6_IRQHandler
                0x08002ac0                USART3_IRQHandler
                0x08002ac0                CRYP_IRQHandler
                0x08002ac0                CAN1_RX1_IRQHandler
                0x08002ac0                UART5_IRQHandler
                0x08002ac0                DMA2_Stream0_IRQHandler
                0x08002ac0                TIM4_IRQHandler
                0x08002ac0                I2C1_EV_IRQHandler
                0x08002ac0                DMA1_Stream6_IRQHandler
                0x08002ac0                DMA1_Stream1_IRQHandler
                0x08002ac0                UART4_IRQHandler
                0x08002ac0                TIM3_IRQHandler
                0x08002ac0                RCC_IRQHandler
                0x08002ac0                TIM8_BRK_TIM12_IRQHandler
                0x08002ac0                Default_Handler
                0x08002ac0                EXTI15_10_IRQHandler
                0x08002ac0                ADC_IRQHandler
                0x08002ac0                DMA1_Stream7_IRQHandler
                0x08002ac0                SPI5_IRQHandler
                0x08002ac0                TIM7_IRQHandler
                0x08002ac0                CAN2_TX_IRQHandler
                0x08002ac0                TIM5_IRQHandler
                0x08002ac0                DMA2_Stream7_IRQHandler
                0x08002ac0                I2C3_EV_IRQHandler
                0x08002ac0                EXTI9_5_IRQHandler
                0x08002ac0                RTC_WKUP_IRQHandler
                0x08002ac0                LTDC_IRQHandler
                0x08002ac0                ETH_WKUP_IRQHandler
                0x08002ac0                SPI2_IRQHandler
                0x08002ac0                OTG_HS_EP1_IN_IRQHandler
                0x08002ac0                DMA1_Stream0_IRQHandler
                0x08002ac0                CAN1_TX_IRQHandler
                0x08002ac0                EXTI4_IRQHandler
                0x08002ac0                ETH_IRQHandler
                0x08002ac0                OTG_HS_EP1_OUT_IRQHandler
                0x08002ac0                WWDG_IRQHandler
                0x08002ac0                SPI6_IRQHandler
                0x08002ac0                TIM2_IRQHandler
                0x08002ac0                OTG_FS_WKUP_IRQHandler
                0x08002ac0                TIM1_TRG_COM_TIM11_IRQHandler
                0x08002ac0                OTG_HS_IRQHandler
                0x08002ac0                DMA2D_IRQHandler
                0x08002ac0                EXTI1_IRQHandler
                0x08002ac0                UART7_IRQHandler
                0x08002ac0                USART2_IRQHandler
                0x08002ac0                I2C2_ER_IRQHandler
                0x08002ac0                DMA2_Stream1_IRQHandler
                0x08002ac0                CAN1_SCE_IRQHandler
                0x08002ac0                FLASH_IRQHandler
                0x08002ac0                DMA2_Stream4_IRQHandler
                0x08002ac0                USART1_IRQHandler
                0x08002ac0                OTG_FS_IRQHandler
                0x08002ac0                SPI3_IRQHandler
                0x08002ac0                DMA1_Stream4_IRQHandler
                0x08002ac0                I2C1_ER_IRQHandler
                0x08002ac0                FMC_IRQHandler
                0x08002ac0                DMA2_Stream6_IRQHandler
                0x08002ac0                SAI1_IRQHandler
                0x08002ac0                RTC_Alarm_IRQHandler
 .text.memset   0x08002ac2       0x10 /Applications/ArmGNUToolchain/15.2.rel1/arm-none-eabi/bin/../lib/gcc/arm-none-eabi/15.2.1/../../../../arm-none-eabi/lib/thumb/v7e-m+fp/hard/libc_nano.a(libc_a-memset.o)
                0x08002ac2                memset
 *fill*         0x08002ad2        0x2 
 .text.__libc_init_array
                0x08002ad4       0x48 /Applications/ArmGNUToolchain/15.2.rel1/arm-none-eabi/bin/../lib/gcc/arm-none-eabi/15.2.1/../../../../arm-none-eabi/lib/thumb/v7e-m+fp/hard/libc_nano.a(libc_a-init.o)
                0x08002ad4                __libc_init_array
 .text.memcpy   0x08002b1c       0x1c /Applications/ArmGNUToolchain/15.2.rel1/arm-none-eabi/bin/../lib/gcc/arm-none-eabi/15.2.1/../../../../arm-none-eabi/lib/thumb/v7e-m+fp/hard/libc_nano.a(libc_a-memcpy-stub.o)
                0x08002b1c                memcpy
 .text.__udivmoddi4
                0x08002b38      0x320 /Applications/ArmGNUToolchain/15.2.rel1/arm-none-eabi/bin/../lib/gcc/arm-none-eabi/15.2.1/thumb/v7e-m+fp/hard/libgcc.a(_udivmoddi4.o)
                0x08002b38                __udivmoddi4
 *(.glue_7)
 .glue_7        0x08002e58        0x0 linker stubs
 *(.glue_7t)
 .glue_7t       0x08002e58        0x0 linker stubs
 *(.eh_frame)
 .eh_frame      0x08002e58        0x0 /Applications/ArmGNUToolchain/15.2.rel1/arm-none-eabi/bin/../lib/gcc/arm-none-eabi/15.2.1/thumb/v7e-m+fp/hard/crtbegin.o
 *(.init)
 .init          0x08002e58        0x4 /Applications/ArmGNUToolchain/15.2.rel1/arm-none-eabi/bin/../lib/gcc/arm-none-eabi/15.2.1/thumb/v7e-m+fp/hard/crti.o
                0x08002e58                _init
 .init          0x08002e5c        0x8 /Applications/ArmGNUToolchain/15.2.rel1/arm-none-eabi/bin/../lib/gcc/arm-none-eabi/15.2.1/thumb/v7e-m+fp/hard/crtn.o
 *(.fini)
 .fini          0x08002e64        0x4 /Applications/ArmGNUToolchain/15.2.rel1/arm-none-eabi/bin/../lib/gcc/arm-none-eabi/15.2.1/thumb/v7e-m+fp/hard/crti.o
                0x08002e64                _fini
 .fini          0x08002e68        0x8 /Applications/ArmGNUToolchain/15.2.rel1/arm-none-eabi/bin/../lib/gcc/arm-none-eabi/15.2.1/thumb/v7e-m+fp/hard/crtn.o
                0x08002e70                        . = ALIGN (0x4)
                0x08002e70                        _etext = .

.vfp11_veneer   0x08002e70        0x0
 .vfp11_veneer  0x08002e70        0x0 linker stubs

.v4_bx          0x08002e70        0x0
 .v4_bx         0x08002e70        0x0 linker stubs

.iplt           0x08002e70        0x0
 .iplt          0x08002e70        0x0 /Applications/ArmGNUToolchain/15.2.rel1/arm-none-eabi/bin/../lib/gcc/arm-none-eabi/15.2.1/thumb/v7e-m+fp/hard/crtbegin.o

.rodata         0x08002e70       0x54
                0x08002e70                        . = ALIGN (0x4)
 *(.rodata)
 *(.rodata*)
 .rodata.str1.4
                0x08002e70       0x20 build/main.o
                                  0x6 (size before relaxing)
 .rodata.Flash_attributes
                0x08002e90       0x24 build/main.o
                0x08002e90                Flash_attributes
 .rodata.AHBPrescTable
                0x08002eb4       0x10 build/system_stm32f4xx.o
                0x08002eb4                AHBPrescTable
 .rodata.vTaskStartScheduler.str1.4
                0x08002ec4        0x0 build/tasks.o
                                  0x5 (size before relaxing)
 .rodata.prvCheckForValidListAndQueue.str1.4
                0x08002ec4        0x0 build/timers.o
                                  0x5 (size before relaxing)
 .rodata.xTimerCreateTimerTask.str1.4
                0x08002ec4        0x0 build/timers.o
                                  0x8 (size before relaxing)
                0x08002ec4                        . = ALIGN (0x4)

.ARM.extab      0x08002ec4        0x0
                0x08002ec4                        . = ALIGN (0x4)
 *(.ARM.extab* .gnu.linkonce.armextab.*)
                0x08002ec4                        . = ALIGN (0x4)

.ARM            0x08002ec4        0x8
                0x08002ec4                        . = ALIGN (0x4)
                0x08002ec4                        __exidx_start = .
 *(.ARM.exidx*)
 .ARM.exidx.text.__udivmoddi4
                0x08002ec4        0x8 /Applications/ArmGNUToolchain/15.2.rel1/arm-none-eabi/bin/../lib/gcc/arm-none-eabi/15.2.1/thumb/v7e-m+fp/hard/libgcc.a(_udivmoddi4.o)
                0x08002ecc                        __exidx_end = .
                0x08002ecc                        . = ALIGN (0x4)

.preinit_array  0x08002ecc        0x0
                0x08002ecc                        . = ALIGN (0x4)
                0x08002ecc                        PROVIDE (__preinit_array_start = .)
 *(.preinit_array*)
                0x08002ecc                        PROVIDE (__preinit_array_end = .)
                0x08002ecc                        . = ALIGN (0x4)

.init_array     0x08002ecc        0x4
                0x08002ecc                        . = ALIGN (0x4)
                0x08002ecc                        PROVIDE (__init_array_start = .)
 *(SORT_BY_NAME(.init_array.*))
 *(.init_array*)
 .init_array    0x08002ecc        0x4 /Applications/ArmGNUToolchain/15.2.rel1/arm-none-eabi/bin/../lib/gcc/arm-none-eabi/15.2.1/thumb/v7e-m+fp/hard/crtbegin.o
                0x08002ed0                        PROVIDE (__init_array_end = .)
                0x08002ed0                        . = ALIGN (0x4)

.fini_array     0x08002ed0        0x4
                0x08002ed0                        . = ALIGN (0x4)
                [!provide]                        PROVIDE (__fini_array_start = .)
 *(SORT_BY_NAME(.fini_array.*))
 *(.fini_array*)
 .fini_array    0x08002ed0        0x4 /Applications/ArmGNUToolchain/15.2.rel1/arm-none-eabi/bin/../lib/gcc/arm-none-eabi/15.2.1/thumb/v7e-m+fp/hard/crtbegin.o
                [!provide]                        PROVIDE (__fini_array_end = .)
                0x08002ed4                        . = ALIGN (0x4)
                0x08002ed4                        _sidata = LOADADDR (.data)

.rel.dyn        0x08002ed4        0x0
 .rel.iplt      0x08002ed4        0x0 /Applications/ArmGNUToolchain/15.2.rel1/arm-none-eabi/bin/../lib/gcc/arm-none-eabi/15.2.1/thumb/v7e-m+fp/hard/crtbegin.o

.data           0x20000000       0x10 load address 0x08002ed4
                0x20000000                        . = ALIGN (0x4)
                0x20000000                        _sdata = .
 *(.data)
 *(.data*)
 .data.uwTickFreq
                0x20000000        0x1 build/stm32f4xx_hal.o
                0x20000000                uwTickFreq
 *fill*         0x20000001        0x3 
 .data.uwTickPrio
                0x20000004        0x4 build/stm32f4xx_hal.o
                0x20000004                uwTickPrio
 .data.SystemCoreClock
                0x20000008        0x4 build/system_stm32f4xx.o
                0x20000008                SystemCoreClock
 .data.uxCriticalNesting
                0x2000000c        0x4 build/port.o
 *(.RamFunc)
 *(.RamFunc*)
                0x20000010                        . = ALIGN (0x4)
                0x20000010                        _edata = .
                0x08002ee4                        _siccmram = LOADADDR (.ccmram)

.tm_clone_table
                0x20000010        0x0 load address 0x08002ee4
 .tm_clone_table
                0x20000010        0x0 /Applications/ArmGNUToolchain/15.2.rel1/arm-none-eabi/bin/../lib/gcc/arm-none-eabi/15.2.1/thumb/v7e-m+fp/hard/crtbegin.o
 .tm_clone_table
                0x20000010        0x0 /Applications/ArmGNUToolchain/15.2.rel1/arm-none-eabi/bin/../lib/gcc/arm-none-eabi/15.2.1/thumb/v7e-m+fp/hard/crtend.o

.igot.plt       0x20000010        0x0 load address 0x08002ee4
 .igot.plt      0x20000010        0x0 /Applications/ArmGNUToolchain/15.2.rel1/arm-none-eabi/bin/../lib/gcc/arm-none-eabi/15.2.1/thumb/v7e-m+fp/hard/crtbegin.o

.ccmram         0x10000000        0x0 load address 0x08002ee4
                0x10000000                        . = ALIGN (0x4)
                0x10000000                        _sccmram = .
 *(.ccmram)
 *(.ccmram*)
                0x10000000                        . = ALIGN (0x4)
                0x10000000                        _eccmram = .
                0x10000000                        . = ALIGN (0x4)

.bss            0x20000010     0x4974
                0x20000010                        _sbss = .
                0x20000010                        __bss_start__ = _sbss
 *(.bss)
 *(.bss*)
 .bss.completed.1
                0x20000010        0x1 /Applications/ArmGNUToolchain/15.2.rel1/arm-none-eabi/bin/../lib/gcc/arm-none-eabi/15.2.1/thumb/v7e-m+fp/hard/crtbegin.o
 *fill*         0x20000011        0x3 
 .bss.object.0  0x20000014       0x18 /Applications/ArmGNUToolchain/15.2.rel1/arm-none-eabi/bin/../lib/gcc/arm-none-eabi/15.2.1/thumb/v7e-m+fp/hard/crtbegin.o
 .bss.FlashHandle
                0x2000002c        0x4 build/main.o
                0x2000002c                FlashHandle
 .bss.uwTick    0x20000030        0x4 build/stm32f4xx_hal.o
                0x20000030                uwTick
 .bss.xQueueRegistry
                0x20000034       0x40 build/queue.o
                0x20000034                xQueueRegistry
 .bss.uxSchedulerSuspended
                0x20000074        0x4 build/tasks.o
 .bss.xIdleTaskHandle
                0x20000078        0x4 build/tasks.o
 .bss.xNextTaskUnblockTime
                0x2000007c        0x4 build/tasks.o
 .bss.uxTaskNumber
                0x20000080        0x4 build/tasks.o
 .bss.xNumOfOverflows
                0x20000084        0x4 build/tasks.o
 .bss.xYieldPending
                0x20000088        0x4 build/tasks.o
 .bss.xPendedTicks
                0x2000008c        0x4 build/tasks.o
 .bss.xSchedulerRunning
                0x20000090        0x4 build/tasks.o
 .bss.uxTopReadyPriority
                0x20000094        0x4 build/tasks.o
 .bss.xTickCount
                0x20000098        0x4 build/tasks.o
 .bss.uxCurrentNumberOfTasks
                0x2000009c        0x4 build/tasks.o
 .bss.xSuspendedTaskList
                0x200000a0       0x14 build/tasks.o
 .bss.uxDeletedTasksWaitingCleanUp
                0x200000b4        0x4 build/tasks.o
 .bss.xTasksWaitingTermination
                0x200000b8       0x14 build/tasks.o
 .bss.xPendingReadyList
                0x200000cc       0x14 build/tasks.o
 .bss.pxOverflowDelayedTaskList
                0x200000e0        0x4 build/tasks.o
 .bss.pxDelayedTaskList
                0x200000e4        0x4 build/tasks.o
 .bss.xDelayedTaskList2
                0x200000e8       0x14 build/tasks.o
 .bss.xDelayedTaskList1
                0x200000fc       0x14 build/tasks.o
 .bss.pxReadyTasksLists
                0x20000110      0x460 build/tasks.o
 .bss.pxCurrentTCB
                0x20000570        0x4 build/tasks.o
                0x20000570                pxCurrentTCB
 .bss.xStaticTimerQueue.0
                0x20000574       0x50 build/timers.o
 .bss.ucStaticTimerQueueStorage.1
                0x200005c4       0xa0 build/timers.o
 .bss.xLastTime.2
                0x20000664        0x4 build/timers.o
 .bss.xTimerTaskHandle
                0x20000668        0x4 build/timers.o
 .bss.xTimerQueue
                0x2000066c        0x4 build/timers.o
 .bss.pxOverflowTimerList
                0x20000670        0x4 build/timers.o
 .bss.pxCurrentTimerList
                0x20000674        0x4 build/timers.o
 .bss.xActiveTimerList2
                0x20000678       0x14 build/timers.o
 .bss.xActiveTimerList1
                0x2000068c       0x14 build/timers.o
 .bss.Timer_Stack.0
                0x200006a0      0x400 build/cmsis_os2.o
 .bss.Timer_TCB.1
                0x20000aa0       0x5c build/cmsis_os2.o
 .bss.Idle_Stack.2
                0x20000afc      0x200 build/cmsis_os2.o
 .bss.Idle_TCB.3
                0x20000cfc       0x5c build/cmsis_os2.o
 .bss.KernelState
                0x20000d58        0x4 build/cmsis_os2.o
 .bss.xBlockAllocatedBit
                0x20000d5c        0x4 build/heap_4.o
 .bss.xNumberOfSuccessfulFrees
                0x20000d60        0x4 build/heap_4.o
 .bss.xNumberOfSuccessfulAllocations
                0x20000d64        0x4 build/heap_4.o
 .bss.xMinimumEverFreeBytesRemaining
                0x20000d68        0x4 build/heap_4.o
 .bss.xFreeBytesRemaining
                0x20000d6c        0x4 build/heap_4.o
 .bss.pxEnd     0x20000d70        0x4 build/heap_4.o
 .bss.xStart    0x20000d74        0x8 build/heap_4.o
 .bss.ucHeap    0x20000d7c     0x3c00 build/heap_4.o
 .bss.ulMaxPRIGROUPValue
                0x2000497c        0x4 build/port.o
 .bss.ucMaxSysCallPriority
                0x20004980        0x1 build/port.o
 *(COMMON)
                0x20004984                        . = ALIGN (0x4)
 *fill*         0x20004981        0x3 
                0x20004984                        _ebss = .
                0x20004984                        __bss_end__ = _ebss

._user_heap_stack
                0x20004984      0x604
                0x20004988                        . = ALIGN (0x8)
 *fill*         0x20004984        0x4 
                [!provide]                        PROVIDE (end = .)
                0x20004988                        PROVIDE (_end = .)
                0x20004b88                        . = (. + _Min_Heap_Size)
 *fill*         0x20004988      0x200 
                0x20004f88                        . = (. + _Min_Stack_Size)
 *fill*         0x20004b88      0x400 
                0x20004f88                        . = ALIGN (0x8)

/DISCARD/
 libc.a(*)
 libm.a(*)
 libgcc.a(*)
OUTPUT(build/Freertos.elf elf32-littlearm)
LOAD linker stubs
LOAD /Applications/ArmGNUToolchain/15.2.rel1/arm-none-eabi/bin/../lib/gcc/arm-none-eabi/15.2.1/../../../../arm-none-eabi/lib/thumb/v7e-m+fp/hard/libc.a
LOAD /Applications/ArmGNUToolchain/15.2.rel1/arm-none-eabi/bin/../lib/gcc/arm-none-eabi/15.2.1/../../../../arm-none-eabi/lib/thumb/v7e-m+fp/hard/libm.a
LOAD /Applications/ArmGNUToolchain/15.2.rel1/arm-none-eabi/bin/../lib/gcc/arm-none-eabi/15.2.1/thumb/v7e-m+fp/hard/libgcc.a

.ARM.attributes
                0x00000000       0x30
 .ARM.attributes
                0x00000000       0x22 /Applications/ArmGNUToolchain/15.2.rel1/arm-none-eabi/bin/../lib/gcc/arm-none-eabi/15.2.1/thumb/v7e-m+fp/hard/crti.o
 .ARM.attributes
                0x00000022       0x34 /Applications/ArmGNUToolchain/15.2.rel1/arm-none-eabi/bin/../lib/gcc/arm-none-eabi/15.2.1/thumb/v7e-m+fp/hard/crtbegin.o
 .ARM.attributes
                0x00000056       0x34 build/main.o
 .ARM.attributes
                0x0000008a       0x34 build/stm32f4xx_it.o
 .ARM.attributes
                0x000000be       0x34 build/stm32f4xx_hal_msp.o
 .ARM.attributes
                0x000000f2       0x34 build/stm32f4xx_hal_rcc.o
 .ARM.attributes
                0x00000126       0x34 build/stm32f4xx_hal_gpio.o
 .ARM.attributes
                0x0000015a       0x34 build/stm32f4xx_hal_cortex.o
 .ARM.attributes
                0x0000018e       0x34 build/stm32f4xx_hal.o
 .ARM.attributes
                0x000001c2       0x34 build/system_stm32f4xx.o
 .ARM.attributes
                0x000001f6       0x34 build/list.o
 .ARM.attributes
                0x0000022a       0x34 build/queue.o
 .ARM.attributes
                0x0000025e       0x34 build/tasks.o
 .ARM.attributes
                0x00000292       0x34 build/timers.o
 .ARM.attributes
                0x000002c6       0x34 build/cmsis_os2.o
 .ARM.attributes
                0x000002fa       0x34 build/heap_4.o
 .ARM.attributes
                0x0000032e       0x34 build/port.o
 .ARM.attributes
                0x00000362       0x21 build/startup_stm32f439xx.o
 .ARM.attributes
                0x00000383       0x34 /Applications/ArmGNUToolchain/15.2.rel1/arm-none-eabi/bin/../lib/gcc/arm-none-eabi/15.2.1/../../../../arm-none-eabi/lib/thumb/v7e-m+fp/hard/libc_nano.a(libc_a-memset.o)
 .ARM.attributes
                0x000003b7       0x34 /Applications/ArmGNUToolchain/15.2.rel1/arm-none-eabi/bin/../lib/gcc/arm-none-eabi/15.2.1/../../../../arm-none-eabi/lib/thumb/v7e-m+fp/hard/libc_nano.a(libc_a-init.o)
 .ARM.attributes
                0x000003eb       0x34 /Applications/ArmGNUToolchain/15.2.rel1/arm-none-eabi/bin/../lib/gcc/arm-none-eabi/15.2.1/../../../../arm-none-eabi/lib/thumb/v7e-m+fp/hard/libc_nano.a(libc_a-memcpy-stub.o)
 .ARM.attributes
                0x0000041f       0x22 /Applications/ArmGNUToolchain/15.2.rel1/arm-none-eabi/bin/../lib/gcc/arm-none-eabi/15.2.1/thumb/v7e-m+fp/hard/libgcc.a(_aeabi_uldivmod.o)
 .ARM.attributes
                0x00000441       0x34 /Applications/ArmGNUToolchain/15.2.rel1/arm-none-eabi/bin/../lib/gcc/arm-none-eabi/15.2.1/thumb/v7e-m+fp/hard/libgcc.a(_udivmoddi4.o)
 .ARM.attributes
                0x00000475       0x22 /Applications/ArmGNUToolchain/15.2.rel1/arm-none-eabi/bin/../lib/gcc/arm-none-eabi/15.2.1/thumb/v7e-m+fp/hard/libgcc.a(_dvmd_tls.o)
 .ARM.attributes
                0x00000497       0x34 /Applications/ArmGNUToolchain/15.2.rel1/arm-none-eabi/bin/../lib/gcc/arm-none-eabi/15.2.1/thumb/v7e-m+fp/hard/crtend.o
 .ARM.attributes
                0x000004cb       0x22 /Applications/ArmGNUToolchain/15.2.rel1/arm-none-eabi/bin/../lib/gcc/arm-none-eabi/15.2.1/thumb/v7e-m+fp/hard/crtn.o

.comment        0x00000000       0x45
 .comment       0x00000000       0x45 build/main.o
                                 0x46 (size before relaxing)
 .comment       0x00000045        0x0 build/stm32f4xx_it.o
                                 0x46 (size before relaxing)
 .comment       0x00000045        0x0 build/stm32f4xx_hal_msp.o
                                 0x46 (size before relaxing)
 .comment       0x00000045        0x0 build/stm32f4xx_hal_rcc.o
                                 0x46 (size before relaxing)
 .comment       0x00000045        0x0 build/stm32f4xx_hal_gpio.o
                                 0x46 (size before relaxing)
 .comment       0x00000045        0x0 build/stm32f4xx_hal_cortex.o
                                 0x46 (size before relaxing)
 .comment       0x00000045        0x0 build/stm32f4xx_hal.o
                                 0x46 (size before relaxing)
 .comment       0x00000045        0x0 build/system_stm32f4xx.o
                                 0x46 (size before relaxing)
 .comment       0x00000045        0x0 build/list.o
                                 0x46 (size before relaxing)
 .comment       0x00000045        0x0 build/queue.o
                                 0x46 (size before relaxing)
 .comment       0x00000045        0x0 build/tasks.o
                                 0x46 (size before relaxing)
 .comment       0x00000045        0x0 build/timers.o
                                 0x46 (size before relaxing)
 .comment       0x00000045        0x0 build/cmsis_os2.o
                                 0x46 (size before relaxing)
 .comment       0x00000045        0x0 build/heap_4.o
                                 0x46 (size before relaxing)
 .comment       0x00000045        0x0 build/port.o
                                 0x46 (size before relaxing)

.debug_info     0x00000000    0x126ac
 .debug_info    0x00000000      0xb95 build/main.o
 .debug_info    0x00000b95      0x16b build/stm32f4xx_it.o
 .debug_info    0x00000d00      0x5b8 build/stm32f4xx_hal_msp.o
 .debug_info    0x000012b8      0xc42 build/stm32f4xx_hal_rcc.o
 .debug_info    0x00001efa      0x870 build/stm32f4xx_hal_gpio.o
 .debug_info    0x0000276a     0x121c build/stm32f4xx_hal_cortex.o
 .debug_info    0x00003986      0xb81 build/stm32f4xx_hal.o
 .debug_info    0x00004507      0x5d5 build/system_stm32f4xx.o
 .debug_info    0x00004adc      0x31b build/list.o
 .debug_info    0x00004df7     0x2a30 build/queue.o
 .debug_info    0x00007827     0x33a0 build/tasks.o
 .debug_info    0x0000abc7     0x1d2e build/timers.o
 .debug_info    0x0000c8f5     0x51ba build/cmsis_os2.o
 .debug_info    0x00011aaf      0x60b build/heap_4.o
 .debug_info    0x000120ba      0x5c2 build/port.o
 .debug_info    0x0001267c       0x30 build/startup_stm32f439xx.o

.debug_abbrev   0x00000000     0x28b1
 .debug_abbrev  0x00000000      0x28b build/main.o
 .debug_abbrev  0x0000028b       0xa4 build/stm32f4xx_it.o
 .debug_abbrev  0x0000032f      0x122 build/stm32f4xx_hal_msp.o
 .debug_abbrev  0x00000451      0x2de build/stm32f4xx_hal_rcc.o
 .debug_abbrev  0x0000072f      0x23f build/stm32f4xx_hal_gpio.o
 .debug_abbrev  0x0000096e      0x3ca build/stm32f4xx_hal_cortex.o
 .debug_abbrev  0x00000d38      0x244 build/stm32f4xx_hal.o
 .debug_abbrev  0x00000f7c      0x11b build/system_stm32f4xx.o
 .debug_abbrev  0x00001097      0x124 build/list.o
 .debug_abbrev  0x000011bb      0x42e build/queue.o
 .debug_abbrev  0x000015e9      0x40c build/tasks.o
 .debug_abbrev  0x000019f5      0x3d4 build/timers.o
 .debug_abbrev  0x00001dc9      0x5bc build/cmsis_os2.o
 .debug_abbrev  0x00002385      0x260 build/heap_4.o
 .debug_abbrev  0x000025e5      0x2af build/port.o
 .debug_abbrev  0x00002894       0x1d build/startup_stm32f439xx.o

.debug_loc      0x00000000     0xe3ba
 .debug_loc     0x00000000       0xe9 build/main.o
 .debug_loc     0x000000e9       0x20 build/stm32f4xx_it.o
 .debug_loc     0x00000109       0x38 build/stm32f4xx_hal_msp.o
 .debug_loc     0x00000141      0x6de build/stm32f4xx_hal_rcc.o
 .debug_loc     0x0000081f      0x5d5 build/stm32f4xx_hal_gpio.o
 .debug_loc     0x00000df4      0x896 build/stm32f4xx_hal_cortex.o
 .debug_loc     0x0000168a      0x1f9 build/stm32f4xx_hal.o
 .debug_loc     0x00001883       0xb0 build/system_stm32f4xx.o
 .debug_loc     0x00001933      0x122 build/list.o
 .debug_loc     0x00001a55     0x21d4 build/queue.o
 .debug_loc     0x00003c29     0x2b53 build/tasks.o
 .debug_loc     0x0000677c     0x173b build/timers.o
 .debug_loc     0x00007eb7     0x5e4b build/cmsis_os2.o
 .debug_loc     0x0000dd02      0x4f2 build/heap_4.o
 .debug_loc     0x0000e1f4      0x1c6 build/port.o

.debug_aranges  0x00000000      0xbd8
 .debug_aranges
                0x00000000       0x40 build/main.o
 .debug_aranges
                0x00000040       0x50 build/stm32f4xx_it.o
 .debug_aranges
                0x00000090       0x20 build/stm32f4xx_hal_msp.o
 .debug_aranges
                0x000000b0       0x88 build/stm32f4xx_hal_rcc.o
 .debug_aranges
                0x00000138       0x58 build/stm32f4xx_hal_gpio.o
 .debug_aranges
                0x00000190       0xf8 build/stm32f4xx_hal_cortex.o
 .debug_aranges
                0x00000288      0x100 build/stm32f4xx_hal.o
 .debug_aranges
                0x00000388       0x28 build/system_stm32f4xx.o
 .debug_aranges
                0x000003b0       0x40 build/list.o
 .debug_aranges
                0x000003f0      0x158 build/queue.o
 .debug_aranges
                0x00000548      0x208 build/tasks.o
 .debug_aranges
                0x00000750       0xf0 build/timers.o
 .debug_aranges
                0x00000840      0x298 build/cmsis_os2.o
 .debug_aranges
                0x00000ad8       0x58 build/heap_4.o
 .debug_aranges
                0x00000b30       0x80 build/port.o
 .debug_aranges
                0x00000bb0       0x28 build/startup_stm32f439xx.o

.debug_ranges   0x00000000      0xd00
 .debug_ranges  0x00000000       0x30 build/main.o
 .debug_ranges  0x00000030       0x40 build/stm32f4xx_it.o
 .debug_ranges  0x00000070       0x10 build/stm32f4xx_hal_msp.o
 .debug_ranges  0x00000080       0x90 build/stm32f4xx_hal_rcc.o
 .debug_ranges  0x00000110       0x48 build/stm32f4xx_hal_gpio.o
 .debug_ranges  0x00000158       0xe8 build/stm32f4xx_hal_cortex.o
 .debug_ranges  0x00000240       0xf0 build/stm32f4xx_hal.o
 .debug_ranges  0x00000330       0x18 build/system_stm32f4xx.o
 .debug_ranges  0x00000348       0x30 build/list.o
 .debug_ranges  0x00000378      0x218 build/queue.o
 .debug_ranges  0x00000590      0x318 build/tasks.o
 .debug_ranges  0x000008a8       0xe0 build/timers.o
 .debug_ranges  0x00000988      0x288 build/cmsis_os2.o
 .debug_ranges  0x00000c10       0x48 build/heap_4.o
 .debug_ranges  0x00000c58       0x88 build/port.o
 .debug_ranges  0x00000ce0       0x20 build/startup_stm32f439xx.o

.debug_line     0x00000000     0xb306
 .debug_line    0x00000000      0x38b build/main.o
 .debug_line    0x0000038b      0x1d2 build/stm32f4xx_it.o
 .debug_line    0x0000055d      0x19c build/stm32f4xx_hal_msp.o
 .debug_line    0x000006f9      0xbc9 build/stm32f4xx_hal_rcc.o
 .debug_line    0x000012c2      0x71b build/stm32f4xx_hal_gpio.o
 .debug_line    0x000019dd      0x843 build/stm32f4xx_hal_cortex.o
 .debug_line    0x00002220      0x5ab build/stm32f4xx_hal.o
 .debug_line    0x000027cb      0x257 build/system_stm32f4xx.o
 .debug_line    0x00002a22      0x357 build/list.o
 .debug_line    0x00002d79     0x1ab5 build/queue.o
 .debug_line    0x0000482e     0x25c6 build/tasks.o
 .debug_line    0x00006df4      0xd17 build/timers.o
 .debug_line    0x00007b0b     0x2b00 build/cmsis_os2.o
 .debug_line    0x0000a60b      0x6c9 build/heap_4.o
 .debug_line    0x0000acd4      0x5bf build/port.o
 .debug_line    0x0000b293       0x73 build/startup_stm32f439xx.o

.debug_str      0x00000000     0x4a6b
 .debug_str     0x00000000     0x4a6b build/main.o
                                0xa5c (size before relaxing)
 .debug_str     0x00004a6b        0x0 build/stm32f4xx_it.o
                                0x220 (size before relaxing)
 .debug_str     0x00004a6b        0x0 build/stm32f4xx_hal_msp.o
                                0x81a (size before relaxing)
 .debug_str     0x00004a6b        0x0 build/stm32f4xx_hal_rcc.o
                                0x6ea (size before relaxing)
 .debug_str     0x00004a6b        0x0 build/stm32f4xx_hal_gpio.o
                                0x4c4 (size before relaxing)
 .debug_str     0x00004a6b        0x0 build/stm32f4xx_hal_cortex.o
                                0xcb4 (size before relaxing)
 .debug_str     0x00004a6b        0x0 build/stm32f4xx_hal.o
                                0xbf1 (size before relaxing)
 .debug_str     0x00004a6b        0x0 build/system_stm32f4xx.o
                                0x359 (size before relaxing)
 .debug_str     0x00004a6b        0x0 build/list.o
                                0x2d3 (size before relaxing)
 .debug_str     0x00004a6b        0x0 build/queue.o
                                0xce9 (size before relaxing)
 .debug_str     0x00004a6b        0x0 build/tasks.o
                               0x12b8 (size before relaxing)
 .debug_str     0x00004a6b        0x0 build/timers.o
                                0xc19 (size before relaxing)
 .debug_str     0x00004a6b        0x0 build/cmsis_os2.o
                               0x21de (size before relaxing)
 .debug_str     0x00004a6b        0x0 build/heap_4.o
                                0x4ec (size before relaxing)
 .debug_str     0x00004a6b        0x0 build/port.o
                                0x453 (size before relaxing)
 .debug_str     0x00004a6b        0x0 build/startup_stm32f439xx.o
                                 0x53 (size before relaxing)

.debug_frame    0x00000000     0x21a4
 .debug_frame   0x00000000       0x8c build/main.o
 .debug_frame   0x0000008c       0x88 build/stm32f4xx_it.o
 .debug_frame   0x00000114       0x2c build/stm32f4xx_hal_msp.o
 .debug_frame   0x00000140      0x16c build/stm32f4xx_hal_rcc.o
 .debug_frame   0x000002ac       0xd0 build/stm32f4xx_hal_gpio.o
 .debug_frame   0x0000037c      0x214 build/stm32f4xx_hal_cortex.o
 .debug_frame   0x00000590      0x20c build/stm32f4xx_hal.o
 .debug_frame   0x0000079c       0x30 build/system_stm32f4xx.o
 .debug_frame   0x000007cc       0x6c build/list.o
 .debug_frame   0x00000838      0x458 build/queue.o
 .debug_frame   0x00000c90      0x67c build/tasks.o
 .debug_frame   0x0000130c      0x300 build/timers.o
 .debug_frame   0x0000160c      0x8e8 build/cmsis_os2.o
 .debug_frame   0x00001ef4       0xc0 build/heap_4.o
 .debug_frame   0x00001fb4      0x10c build/port.o
 .debug_frame   0x000020c0       0x20 /Applications/ArmGNUToolchain/15.2.rel1/arm-none-eabi/bin/../lib/gcc/arm-none-eabi/15.2.1/../../../../arm-none-eabi/lib/thumb/v7e-m+fp/hard/libc_nano.a(libc_a-memset.o)
 .debug_frame   0x000020e0       0x2c /Applications/ArmGNUToolchain/15.2.rel1/arm-none-eabi/bin/../lib/gcc/arm-none-eabi/15.2.1/../../../../arm-none-eabi/lib/thumb/v7e-m+fp/hard/libc_nano.a(libc_a-init.o)
 .debug_frame   0x0000210c       0x28 /Applications/ArmGNUToolchain/15.2.rel1/arm-none-eabi/bin/../lib/gcc/arm-none-eabi/15.2.1/../../../../arm-none-eabi/lib/thumb/v7e-m+fp/hard/libc_nano.a(libc_a-memcpy-stub.o)
 .debug_frame   0x00002134       0x2c /Applications/ArmGNUToolchain/15.2.rel1/arm-none-eabi/bin/../lib/gcc/arm-none-eabi/15.2.1/thumb/v7e-m+fp/hard/libgcc.a(_aeabi_uldivmod.o)
 .debug_frame   0x00002160       0x44 /Applications/ArmGNUToolchain/15.2.rel1/arm-none-eabi/bin/../lib/gcc/arm-none-eabi/15.2.1/thumb/v7e-m+fp/hard/libgcc.a(_udivmoddi4.o)

.debug_line_str
                0x00000000       0xde
 .debug_line_str
                0x00000000       0xde /Applications/ArmGNUToolchain/15.2.rel1/arm-none-eabi/bin/../lib/gcc/arm-none-eabi/15.2.1/thumb/v7e-m+fp/hard/libgcc.a(_aeabi_uldivmod.o)
                                 0xd2 (size before relaxing)
 .debug_line_str
                0x000000de        0x0 /Applications/ArmGNUToolchain/15.2.rel1/arm-none-eabi/bin/../lib/gcc/arm-none-eabi/15.2.1/thumb/v7e-m+fp/hard/libgcc.a(_dvmd_tls.o)
                                 0xd6 (size before relaxing)

Cross Reference Table

Symbol                                            File
ADC_IRQHandler                                    build/startup_stm32f439xx.o
AHBPrescTable                                     build/system_stm32f4xx.o
                                                  build/stm32f4xx_hal_rcc.o
APBPrescTable                                     build/system_stm32f4xx.o
                                                  build/stm32f4xx_hal_rcc.o
BusFault_Handler                                  build/stm32f4xx_it.o
CAN1_RX0_IRQHandler                               build/startup_stm32f439xx.o
CAN1_RX1_IRQHandler                               build/startup_stm32f439xx.o
CAN1_SCE_IRQHandler                               build/startup_stm32f439xx.o
CAN1_TX_IRQHandler                                build/startup_stm32f439xx.o
CAN2_RX0_IRQHandler                               build/startup_stm32f439xx.o
CAN2_RX1_IRQHandler                               build/startup_stm32f439xx.o
CAN2_SCE_IRQHandler                               build/startup_stm32f439xx.o
CAN2_TX_IRQHandler                                build/startup_stm32f439xx.o
CRYP_IRQHandler                                   build/startup_stm32f439xx.o
DCMI_IRQHandler                                   build/startup_stm32f439xx.o
DMA1_Stream0_IRQHandler                           build/startup_stm32f439xx.o
DMA1_Stream1_IRQHandler                           build/startup_stm32f439xx.o
DMA1_Stream2_IRQHandler                           build/startup_stm32f439xx.o
DMA1_Stream3_IRQHandler                           build/startup_stm32f439xx.o
DMA1_Stream4_IRQHandler                           build/startup_stm32f439xx.o
DMA1_Stream5_IRQHandler                           build/startup_stm32f439xx.o
DMA1_Stream6_IRQHandler                           build/startup_stm32f439xx.o
DMA1_Stream7_IRQHandler                           build/startup_stm32f439xx.o
DMA2D_IRQHandler                                  build/startup_stm32f439xx.o
DMA2_Stream0_IRQHandler                           build/startup_stm32f439xx.o
DMA2_Stream1_IRQHandler                           build/startup_stm32f439xx.o
DMA2_Stream2_IRQHandler                           build/startup_stm32f439xx.o
DMA2_Stream3_IRQHandler                           build/startup_stm32f439xx.o
DMA2_Stream4_IRQHandler                           build/startup_stm32f439xx.o
DMA2_Stream5_IRQHandler                           build/startup_stm32f439xx.o
DMA2_Stream6_IRQHandler                           build/startup_stm32f439xx.o
DMA2_Stream7_IRQHandler                           build/startup_stm32f439xx.o
DebugMon_Handler                                  build/stm32f4xx_it.o
Default_Handler                                   build/startup_stm32f439xx.o
ETH_IRQHandler                                    build/startup_stm32f439xx.o
ETH_WKUP_IRQHandler                               build/startup_stm32f439xx.o
EXTI0_IRQHandler                                  build/startup_stm32f439xx.o
EXTI15_10_IRQHandler                              build/startup_stm32f439xx.o
EXTI1_IRQHandler                                  build/startup_stm32f439xx.o
EXTI2_IRQHandler                                  build/startup_stm32f439xx.o
EXTI3_IRQHandler                                  build/startup_stm32f439xx.o
EXTI4_IRQHandler                                  build/startup_stm32f439xx.o
EXTI9_5_IRQHandler                                build/startup_stm32f439xx.o
Error_Handler                                     build/main.o
FLASH_Erase_Sector                                build/stm32f4xx_hal_flash_ex.o
                                                  build/stm32f4xx_hal_flash.o
FLASH_FlushCaches                                 build/stm32f4xx_hal_flash_ex.o
                                                  build/stm32f4xx_hal_flash.o
FLASH_IRQHandler                                  build/startup_stm32f439xx.o
FLASH_WaitForLastOperation                        build/stm32f4xx_hal_flash.o
                                                  build/stm32f4xx_hal_flash_ex.o
FMC_IRQHandler                                    build/startup_stm32f439xx.o
FPU_IRQHandler                                    build/startup_stm32f439xx.o
FlashHandle                                       build/main.o
Flash_attributes                                  build/main.o
HAL_CORTEX_ClearEvent                             build/stm32f4xx_hal_cortex.o
HAL_DBGMCU_DisableDBGSleepMode                    build/stm32f4xx_hal.o
HAL_DBGMCU_DisableDBGStandbyMode                  build/stm32f4xx_hal.o
HAL_DBGMCU_DisableDBGStopMode                     build/stm32f4xx_hal.o
HAL_DBGMCU_EnableDBGSleepMode                     build/stm32f4xx_hal.o
HAL_DBGMCU_EnableDBGStandbyMode                   build/stm32f4xx_hal.o
HAL_DBGMCU_EnableDBGStopMode                      build/stm32f4xx_hal.o
HAL_DMAEx_ChangeMemory                            build/stm32f4xx_hal_dma_ex.o
HAL_DMAEx_MultiBufferStart                        build/stm32f4xx_hal_dma_ex.o
HAL_DMAEx_MultiBufferStart_IT                     build/stm32f4xx_hal_dma_ex.o
HAL_DMA_Abort                                     build/stm32f4xx_hal_dma.o
HAL_DMA_Abort_IT                                  build/stm32f4xx_hal_dma.o
HAL_DMA_DeInit                                    build/stm32f4xx_hal_dma.o
HAL_DMA_GetError                                  build/stm32f4xx_hal_dma.o
HAL_DMA_GetState                                  build/stm32f4xx_hal_dma.o
HAL_DMA_IRQHandler                                build/stm32f4xx_hal_dma.o
HAL_DMA_Init                                      build/stm32f4xx_hal_dma.o
HAL_DMA_PollForTransfer                           build/stm32f4xx_hal_dma.o
HAL_DMA_RegisterCallback                          build/stm32f4xx_hal_dma.o
HAL_DMA_Start                                     build/stm32f4xx_hal_dma.o
HAL_DMA_Start_IT                                  build/stm32f4xx_hal_dma.o
HAL_DMA_UnRegisterCallback                        build/stm32f4xx_hal_dma.o
HAL_DeInit                                        build/stm32f4xx_hal.o
HAL_Delay                                         build/stm32f4xx_hal.o
HAL_DisableCompensationCell                       build/stm32f4xx_hal.o
HAL_DisableMemorySwappingBank                     build/stm32f4xx_hal.o
HAL_EXTI_ClearConfigLine                          build/stm32f4xx_hal_exti.o
HAL_EXTI_ClearPending                             build/stm32f4xx_hal_exti.o
HAL_EXTI_GenerateSWI                              build/stm32f4xx_hal_exti.o
HAL_EXTI_GetConfigLine                            build/stm32f4xx_hal_exti.o
HAL_EXTI_GetHandle                                build/stm32f4xx_hal_exti.o
HAL_EXTI_GetPending                               build/stm32f4xx_hal_exti.o
HAL_EXTI_IRQHandler                               build/stm32f4xx_hal_exti.o
HAL_EXTI_RegisterCallback                         build/stm32f4xx_hal_exti.o
HAL_EXTI_SetConfigLine                            build/stm32f4xx_hal_exti.o
HAL_EnableCompensationCell                        build/stm32f4xx_hal.o
HAL_EnableMemorySwappingBank                      build/stm32f4xx_hal.o
HAL_FLASHEx_AdvOBGetConfig                        build/stm32f4xx_hal_flash_ex.o
HAL_FLASHEx_AdvOBProgram                          build/stm32f4xx_hal_flash_ex.o
HAL_FLASHEx_Erase                                 build/stm32f4xx_hal_flash_ex.o
HAL_FLASHEx_Erase_IT                              build/stm32f4xx_hal_flash_ex.o
HAL_FLASHEx_OBGetConfig                           build/stm32f4xx_hal_flash_ex.o
HAL_FLASHEx_OBProgram                             build/stm32f4xx_hal_flash_ex.o
HAL_FLASHEx_OB_DeSelectPCROP                      build/stm32f4xx_hal_flash_ex.o
HAL_FLASHEx_OB_GetBank2WRP                        build/stm32f4xx_hal_flash_ex.o
HAL_FLASHEx_OB_SelectPCROP                        build/stm32f4xx_hal_flash_ex.o
HAL_FLASH_EndOfOperationCallback                  build/stm32f4xx_hal_flash.o
HAL_FLASH_GetError                                build/stm32f4xx_hal_flash.o
HAL_FLASH_IRQHandler                              build/stm32f4xx_hal_flash.o
HAL_FLASH_Lock                                    build/stm32f4xx_hal_flash.o
HAL_FLASH_OB_Launch                               build/stm32f4xx_hal_flash.o
HAL_FLASH_OB_Lock                                 build/stm32f4xx_hal_flash.o
HAL_FLASH_OB_Unlock                               build/stm32f4xx_hal_flash.o
HAL_FLASH_OperationErrorCallback                  build/stm32f4xx_hal_flash.o
HAL_FLASH_Program                                 build/stm32f4xx_hal_flash.o
HAL_FLASH_Program_IT                              build/stm32f4xx_hal_flash.o
HAL_FLASH_Unlock                                  build/stm32f4xx_hal_flash.o
HAL_GPIO_DeInit                                   build/stm32f4xx_hal_gpio.o
HAL_GPIO_EXTI_Callback                            build/stm32f4xx_hal_gpio.o
HAL_GPIO_EXTI_IRQHandler                          build/stm32f4xx_hal_gpio.o
HAL_GPIO_Init                                     build/stm32f4xx_hal_gpio.o
                                                  build/stm32f4xx_hal_rcc.o
                                                  build/main.o
HAL_GPIO_LockPin                                  build/stm32f4xx_hal_gpio.o
HAL_GPIO_ReadPin                                  build/stm32f4xx_hal_gpio.o
HAL_GPIO_TogglePin                                build/stm32f4xx_hal_gpio.o
HAL_GPIO_WritePin                                 build/stm32f4xx_hal_gpio.o
HAL_GetDEVID                                      build/stm32f4xx_hal.o
HAL_GetHalVersion                                 build/stm32f4xx_hal.o
HAL_GetREVID                                      build/stm32f4xx_hal.o
HAL_GetTick                                       build/stm32f4xx_hal.o
                                                  build/stm32f4xx_hal_pwr_ex.o
                                                  build/stm32f4xx_hal_dma.o
                                                  build/stm32f4xx_hal_flash.o
                                                  build/stm32f4xx_hal_rcc_ex.o
                                                  build/stm32f4xx_hal_rcc.o
HAL_GetTickFreq                                   build/stm32f4xx_hal.o
HAL_GetTickPrio                                   build/stm32f4xx_hal.o
HAL_GetUIDw0                                      build/stm32f4xx_hal.o
HAL_GetUIDw1                                      build/stm32f4xx_hal.o
HAL_GetUIDw2                                      build/stm32f4xx_hal.o
HAL_IncTick                                       build/stm32f4xx_hal.o
                                                  build/stm32f4xx_it.o
HAL_Init                                          build/stm32f4xx_hal.o
                                                  build/main.o
HAL_InitTick                                      build/stm32f4xx_hal.o
                                                  build/stm32f4xx_hal_rcc_ex.o
                                                  build/stm32f4xx_hal_rcc.o
HAL_MPU_ConfigRegion                              build/stm32f4xx_hal_cortex.o
HAL_MPU_Disable                                   build/stm32f4xx_hal_cortex.o
HAL_MPU_DisableRegion                             build/stm32f4xx_hal_cortex.o
HAL_MPU_Enable                                    build/stm32f4xx_hal_cortex.o
HAL_MPU_EnableRegion                              build/stm32f4xx_hal_cortex.o
HAL_MspDeInit                                     build/stm32f4xx_hal.o
HAL_MspInit                                       build/stm32f4xx_hal_msp.o
HAL_NVIC_ClearPendingIRQ                          build/stm32f4xx_hal_cortex.o
HAL_NVIC_DisableIRQ                               build/stm32f4xx_hal_cortex.o
HAL_NVIC_EnableIRQ                                build/stm32f4xx_hal_cortex.o
HAL_NVIC_GetActive                                build/stm32f4xx_hal_cortex.o
HAL_NVIC_GetPendingIRQ                            build/stm32f4xx_hal_cortex.o
HAL_NVIC_GetPriority                              build/stm32f4xx_hal_cortex.o
HAL_NVIC_GetPriorityGrouping                      build/stm32f4xx_hal_cortex.o
HAL_NVIC_SetPendingIRQ                            build/stm32f4xx_hal_cortex.o
HAL_NVIC_SetPriority                              build/stm32f4xx_hal_cortex.o
                                                  build/stm32f4xx_hal.o
                                                  build/stm32f4xx_hal_msp.o
HAL_NVIC_SetPriorityGrouping                      build/stm32f4xx_hal_cortex.o
                                                  build/stm32f4xx_hal.o
HAL_NVIC_SystemReset                              build/stm32f4xx_hal_cortex.o
HAL_PWREx_ControlVoltageScaling                   build/stm32f4xx_hal_pwr_ex.o
HAL_PWREx_DisableBkUpReg                          build/stm32f4xx_hal_pwr_ex.o
HAL_PWREx_DisableFlashPowerDown                   build/stm32f4xx_hal_pwr_ex.o
HAL_PWREx_DisableOverDrive                        build/stm32f4xx_hal_pwr_ex.o
HAL_PWREx_EnableBkUpReg                           build/stm32f4xx_hal_pwr_ex.o
HAL_PWREx_EnableFlashPowerDown                    build/stm32f4xx_hal_pwr_ex.o
HAL_PWREx_EnableOverDrive                         build/stm32f4xx_hal_pwr_ex.o
HAL_PWREx_EnterUnderDriveSTOPMode                 build/stm32f4xx_hal_pwr_ex.o
HAL_PWREx_GetVoltageRange                         build/stm32f4xx_hal_pwr_ex.o
HAL_PWR_ConfigPVD                                 build/stm32f4xx_hal_pwr.o
HAL_PWR_DeInit                                    build/stm32f4xx_hal_pwr.o
HAL_PWR_DisableBkUpAccess                         build/stm32f4xx_hal_pwr.o
HAL_PWR_DisablePVD                                build/stm32f4xx_hal_pwr.o
HAL_PWR_DisableSEVOnPend                          build/stm32f4xx_hal_pwr.o
HAL_PWR_DisableSleepOnExit                        build/stm32f4xx_hal_pwr.o
HAL_PWR_DisableWakeUpPin                          build/stm32f4xx_hal_pwr.o
HAL_PWR_EnableBkUpAccess                          build/stm32f4xx_hal_pwr.o
HAL_PWR_EnablePVD                                 build/stm32f4xx_hal_pwr.o
HAL_PWR_EnableSEVOnPend                           build/stm32f4xx_hal_pwr.o
HAL_PWR_EnableSleepOnExit                         build/stm32f4xx_hal_pwr.o
HAL_PWR_EnableWakeUpPin                           build/stm32f4xx_hal_pwr.o
HAL_PWR_EnterSLEEPMode                            build/stm32f4xx_hal_pwr.o
HAL_PWR_EnterSTANDBYMode                          build/stm32f4xx_hal_pwr.o
HAL_PWR_EnterSTOPMode                             build/stm32f4xx_hal_pwr.o
HAL_PWR_PVDCallback                               build/stm32f4xx_hal_pwr.o
HAL_PWR_PVD_IRQHandler                            build/stm32f4xx_hal_pwr.o
HAL_RCCEx_DisablePLLI2S                           build/stm32f4xx_hal_rcc_ex.o
HAL_RCCEx_DisablePLLSAI                           build/stm32f4xx_hal_rcc_ex.o
HAL_RCCEx_EnablePLLI2S                            build/stm32f4xx_hal_rcc_ex.o
HAL_RCCEx_EnablePLLSAI                            build/stm32f4xx_hal_rcc_ex.o
HAL_RCCEx_GetPeriphCLKConfig                      build/stm32f4xx_hal_rcc_ex.o
HAL_RCCEx_GetPeriphCLKFreq                        build/stm32f4xx_hal_rcc_ex.o
HAL_RCCEx_PeriphCLKConfig                         build/stm32f4xx_hal_rcc_ex.o
HAL_RCC_CSSCallback                               build/stm32f4xx_hal_rcc.o
HAL_RCC_ClockConfig                               build/stm32f4xx_hal_rcc.o
                                                  build/main.o
HAL_RCC_DeInit                                    build/stm32f4xx_hal_rcc_ex.o
                                                  build/stm32f4xx_hal_rcc.o
HAL_RCC_DisableCSS                                build/stm32f4xx_hal_rcc.o
HAL_RCC_EnableCSS                                 build/stm32f4xx_hal_rcc.o
HAL_RCC_GetClockConfig                            build/stm32f4xx_hal_rcc.o
HAL_RCC_GetHCLKFreq                               build/stm32f4xx_hal_rcc.o
HAL_RCC_GetOscConfig                              build/stm32f4xx_hal_rcc.o
HAL_RCC_GetPCLK1Freq                              build/stm32f4xx_hal_rcc.o
HAL_RCC_GetPCLK2Freq                              build/stm32f4xx_hal_rcc.o
HAL_RCC_GetSysClockFreq                           build/stm32f4xx_hal_rcc.o
HAL_RCC_MCOConfig                                 build/stm32f4xx_hal_rcc.o
HAL_RCC_NMI_IRQHandler                            build/stm32f4xx_hal_rcc.o
HAL_RCC_OscConfig                                 build/stm32f4xx_hal_rcc.o
                                                  build/main.o
HAL_ResumeTick                                    build/stm32f4xx_hal.o
HAL_SYSTICK_CLKSourceConfig                       build/stm32f4xx_hal_cortex.o
HAL_SYSTICK_Callback                              build/stm32f4xx_hal_cortex.o
HAL_SYSTICK_Config                                build/stm32f4xx_hal_cortex.o
                                                  build/stm32f4xx_hal.o
HAL_SYSTICK_IRQHandler                            build/stm32f4xx_hal_cortex.o
HAL_SetTickFreq                                   build/stm32f4xx_hal.o
HAL_SuspendTick                                   build/stm32f4xx_hal.o
HASH_RNG_IRQHandler                               build/startup_stm32f439xx.o
HardFault_Handler                                 build/stm32f4xx_it.o
I2C1_ER_IRQHandler                                build/startup_stm32f439xx.o
I2C1_EV_IRQHandler                                build/startup_stm32f439xx.o
I2C2_ER_IRQHandler                                build/startup_stm32f439xx.o
I2C2_EV_IRQHandler                                build/startup_stm32f439xx.o
I2C3_ER_IRQHandler                                build/startup_stm32f439xx.o
I2C3_EV_IRQHandler                                build/startup_stm32f439xx.o
LTDC_ER_IRQHandler                                build/startup_stm32f439xx.o
LTDC_IRQHandler                                   build/startup_stm32f439xx.o
MemManage_Handler                                 build/stm32f4xx_it.o
NMI_Handler                                       build/stm32f4xx_it.o
OTG_FS_IRQHandler                                 build/startup_stm32f439xx.o
OTG_FS_WKUP_IRQHandler                            build/startup_stm32f439xx.o
OTG_HS_EP1_IN_IRQHandler                          build/startup_stm32f439xx.o
OTG_HS_EP1_OUT_IRQHandler                         build/startup_stm32f439xx.o
OTG_HS_IRQHandler                                 build/startup_stm32f439xx.o
OTG_HS_WKUP_IRQHandler                            build/startup_stm32f439xx.o
PVD_IRQHandler                                    build/startup_stm32f439xx.o
PendSV_Handler                                    build/port.o
RCC_IRQHandler                                    build/startup_stm32f439xx.o
RTC_Alarm_IRQHandler                              build/startup_stm32f439xx.o
RTC_WKUP_IRQHandler                               build/startup_stm32f439xx.o
Reset_Handler                                     build/startup_stm32f439xx.o
SAI1_IRQHandler                                   build/startup_stm32f439xx.o
SDIO_IRQHandler                                   build/startup_stm32f439xx.o
SPI1_IRQHandler                                   build/startup_stm32f439xx.o
SPI2_IRQHandler                                   build/startup_stm32f439xx.o
SPI3_IRQHandler                                   build/startup_stm32f439xx.o
SPI4_IRQHandler                                   build/startup_stm32f439xx.o
SPI5_IRQHandler                                   build/startup_stm32f439xx.o
SPI6_IRQHandler                                   build/startup_stm32f439xx.o
SVC_Handler                                       build/port.o
StartDefaultTask                                  build/main.o
SysTick_Handler                                   build/stm32f4xx_it.o
SystemClock_Config                                build/main.o
SystemCoreClock                                   build/system_stm32f4xx.o
                                                  build/port.o
                                                  build/cmsis_os2.o
                                                  build/stm32f4xx_hal.o
                                                  build/stm32f4xx_hal_dma.o
                                                  build/stm32f4xx_hal_rcc_ex.o
                                                  build/stm32f4xx_hal_rcc.o
SystemCoreClockUpdate                             build/system_stm32f4xx.o
SystemInit                                        build/system_stm32f4xx.o
                                                  build/startup_stm32f439xx.o
TAMP_STAMP_IRQHandler                             build/startup_stm32f439xx.o
TIM1_BRK_TIM9_IRQHandler                          build/startup_stm32f439xx.o
TIM1_CC_IRQHandler                                build/startup_stm32f439xx.o
TIM1_TRG_COM_TIM11_IRQHandler                     build/startup_stm32f439xx.o
TIM1_UP_TIM10_IRQHandler                          build/startup_stm32f439xx.o
TIM2_IRQHandler                                   build/startup_stm32f439xx.o
TIM3_IRQHandler                                   build/startup_stm32f439xx.o
TIM4_IRQHandler                                   build/startup_stm32f439xx.o
TIM5_IRQHandler                                   build/startup_stm32f439xx.o
TIM6_DAC_IRQHandler                               build/startup_stm32f439xx.o
TIM7_IRQHandler                                   build/startup_stm32f439xx.o
TIM8_BRK_TIM12_IRQHandler                         build/startup_stm32f439xx.o
TIM8_CC_IRQHandler                                build/startup_stm32f439xx.o
TIM8_TRG_COM_TIM14_IRQHandler                     build/startup_stm32f439xx.o
TIM8_UP_TIM13_IRQHandler                          build/startup_stm32f439xx.o
UART4_IRQHandler                                  build/startup_stm32f439xx.o
UART5_IRQHandler                                  build/startup_stm32f439xx.o
UART7_IRQHandler                                  build/startup_stm32f439xx.o
UART8_IRQHandler                                  build/startup_stm32f439xx.o
USART1_IRQHandler                                 build/startup_stm32f439xx.o
USART2_IRQHandler                                 build/startup_stm32f439xx.o
USART3_IRQHandler                                 build/startup_stm32f439xx.o
USART6_IRQHandler                                 build/startup_stm32f439xx.o
UsageFault_Handler                                build/stm32f4xx_it.o
WWDG_IRQHandler                                   build/startup_stm32f439xx.o
_ITM_deregisterTMCloneTable                       /Applications/ArmGNUToolchain/15.2.rel1/arm-none-eabi/bin/../lib/gcc/arm-none-eabi/15.2.1/thumb/v7e-m+fp/hard/crtbegin.o
_ITM_registerTMCloneTable                         /Applications/ArmGNUToolchain/15.2.rel1/arm-none-eabi/bin/../lib/gcc/arm-none-eabi/15.2.1/thumb/v7e-m+fp/hard/crtbegin.o
_Min_Stack_Size                                   build/sysmem.o
__TMC_END__                                       /Applications/ArmGNUToolchain/15.2.rel1/arm-none-eabi/bin/../lib/gcc/arm-none-eabi/15.2.1/thumb/v7e-m+fp/hard/crtend.o
                                                  /Applications/ArmGNUToolchain/15.2.rel1/arm-none-eabi/bin/../lib/gcc/arm-none-eabi/15.2.1/thumb/v7e-m+fp/hard/crtbegin.o
__aeabi_idiv0                                     /Applications/ArmGNUToolchain/15.2.rel1/arm-none-eabi/bin/../lib/gcc/arm-none-eabi/15.2.1/thumb/v7e-m+fp/hard/libgcc.a(_dvmd_tls.o)
__aeabi_ldiv0                                     /Applications/ArmGNUToolchain/15.2.rel1/arm-none-eabi/bin/../lib/gcc/arm-none-eabi/15.2.1/thumb/v7e-m+fp/hard/libgcc.a(_dvmd_tls.o)
                                                  /Applications/ArmGNUToolchain/15.2.rel1/arm-none-eabi/bin/../lib/gcc/arm-none-eabi/15.2.1/thumb/v7e-m+fp/hard/libgcc.a(_aeabi_uldivmod.o)
__aeabi_uldivmod                                  /Applications/ArmGNUToolchain/15.2.rel1/arm-none-eabi/bin/../lib/gcc/arm-none-eabi/15.2.1/thumb/v7e-m+fp/hard/libgcc.a(_aeabi_uldivmod.o)
                                                  build/stm32f4xx_hal_rcc.o
__bss_end__                                       /Applications/ArmGNUToolchain/15.2.rel1/arm-none-eabi/bin/../lib/gcc/arm-none-eabi/15.2.1/../../../../arm-none-eabi/lib/thumb/v7e-m+fp/hard/crt0.o
__bss_start__                                     /Applications/ArmGNUToolchain/15.2.rel1/arm-none-eabi/bin/../lib/gcc/arm-none-eabi/15.2.1/../../../../arm-none-eabi/lib/thumb/v7e-m+fp/hard/crt0.o
__call_exitprocs                                  /Applications/ArmGNUToolchain/15.2.rel1/arm-none-eabi/bin/../lib/gcc/arm-none-eabi/15.2.1/../../../../arm-none-eabi/lib/thumb/v7e-m+fp/hard/libc_nano.a(libc_a-exit.o)
__deregister_frame_info                           /Applications/ArmGNUToolchain/15.2.rel1/arm-none-eabi/bin/../lib/gcc/arm-none-eabi/15.2.1/thumb/v7e-m+fp/hard/crtbegin.o
__dso_handle                                      /Applications/ArmGNUToolchain/15.2.rel1/arm-none-eabi/bin/../lib/gcc/arm-none-eabi/15.2.1/thumb/v7e-m+fp/hard/crtbegin.o
__env                                             build/syscalls.o
__errno                                           /Applications/ArmGNUToolchain/15.2.rel1/arm-none-eabi/bin/../lib/gcc/arm-none-eabi/15.2.1/../../../../arm-none-eabi/lib/thumb/v7e-m+fp/hard/libc_nano.a(libc_a-errno.o)
                                                  build/syscalls.o
                                                  build/sysmem.o
__fp_lock_all                                     /Applications/ArmGNUToolchain/15.2.rel1/arm-none-eabi/bin/../lib/gcc/arm-none-eabi/15.2.1/../../../../arm-none-eabi/lib/thumb/v7e-m+fp/hard/libc_nano.a(libc_a-findfp.o)
__fp_unlock_all                                   /Applications/ArmGNUToolchain/15.2.rel1/arm-none-eabi/bin/../lib/gcc/arm-none-eabi/15.2.1/../../../../arm-none-eabi/lib/thumb/v7e-m+fp/hard/libc_nano.a(libc_a-findfp.o)
__init_array_end                                  /Applications/ArmGNUToolchain/15.2.rel1/arm-none-eabi/bin/../lib/gcc/arm-none-eabi/15.2.1/../../../../arm-none-eabi/lib/thumb/v7e-m+fp/hard/libc_nano.a(libc_a-init.o)
__init_array_start                                /Applications/ArmGNUToolchain/15.2.rel1/arm-none-eabi/bin/../lib/gcc/arm-none-eabi/15.2.1/../../../../arm-none-eabi/lib/thumb/v7e-m+fp/hard/libc_nano.a(libc_a-init.o)
__io_getchar                                      build/syscalls.o
__io_putchar                                      build/syscalls.o
__libc_fini_array                                 /Applications/ArmGNUToolchain/15.2.rel1/arm-none-eabi/bin/../lib/gcc/arm-none-eabi/15.2.1/../../../../arm-none-eabi/lib/thumb/v7e-m+fp/hard/crt0.o
__libc_init_array                                 /Applications/ArmGNUToolchain/15.2.rel1/arm-none-eabi/bin/../lib/gcc/arm-none-eabi/15.2.1/../../../../arm-none-eabi/lib/thumb/v7e-m+fp/hard/libc_nano.a(libc_a-init.o)
                                                  build/startup_stm32f439xx.o
                                                  /Applications/ArmGNUToolchain/15.2.rel1/arm-none-eabi/bin/../lib/gcc/arm-none-eabi/15.2.1/../../../../arm-none-eabi/lib/thumb/v7e-m+fp/hard/crt0.o
__lock___arc4random_mutex                         /Applications/ArmGNUToolchain/15.2.rel1/arm-none-eabi/bin/../lib/gcc/arm-none-eabi/15.2.1/../../../../arm-none-eabi/lib/thumb/v7e-m+fp/hard/libc_nano.a(libc_a-lock.o)
__lock___at_quick_exit_mutex                      /Applications/ArmGNUToolchain/15.2.rel1/arm-none-eabi/bin/../lib/gcc/arm-none-eabi/15.2.1/../../../../arm-none-eabi/lib/thumb/v7e-m+fp/hard/libc_nano.a(libc_a-lock.o)
__lock___atexit_recursive_mutex                   /Applications/ArmGNUToolchain/15.2.rel1/arm-none-eabi/bin/../lib/gcc/arm-none-eabi/15.2.1/../../../../arm-none-eabi/lib/thumb/v7e-m+fp/hard/libc_nano.a(libc_a-lock.o)
__lock___dd_hash_mutex                            /Applications/ArmGNUToolchain/15.2.rel1/arm-none-eabi/bin/../lib/gcc/arm-none-eabi/15.2.1/../../../../arm-none-eabi/lib/thumb/v7e-m+fp/hard/libc_nano.a(libc_a-lock.o)
__lock___env_recursive_mutex                      /Applications/ArmGNUToolchain/15.2.rel1/arm-none-eabi/bin/../lib/gcc/arm-none-eabi/15.2.1/../../../../arm-none-eabi/lib/thumb/v7e-m+fp/hard/libc_nano.a(libc_a-lock.o)
__lock___malloc_recursive_mutex                   /Applications/ArmGNUToolchain/15.2.rel1/arm-none-eabi/bin/../lib/gcc/arm-none-eabi/15.2.1/../../../../arm-none-eabi/lib/thumb/v7e-m+fp/hard/libc_nano.a(libc_a-lock.o)
                                                  /Applications/ArmGNUToolchain/15.2.rel1/arm-none-eabi/bin/../lib/gcc/arm-none-eabi/15.2.1/../../../../arm-none-eabi/lib/thumb/v7e-m+fp/hard/libc_nano.a(libc_a-mlock.o)
__lock___sfp_recursive_mutex                      /Applications/ArmGNUToolchain/15.2.rel1/arm-none-eabi/bin/../lib/gcc/arm-none-eabi/15.2.1/../../../../arm-none-eabi/lib/thumb/v7e-m+fp/hard/libc_nano.a(libc_a-lock.o)
                                                  /Applications/ArmGNUToolchain/15.2.rel1/arm-none-eabi/bin/../lib/gcc/arm-none-eabi/15.2.1/../../../../arm-none-eabi/lib/thumb/v7e-m+fp/hard/libc_nano.a(libc_a-findfp.o)
__lock___tz_mutex                                 /Applications/ArmGNUToolchain/15.2.rel1/arm-none-eabi/bin/../lib/gcc/arm-none-eabi/15.2.1/../../../../arm-none-eabi/lib/thumb/v7e-m+fp/hard/libc_nano.a(libc_a-lock.o)
__malloc_free_list                                /Applications/ArmGNUToolchain/15.2.rel1/arm-none-eabi/bin/../lib/gcc/arm-none-eabi/15.2.1/../../../../arm-none-eabi/lib/thumb/v7e-m+fp/hard/libc_nano.a(libc_a-mallocr.o)
                                                  /Applications/ArmGNUToolchain/15.2.rel1/arm-none-eabi/bin/../lib/gcc/arm-none-eabi/15.2.1/../../../../arm-none-eabi/lib/thumb/v7e-m+fp/hard/libc_nano.a(libc_a-freer.o)
__malloc_lock                                     /Applications/ArmGNUToolchain/15.2.rel1/arm-none-eabi/bin/../lib/gcc/arm-none-eabi/15.2.1/../../../../arm-none-eabi/lib/thumb/v7e-m+fp/hard/libc_nano.a(libc_a-mlock.o)
                                                  /Applications/ArmGNUToolchain/15.2.rel1/arm-none-eabi/bin/../lib/gcc/arm-none-eabi/15.2.1/../../../../arm-none-eabi/lib/thumb/v7e-m+fp/hard/libc_nano.a(libc_a-freer.o)
                                                  /Applications/ArmGNUToolchain/15.2.rel1/arm-none-eabi/bin/../lib/gcc/arm-none-eabi/15.2.1/../../../../arm-none-eabi/lib/thumb/v7e-m+fp/hard/libc_nano.a(libc_a-mallocr.o)
__malloc_sbrk_start                               /Applications/ArmGNUToolchain/15.2.rel1/arm-none-eabi/bin/../lib/gcc/arm-none-eabi/15.2.1/../../../../arm-none-eabi/lib/thumb/v7e-m+fp/hard/libc_nano.a(libc_a-mallocr.o)
__malloc_unlock                                   /Applications/ArmGNUToolchain/15.2.rel1/arm-none-eabi/bin/../lib/gcc/arm-none-eabi/15.2.1/../../../../arm-none-eabi/lib/thumb/v7e-m+fp/hard/libc_nano.a(libc_a-mlock.o)
                                                  /Applications/ArmGNUToolchain/15.2.rel1/arm-none-eabi/bin/../lib/gcc/arm-none-eabi/15.2.1/../../../../arm-none-eabi/lib/thumb/v7e-m+fp/hard/libc_nano.a(libc_a-freer.o)
                                                  /Applications/ArmGNUToolchain/15.2.rel1/arm-none-eabi/bin/../lib/gcc/arm-none-eabi/15.2.1/../../../../arm-none-eabi/lib/thumb/v7e-m+fp/hard/libc_nano.a(libc_a-mallocr.o)
__preinit_array_end                               /Applications/ArmGNUToolchain/15.2.rel1/arm-none-eabi/bin/../lib/gcc/arm-none-eabi/15.2.1/../../../../arm-none-eabi/lib/thumb/v7e-m+fp/hard/libc_nano.a(libc_a-init.o)
__preinit_array_start                             /Applications/ArmGNUToolchain/15.2.rel1/arm-none-eabi/bin/../lib/gcc/arm-none-eabi/15.2.1/../../../../arm-none-eabi/lib/thumb/v7e-m+fp/hard/libc_nano.a(libc_a-init.o)
__register_frame_info                             /Applications/ArmGNUToolchain/15.2.rel1/arm-none-eabi/bin/../lib/gcc/arm-none-eabi/15.2.1/thumb/v7e-m+fp/hard/crtbegin.o
__retarget_lock_acquire                           /Applications/ArmGNUToolchain/15.2.rel1/arm-none-eabi/bin/../lib/gcc/arm-none-eabi/15.2.1/../../../../arm-none-eabi/lib/thumb/v7e-m+fp/hard/libc_nano.a(libc_a-lock.o)
__retarget_lock_acquire_recursive                 /Applications/ArmGNUToolchain/15.2.rel1/arm-none-eabi/bin/../lib/gcc/arm-none-eabi/15.2.1/../../../../arm-none-eabi/lib/thumb/v7e-m+fp/hard/libc_nano.a(libc_a-lock.o)
                                                  /Applications/ArmGNUToolchain/15.2.rel1/arm-none-eabi/bin/../lib/gcc/arm-none-eabi/15.2.1/../../../../arm-none-eabi/lib/thumb/v7e-m+fp/hard/libc_nano.a(libc_a-fflush.o)
                                                  /Applications/ArmGNUToolchain/15.2.rel1/arm-none-eabi/bin/../lib/gcc/arm-none-eabi/15.2.1/../../../../arm-none-eabi/lib/thumb/v7e-m+fp/hard/libc_nano.a(libc_a-mlock.o)
                                                  /Applications/ArmGNUToolchain/15.2.rel1/arm-none-eabi/bin/../lib/gcc/arm-none-eabi/15.2.1/../../../../arm-none-eabi/lib/thumb/v7e-m+fp/hard/libc_nano.a(libc_a-findfp.o)
__retarget_lock_close                             /Applications/ArmGNUToolchain/15.2.rel1/arm-none-eabi/bin/../lib/gcc/arm-none-eabi/15.2.1/../../../../arm-none-eabi/lib/thumb/v7e-m+fp/hard/libc_nano.a(libc_a-lock.o)
__retarget_lock_close_recursive                   /Applications/ArmGNUToolchain/15.2.rel1/arm-none-eabi/bin/../lib/gcc/arm-none-eabi/15.2.1/../../../../arm-none-eabi/lib/thumb/v7e-m+fp/hard/libc_nano.a(libc_a-lock.o)
__retarget_lock_init                              /Applications/ArmGNUToolchain/15.2.rel1/arm-none-eabi/bin/../lib/gcc/arm-none-eabi/15.2.1/../../../../arm-none-eabi/lib/thumb/v7e-m+fp/hard/libc_nano.a(libc_a-lock.o)
__retarget_lock_init_recursive                    /Applications/ArmGNUToolchain/15.2.rel1/arm-none-eabi/bin/../lib/gcc/arm-none-eabi/15.2.1/../../../../arm-none-eabi/lib/thumb/v7e-m+fp/hard/libc_nano.a(libc_a-lock.o)
                                                  /Applications/ArmGNUToolchain/15.2.rel1/arm-none-eabi/bin/../lib/gcc/arm-none-eabi/15.2.1/../../../../arm-none-eabi/lib/thumb/v7e-m+fp/hard/libc_nano.a(libc_a-findfp.o)
__retarget_lock_release                           /Applications/ArmGNUToolchain/15.2.rel1/arm-none-eabi/bin/../lib/gcc/arm-none-eabi/15.2.1/../../../../arm-none-eabi/lib/thumb/v7e-m+fp/hard/libc_nano.a(libc_a-lock.o)
__retarget_lock_release_recursive                 /Applications/ArmGNUToolchain/15.2.rel1/arm-none-eabi/bin/../lib/gcc/arm-none-eabi/15.2.1/../../../../arm-none-eabi/lib/thumb/v7e-m+fp/hard/libc_nano.a(libc_a-lock.o)
                                                  /Applications/ArmGNUToolchain/15.2.rel1/arm-none-eabi/bin/../lib/gcc/arm-none-eabi/15.2.1/../../../../arm-none-eabi/lib/thumb/v7e-m+fp/hard/libc_nano.a(libc_a-fflush.o)
                                                  /Applications/ArmGNUToolchain/15.2.rel1/arm-none-eabi/bin/../lib/gcc/arm-none-eabi/15.2.1/../../../../arm-none-eabi/lib/thumb/v7e-m+fp/hard/libc_nano.a(libc_a-mlock.o)
                                                  /Applications/ArmGNUToolchain/15.2.rel1/arm-none-eabi/bin/../lib/gcc/arm-none-eabi/15.2.1/../../../../arm-none-eabi/lib/thumb/v7e-m+fp/hard/libc_nano.a(libc_a-findfp.o)
__retarget_lock_try_acquire                       /Applications/ArmGNUToolchain/15.2.rel1/arm-none-eabi/bin/../lib/gcc/arm-none-eabi/15.2.1/../../../../arm-none-eabi/lib/thumb/v7e-m+fp/hard/libc_nano.a(libc_a-lock.o)
__retarget_lock_try_acquire_recursive             /Applications/ArmGNUToolchain/15.2.rel1/arm-none-eabi/bin/../lib/gcc/arm-none-eabi/15.2.1/../../../../arm-none-eabi/lib/thumb/v7e-m+fp/hard/libc_nano.a(libc_a-lock.o)
__sclose                                          /Applications/ArmGNUToolchain/15.2.rel1/arm-none-eabi/bin/../lib/gcc/arm-none-eabi/15.2.1/../../../../arm-none-eabi/lib/thumb/v7e-m+fp/hard/libc_nano.a(libc_a-stdio.o)
                                                  /Applications/ArmGNUToolchain/15.2.rel1/arm-none-eabi/bin/../lib/gcc/arm-none-eabi/15.2.1/../../../../arm-none-eabi/lib/thumb/v7e-m+fp/hard/libc_nano.a(libc_a-findfp.o)
__seofread                                        /Applications/ArmGNUToolchain/15.2.rel1/arm-none-eabi/bin/../lib/gcc/arm-none-eabi/15.2.1/../../../../arm-none-eabi/lib/thumb/v7e-m+fp/hard/libc_nano.a(libc_a-stdio.o)
__sf                                              /Applications/ArmGNUToolchain/15.2.rel1/arm-none-eabi/bin/../lib/gcc/arm-none-eabi/15.2.1/../../../../arm-none-eabi/lib/thumb/v7e-m+fp/hard/libc_nano.a(libc_a-findfp.o)
                                                  /Applications/ArmGNUToolchain/15.2.rel1/arm-none-eabi/bin/../lib/gcc/arm-none-eabi/15.2.1/../../../../arm-none-eabi/lib/thumb/v7e-m+fp/hard/libc_nano.a(libc_a-impure.o)
__sflush_r                                        /Applications/ArmGNUToolchain/15.2.rel1/arm-none-eabi/bin/../lib/gcc/arm-none-eabi/15.2.1/../../../../arm-none-eabi/lib/thumb/v7e-m+fp/hard/libc_nano.a(libc_a-fflush.o)
__sfp                                             /Applications/ArmGNUToolchain/15.2.rel1/arm-none-eabi/bin/../lib/gcc/arm-none-eabi/15.2.1/../../../../arm-none-eabi/lib/thumb/v7e-m+fp/hard/libc_nano.a(libc_a-findfp.o)
__sfp_lock_acquire                                /Applications/ArmGNUToolchain/15.2.rel1/arm-none-eabi/bin/../lib/gcc/arm-none-eabi/15.2.1/../../../../arm-none-eabi/lib/thumb/v7e-m+fp/hard/libc_nano.a(libc_a-findfp.o)
__sfp_lock_release                                /Applications/ArmGNUToolchain/15.2.rel1/arm-none-eabi/bin/../lib/gcc/arm-none-eabi/15.2.1/../../../../arm-none-eabi/lib/thumb/v7e-m+fp/hard/libc_nano.a(libc_a-findfp.o)
__sglue                                           /Applications/ArmGNUToolchain/15.2.rel1/arm-none-eabi/bin/../lib/gcc/arm-none-eabi/15.2.1/../../../../arm-none-eabi/lib/thumb/v7e-m+fp/hard/libc_nano.a(libc_a-findfp.o)
                                                  /Applications/ArmGNUToolchain/15.2.rel1/arm-none-eabi/bin/../lib/gcc/arm-none-eabi/15.2.1/../../../../arm-none-eabi/lib/thumb/v7e-m+fp/hard/libc_nano.a(libc_a-fflush.o)
__sinit                                           /Applications/ArmGNUToolchain/15.2.rel1/arm-none-eabi/bin/../lib/gcc/arm-none-eabi/15.2.1/../../../../arm-none-eabi/lib/thumb/v7e-m+fp/hard/libc_nano.a(libc_a-findfp.o)
                                                  /Applications/ArmGNUToolchain/15.2.rel1/arm-none-eabi/bin/../lib/gcc/arm-none-eabi/15.2.1/../../../../arm-none-eabi/lib/thumb/v7e-m+fp/hard/libc_nano.a(libc_a-fflush.o)
__sread                                           /Applications/ArmGNUToolchain/15.2.rel1/arm-none-eabi/bin/../lib/gcc/arm-none-eabi/15.2.1/../../../../arm-none-eabi/lib/thumb/v7e-m+fp/hard/libc_nano.a(libc_a-stdio.o)
                                                  /Applications/ArmGNUToolchain/15.2.rel1/arm-none-eabi/bin/../lib/gcc/arm-none-eabi/15.2.1/../../../../arm-none-eabi/lib/thumb/v7e-m+fp/hard/libc_nano.a(libc_a-findfp.o)
__sseek                                           /Applications/ArmGNUToolchain/15.2.rel1/arm-none-eabi/bin/../lib/gcc/arm-none-eabi/15.2.1/../../../../arm-none-eabi/lib/thumb/v7e-m+fp/hard/libc_nano.a(libc_a-stdio.o)
                                                  /Applications/ArmGNUToolchain/15.2.rel1/arm-none-eabi/bin/../lib/gcc/arm-none-eabi/15.2.1/../../../../arm-none-eabi/lib/thumb/v7e-m+fp/hard/libc_nano.a(libc_a-findfp.o)
__stack                                           /Applications/ArmGNUToolchain/15.2.rel1/arm-none-eabi/bin/../lib/gcc/arm-none-eabi/15.2.1/../../../../arm-none-eabi/lib/thumb/v7e-m+fp/hard/crt0.o
__stdio_exit_handler                              /Applications/ArmGNUToolchain/15.2.rel1/arm-none-eabi/bin/../lib/gcc/arm-none-eabi/15.2.1/../../../../arm-none-eabi/lib/thumb/v7e-m+fp/hard/libc_nano.a(libc_a-findfp.o)
                                                  /Applications/ArmGNUToolchain/15.2.rel1/arm-none-eabi/bin/../lib/gcc/arm-none-eabi/15.2.1/../../../../arm-none-eabi/lib/thumb/v7e-m+fp/hard/libc_nano.a(libc_a-exit.o)
__swrite                                          /Applications/ArmGNUToolchain/15.2.rel1/arm-none-eabi/bin/../lib/gcc/arm-none-eabi/15.2.1/../../../../arm-none-eabi/lib/thumb/v7e-m+fp/hard/libc_nano.a(libc_a-stdio.o)
                                                  /Applications/ArmGNUToolchain/15.2.rel1/arm-none-eabi/bin/../lib/gcc/arm-none-eabi/15.2.1/../../../../arm-none-eabi/lib/thumb/v7e-m+fp/hard/libc_nano.a(libc_a-findfp.o)
__udivmoddi4                                      /Applications/ArmGNUToolchain/15.2.rel1/arm-none-eabi/bin/../lib/gcc/arm-none-eabi/15.2.1/thumb/v7e-m+fp/hard/libgcc.a(_udivmoddi4.o)
                                                  /Applications/ArmGNUToolchain/15.2.rel1/arm-none-eabi/bin/../lib/gcc/arm-none-eabi/15.2.1/thumb/v7e-m+fp/hard/libgcc.a(_aeabi_uldivmod.o)
_close                                            build/syscalls.o
                                                  /Applications/ArmGNUToolchain/15.2.rel1/arm-none-eabi/bin/../lib/gcc/arm-none-eabi/15.2.1/../../../../arm-none-eabi/lib/thumb/v7e-m+fp/hard/libc_nano.a(libc_a-closer.o)
_close_r                                          /Applications/ArmGNUToolchain/15.2.rel1/arm-none-eabi/bin/../lib/gcc/arm-none-eabi/15.2.1/../../../../arm-none-eabi/lib/thumb/v7e-m+fp/hard/libc_nano.a(libc_a-closer.o)
                                                  /Applications/ArmGNUToolchain/15.2.rel1/arm-none-eabi/bin/../lib/gcc/arm-none-eabi/15.2.1/../../../../arm-none-eabi/lib/thumb/v7e-m+fp/hard/libc_nano.a(libc_a-stdio.o)
_ebss                                             build/startup_stm32f439xx.o
_edata                                            build/startup_stm32f439xx.o
_end                                              build/sysmem.o
_estack                                           build/startup_stm32f439xx.o
                                                  build/sysmem.o